09-28 19:53:37.398   874   874 D VibratorService.qti: play mCurrEffectId -1, mCurrMagnitude 0x5fff, mVibraFd 7, timeoutMs 0, mPlayLengthMs 0
09-28 19:53:37.398   874   874 D VibratorService.qti: play Status::OK
09-28 19:53:37.398   874   874 D VibratorService.qti: perform effect 0, es 1
09-28 19:53:37.399   874   874 D VibratorService.qti: play mCurrEffectId 0, mCurrMagnitude 0x5fff, mVibraFd 7, timeoutMs -1, mPlayLengthMs 0
09-28 19:53:37.399   874   874 D VibratorService.qti: play mCurrAppId 0, mPlayLengthMs 40, data: 0 0 40
09-28 19:53:37.399   874   874 D VibratorService.qti: play Status::OK
09-28 19:53:37.440   874   874 D VibratorService.qti: play mCurrEffectId -1, mCurrMagnitude 0x5fff, mVibraFd 7, timeoutMs 0, mPlayLengthMs 40
09-28 19:53:37.440   874   874 D VibratorService.qti: play Status::OK
09-28 19:53:37.566   821  3381 W libperfmgr: Failed to write to node: /dev/stune/top-app/schedtune.prefer_high_cap with value: 1, fd: -1
09-28 19:53:37.566   821  3381 W libperfmgr: Failed to write to node: /proc/sys/kernel/sched_energy_aware with value: 1, fd: -1
09-28 19:53:37.720   874   874 D VibratorService.qti: play mCurrEffectId -1, mCurrMagnitude 0x5fff, mVibraFd 7, timeoutMs 0, mPlayLengthMs 0
09-28 19:53:37.721   874   874 D VibratorService.qti: play Status::OK
09-28 19:53:37.721   874   874 D VibratorService.qti: perform effect 0, es 1
09-28 19:53:37.721   874   874 D VibratorService.qti: play mCurrEffectId 0, mCurrMagnitude 0x5fff, mVibraFd 7, timeoutMs -1, mPlayLengthMs 0
09-28 19:53:37.721   874   874 D VibratorService.qti: play mCurrAppId 0, mPlayLengthMs 40, data: 0 0 40
09-28 19:53:37.721   874   874 D VibratorService.qti: play Status::OK
09-28 19:53:37.763   874   874 D VibratorService.qti: play mCurrEffectId -1, mCurrMagnitude 0x5fff, mVibraFd 7, timeoutMs 0, mPlayLengthMs 40
09-28 19:53:37.763   874   874 D VibratorService.qti: play Status::OK
09-28 19:53:38.067   821  3381 W libperfmgr: Failed to write to node: /dev/stune/top-app/schedtune.prefer_high_cap with value: 1, fd: -1
09-28 19:53:38.068   821  3381 W libperfmgr: Failed to write to node: /proc/sys/kernel/sched_energy_aware with value: 1, fd: -1
09-28 19:53:38.570   821  3381 W libperfmgr: Failed to write to node: /dev/stune/top-app/schedtune.prefer_high_cap with value: 1, fd: -1
09-28 19:53:38.571   821  3381 W libperfmgr: Failed to write to node: /proc/sys/kernel/sched_energy_aware with value: 1, fd: -1
09-28 19:53:38.601   874   874 D VibratorService.qti: play mCurrEffectId -1, mCurrMagnitude 0x5fff, mVibraFd 7, timeoutMs 0, mPlayLengthMs 0
09-28 19:53:38.601   874   874 D VibratorService.qti: play Status::OK
09-28 19:53:38.602   874   874 D VibratorService.qti: perform effect 0, es 1
09-28 19:53:38.602   874   874 D VibratorService.qti: play mCurrEffectId 0, mCurrMagnitude 0x5fff, mVibraFd 7, timeoutMs -1, mPlayLengthMs 0
09-28 19:53:38.602   874   874 D VibratorService.qti: play mCurrAppId 0, mPlayLengthMs 40, data: 0 0 40
09-28 19:53:38.602   874   874 D VibratorService.qti: play Status::OK
09-28 19:53:38.643   874   874 D VibratorService.qti: play mCurrEffectId -1, mCurrMagnitude 0x5fff, mVibraFd 7, timeoutMs 0, mPlayLengthMs 40
09-28 19:53:38.643   874   874 D VibratorService.qti: play Status::OK
09-28 19:53:39.071   821  3381 W libperfmgr: Failed to write to node: /dev/stune/top-app/schedtune.prefer_high_cap with value: 1, fd: -1
09-28 19:53:39.071   821  3381 W libperfmgr: Failed to write to node: /proc/sys/kernel/sched_energy_aware with value: 1, fd: -1
09-28 19:53:39.572   821  3381 W libperfmgr: Failed to write to node: /dev/stune/top-app/schedtune.prefer_high_cap with value: 1, fd: -1
09-28 19:53:39.572   821  3381 W libperfmgr: Failed to write to node: /proc/sys/kernel/sched_energy_aware with value: 1, fd: -1
09-28 19:53:40.073   821  3381 W libperfmgr: Failed to write to node: /dev/stune/top-app/schedtune.prefer_high_cap with value: 1, fd: -1
09-28 19:53:40.074   821  3381 W libperfmgr: Failed to write to node: /proc/sys/kernel/sched_energy_aware with value: 1, fd: -1
09-28 19:53:40.242   821  3381 W libperfmgr: Failed to write to node: /dev/stune/top-app/schedtune.prefer_high_cap with value: 0, fd: -1
09-28 19:53:40.242   821  3381 W libperfmgr: Failed to write to node: /proc/sys/kernel/sched_energy_aware with value: 1, fd: -1
09-28 19:53:40.743   821  3381 W libperfmgr: Failed to write to node: /dev/stune/top-app/schedtune.prefer_high_cap with value: 0, fd: -1
09-28 19:53:40.743   821  3381 W libperfmgr: Failed to write to node: /proc/sys/kernel/sched_energy_aware with value: 1, fd: -1
09-28 19:53:40.917  1559  1559 W WindowManager: removeWindowToken: Attempted to remove non-existing token: android.os.Binder@6164ee4
09-28 19:53:41.245   821  3381 W libperfmgr: Failed to write to node: /dev/stune/top-app/schedtune.prefer_high_cap with value: 0, fd: -1
09-28 19:53:41.245   821  3381 W libperfmgr: Failed to write to node: /proc/sys/kernel/sched_energy_aware with value: 1, fd: -1
09-28 19:53:41.748   821  3381 W libperfmgr: Failed to write to node: /dev/stune/top-app/schedtune.prefer_high_cap with value: 0, fd: -1
09-28 19:53:41.748   821  3381 W libperfmgr: Failed to write to node: /proc/sys/kernel/sched_energy_aware with value: 1, fd: -1
09-28 19:53:42.250   821  3381 W libperfmgr: Failed to write to node: /dev/stune/top-app/schedtune.prefer_high_cap with value: 0, fd: -1
09-28 19:53:42.250   821  3381 W libperfmgr: Failed to write to node: /proc/sys/kernel/sched_energy_aware with value: 1, fd: -1
09-28 19:53:42.753   821  3381 W libperfmgr: Failed to write to node: /dev/stune/top-app/schedtune.prefer_high_cap with value: 0, fd: -1
09-28 19:53:42.753   821  3381 W libperfmgr: Failed to write to node: /proc/sys/kernel/sched_energy_aware with value: 1, fd: -1
09-28 19:53:43.089  3624  3624 D BoundBrokerSvc: onUnbind: Intent { act=com.google.firebase.dynamiclinks.service.START pkg=com.google.android.gms }
09-28 19:53:43.257   821  3381 W libperfmgr: Failed to write to node: /dev/stune/top-app/schedtune.prefer_high_cap with value: 0, fd: -1
09-28 19:53:43.257   821  3381 W libperfmgr: Failed to write to node: /proc/sys/kernel/sched_energy_aware with value: 1, fd: -1
09-28 19:53:43.758   821  3381 W libperfmgr: Failed to write to node: /dev/stune/top-app/schedtune.prefer_high_cap with value: 0, fd: -1
09-28 19:53:43.758   821  3381 W libperfmgr: Failed to write to node: /proc/sys/kernel/sched_energy_aware with value: 1, fd: -1
09-28 19:53:44.261   821  3381 W libperfmgr: Failed to write to node: /dev/stune/top-app/schedtune.prefer_high_cap with value: 0, fd: -1
09-28 19:53:44.262   821  3381 W libperfmgr: Failed to write to node: /proc/sys/kernel/sched_energy_aware with value: 1, fd: -1
09-28 19:53:44.765   821  3381 W libperfmgr: Failed to write to node: /dev/stune/top-app/schedtune.prefer_high_cap with value: 0, fd: -1
09-28 19:53:44.766   821  3381 W libperfmgr: Failed to write to node: /proc/sys/kernel/sched_energy_aware with value: 1, fd: -1
09-28 19:53:45.266   821  3381 W libperfmgr: Failed to write to node: /dev/stune/top-app/schedtune.prefer_high_cap with value: 0, fd: -1
09-28 19:53:45.267   821  3381 W libperfmgr: Failed to write to node: /proc/sys/kernel/sched_energy_aware with value: 1, fd: -1
09-28 19:53:45.768   821  3381 W libperfmgr: Failed to write to node: /dev/stune/top-app/schedtune.prefer_high_cap with value: 0, fd: -1
09-28 19:53:45.769   821  3381 W libperfmgr: Failed to write to node: /proc/sys/kernel/sched_energy_aware with value: 1, fd: -1
09-28 19:53:46.272   821  3381 W libperfmgr: Failed to write to node: /dev/stune/top-app/schedtune.prefer_high_cap with value: 0, fd: -1
09-28 19:53:46.272   821  3381 W libperfmgr: Failed to write to node: /proc/sys/kernel/sched_energy_aware with value: 1, fd: -1
09-28 19:53:46.286   821  3381 W libperfmgr: Failed to write to node: /dev/stune/top-app/schedtune.prefer_high_cap with value: 1, fd: -1
09-28 19:53:46.286   821  3381 W libperfmgr: Failed to write to node: /proc/sys/kernel/sched_energy_aware with value: 1, fd: -1
09-28 19:53:46.318   874   874 D VibratorService.qti: play mCurrEffectId -1, mCurrMagnitude 0x5fff, mVibraFd 7, timeoutMs 0, mPlayLengthMs 0
09-28 19:53:46.318   874   874 D VibratorService.qti: play Status::OK
09-28 19:53:46.319   874   874 D VibratorService.qti: perform_1_1 effect 2, es 1
09-28 19:53:46.319   874   874 D VibratorService.qti: play mCurrEffectId 2, mCurrMagnitude 0x5fff, mVibraFd 7, timeoutMs -1, mPlayLengthMs 0
09-28 19:53:46.319   874   874 D VibratorService.qti: play mCurrAppId 0, mPlayLengthMs 40, data: 2 0 40
09-28 19:53:46.319   874   874 D VibratorService.qti: play Status::OK
09-28 19:53:46.358  2334  2334 V RenderScript: User-backed allocation failed stride requirement, falling back to separate allocation
09-28 19:53:46.359  2334  2334 V RenderScript: User-backed allocation failed stride requirement, falling back to separate allocation
09-28 19:53:46.360   874   874 D VibratorService.qti: play mCurrEffectId -1, mCurrMagnitude 0x5fff, mVibraFd 7, timeoutMs 0, mPlayLengthMs 40
09-28 19:53:46.360   874   874 D VibratorService.qti: play Status::OK
09-28 19:53:46.787   821  3381 W libperfmgr: Failed to write to node: /dev/stune/top-app/schedtune.prefer_high_cap with value: 1, fd: -1
09-28 19:53:46.787   821  3381 W libperfmgr: Failed to write to node: /proc/sys/kernel/sched_energy_aware with value: 1, fd: -1
09-28 19:53:47.287   821  3381 W libperfmgr: Failed to write to node: /dev/stune/top-app/schedtune.prefer_high_cap with value: 1, fd: -1
09-28 19:53:47.288   821  3381 W libperfmgr: Failed to write to node: /proc/sys/kernel/sched_energy_aware with value: 1, fd: -1
09-28 19:53:47.789   821  3381 W libperfmgr: Failed to write to node: /dev/stune/top-app/schedtune.prefer_high_cap with value: 1, fd: -1
09-28 19:53:47.789   821  3381 W libperfmgr: Failed to write to node: /proc/sys/kernel/sched_energy_aware with value: 1, fd: -1
09-28 19:53:48.289   821  3381 W libperfmgr: Failed to write to node: /dev/stune/top-app/schedtune.prefer_high_cap with value: 1, fd: -1
09-28 19:53:48.290   821  3381 W libperfmgr: Failed to write to node: /proc/sys/kernel/sched_energy_aware with value: 1, fd: -1
09-28 19:53:48.792   821  3381 W libperfmgr: Failed to write to node: /dev/stune/top-app/schedtune.prefer_high_cap with value: 1, fd: -1
09-28 19:53:48.793   821  3381 W libperfmgr: Failed to write to node: /proc/sys/kernel/sched_energy_aware with value: 1, fd: -1
09-28 19:53:49.296   821  3381 W libperfmgr: Failed to write to node: /dev/stune/top-app/schedtune.prefer_high_cap with value: 1, fd: -1
09-28 19:53:49.296   821  3381 W libperfmgr: Failed to write to node: /proc/sys/kernel/sched_energy_aware with value: 1, fd: -1
09-28 19:53:49.453   821  3381 W libperfmgr: Failed to write to node: /dev/stune/top-app/schedtune.prefer_high_cap with value: 0, fd: -1
09-28 19:53:49.453   821  3381 W libperfmgr: Failed to write to node: /proc/sys/kernel/sched_energy_aware with value: 1, fd: -1
09-28 19:53:49.954   821  3381 W libperfmgr: Failed to write to node: /dev/stune/top-app/schedtune.prefer_high_cap with value: 0, fd: -1
09-28 19:53:49.954   821  3381 W libperfmgr: Failed to write to node: /proc/sys/kernel/sched_energy_aware with value: 1, fd: -1
09-28 19:53:50.455   821  3381 W libperfmgr: Failed to write to node: /dev/stune/top-app/schedtune.prefer_high_cap with value: 0, fd: -1
09-28 19:53:50.456   821  3381 W libperfmgr: Failed to write to node: /proc/sys/kernel/sched_energy_aware with value: 1, fd: -1
09-28 19:53:50.956   821  3381 W libperfmgr: Failed to write to node: /dev/stune/top-app/schedtune.prefer_high_cap with value: 0, fd: -1
09-28 19:53:50.957   821  3381 W libperfmgr: Failed to write to node: /proc/sys/kernel/sched_energy_aware with value: 1, fd: -1
09-28 19:53:51.457   821  3381 W libperfmgr: Failed to write to node: /dev/stune/top-app/schedtune.prefer_high_cap with value: 0, fd: -1
09-28 19:53:51.458   821  3381 W libperfmgr: Failed to write to node: /proc/sys/kernel/sched_energy_aware with value: 1, fd: -1
09-28 19:53:51.959   821  3381 W libperfmgr: Failed to write to node: /dev/stune/top-app/schedtune.prefer_high_cap with value: 0, fd: -1
09-28 19:53:51.959   821  3381 W libperfmgr: Failed to write to node: /proc/sys/kernel/sched_energy_aware with value: 1, fd: -1
09-28 19:53:52.461   821  3381 W libperfmgr: Failed to write to node: /dev/stune/top-app/schedtune.prefer_high_cap with value: 0, fd: -1
09-28 19:53:52.461   821  3381 W libperfmgr: Failed to write to node: /proc/sys/kernel/sched_energy_aware with value: 1, fd: -1
09-28 19:53:52.962   821  3381 W libperfmgr: Failed to write to node: /dev/stune/top-app/schedtune.prefer_high_cap with value: 0, fd: -1
09-28 19:53:52.963   821  3381 W libperfmgr: Failed to write to node: /proc/sys/kernel/sched_energy_aware with value: 1, fd: -1
09-28 19:53:53.464   821  3381 W libperfmgr: Failed to write to node: /dev/stune/top-app/schedtune.prefer_high_cap with value: 0, fd: -1
09-28 19:53:53.464   821  3381 W libperfmgr: Failed to write to node: /proc/sys/kernel/sched_energy_aware with value: 1, fd: -1
09-28 19:53:53.967   821  3381 W libperfmgr: Failed to write to node: /dev/stune/top-app/schedtune.prefer_high_cap with value: 0, fd: -1
09-28 19:53:53.968   821  3381 W libperfmgr: Failed to write to node: /proc/sys/kernel/sched_energy_aware with value: 1, fd: -1
09-28 19:53:54.394   821  3381 W libperfmgr: Failed to write to node: /dev/stune/top-app/schedtune.prefer_high_cap with value: 1, fd: -1
09-28 19:53:54.395   821  3381 W libperfmgr: Failed to write to node: /proc/sys/kernel/sched_energy_aware with value: 1, fd: -1
09-28 19:53:54.403   821   821 D android.hardware.power@1.3-service.xiaomi_sm6250-libperfmgr: LAUNCH: 1
09-28 19:53:54.406   821  3381 W libperfmgr: Failed to write to node: /dev/stune/top-app/schedtune.prefer_high_cap with value: 1, fd: -1
09-28 19:53:54.406   821  3381 W libperfmgr: Failed to write to node: /proc/sys/kernel/sched_energy_aware with value: 0, fd: -1
09-28 19:53:54.406   821   821 D android.hardware.power@1.3-service.xiaomi_sm6250-libperfmgr: LAUNCH: 0
09-28 19:53:54.408  2334  2334 D ImageWallpaper: wallpaper visibility changes to: true
09-28 19:53:54.408   821  3381 W libperfmgr: Failed to write to node: /dev/stune/top-app/schedtune.prefer_high_cap with value: 1, fd: -1
09-28 19:53:54.408   821  3381 W libperfmgr: Failed to write to node: /proc/sys/kernel/sched_energy_aware with value: 1, fd: -1
09-28 19:53:54.412  1559  1559 W ActivityManager: Unable to start service Intent { act=android.service.contentcapture.ContentCaptureService cmp=com.google.android.as/com.google.android.apps.miphone.aiai.app.AiAiContentCaptureService } U=0: not found
09-28 19:53:54.412  1559  1559 W RemoteContentCaptureService: could not bind to Intent { act=android.service.contentcapture.ContentCaptureService cmp=com.google.android.as/com.google.android.apps.miphone.aiai.app.AiAiContentCaptureService } using flags 67108865
09-28 19:53:54.425  1559 10199 W ActivityManager: Unable to start service Intent { act=com.android.launcher3.WINDOW_OVERLAY dat=app://com.android.launcher3:10164?v=9&cv=14 pkg=com.google.android.googlequicksearchbox } U=0: not found
09-28 19:53:54.503  1559  1745 D AutofillManagerService: Close system dialogs
09-28 19:53:54.511  4013  4013 I GoogleInputMethodService: GoogleInputMethodService.onFinishInputView():2383 
09-28 19:53:54.512  4013  4013 I AndroidIME: AbstractIme.onDeactivate():203 PasswordIme.onDeactivate()
09-28 19:53:54.538   874   874 D VibratorService.qti: play mCurrEffectId -1, mCurrMagnitude 0x5fff, mVibraFd 7, timeoutMs 0, mPlayLengthMs 0
09-28 19:53:54.539   874   874 D VibratorService.qti: play Status::OK
09-28 19:53:54.539   874   874 D VibratorService.qti: perform effect 0, es 1
09-28 19:53:54.539   874   874 D VibratorService.qti: play mCurrEffectId 0, mCurrMagnitude 0x5fff, mVibraFd 7, timeoutMs -1, mPlayLengthMs 0
09-28 19:53:54.539   874   874 D VibratorService.qti: play mCurrAppId 0, mPlayLengthMs 40, data: 0 0 40
09-28 19:53:54.539   874   874 D VibratorService.qti: play Status::OK
09-28 19:53:54.579   874   874 D VibratorService.qti: play mCurrEffectId -1, mCurrMagnitude 0x5fff, mVibraFd 7, timeoutMs 0, mPlayLengthMs 40
09-28 19:53:54.579   874   874 D VibratorService.qti: play Status::OK
09-28 19:53:54.909   821  3381 W libperfmgr: Failed to write to node: /dev/stune/top-app/schedtune.prefer_high_cap with value: 1, fd: -1
09-28 19:53:54.909   821  3381 W libperfmgr: Failed to write to node: /proc/sys/kernel/sched_energy_aware with value: 1, fd: -1
09-28 19:53:55.071  1559  7755 D ActivityTrigger: ActivityTrigger activityPauseTrigger 
09-28 19:53:55.078  1559  2631 V AppLockService: setForegroundApp(com.android.launcher3)
09-28 19:53:55.087  1559  1749 D GamingModeHelper: onTopAppChanged: com.android.launcher3
09-28 19:53:55.098  1559  1559 W ActivityManager: Unable to start service Intent { act=android.service.contentcapture.ContentCaptureService cmp=com.google.android.as/com.google.android.apps.miphone.aiai.app.AiAiContentCaptureService } U=0: not found
09-28 19:53:55.098  1559  1559 W RemoteContentCaptureService: could not bind to Intent { act=android.service.contentcapture.ContentCaptureService cmp=com.google.android.as/com.google.android.apps.miphone.aiai.app.AiAiContentCaptureService } using flags 67108865
09-28 19:53:55.098  1559  1749 D ActivityTrigger: ActivityTrigger activityStopTrigger 
09-28 19:53:55.101  4013  4013 I GoogleInputMethodService: GoogleInputMethodService.onFinishInput():3122 
09-28 19:53:55.102  4013  4013 I GoogleInputMethodService: GoogleInputMethodService.updateDeviceLockedStatus():2193 repeatCheckTimes = 0, locked = false
09-28 19:53:55.102  1559  1559 W ActivityManager: Unable to start service Intent { act=android.service.contentcapture.ContentCaptureService cmp=com.google.android.as/com.google.android.apps.miphone.aiai.app.AiAiContentCaptureService } U=0: not found
09-28 19:53:55.103  1559  1559 W RemoteContentCaptureService: could not bind to Intent { act=android.service.contentcapture.ContentCaptureService cmp=com.google.android.as/com.google.android.apps.miphone.aiai.app.AiAiContentCaptureService } using flags 67108865
09-28 19:53:55.103  4013  4013 I GoogleInputMethodService: GoogleInputMethodService.onStartInput():1937 onStartInput(EditorInfo{EditorInfo{packageName=com.android.launcher3, inputType=0, inputTypeString=NULL, enableLearning=false, autoCorrection=false, autoComplete=false, imeOptions=0, privateImeOptions=null, actionName=UNSPECIFIED, actionLabel=null, initialSelStart=-1, initialSelEnd=-1, initialCapsMode=0, label=null, fieldId=-1, fieldName=null, extras=null, hintText=null, hintLocales=[]}}, false)
09-28 19:53:55.103  4013  4013 I GoogleInputMethodService: GoogleInputMethodService.updateDeviceLockedStatus():2193 repeatCheckTimes = 1, locked = false
09-28 19:53:55.105  4013  4013 I AndroidIME: InputBundleManager.loadActiveInputBundleId():450 loadActiveInputBundleId: und-Latn-x-password, password
09-28 19:53:55.132  1559  1559 W ActivityManager: Unable to start service Intent { act=android.service.contentcapture.ContentCaptureService cmp=com.google.android.as/com.google.android.apps.miphone.aiai.app.AiAiContentCaptureService } U=0: not found
09-28 19:53:55.132  1559  1559 W RemoteContentCaptureService: could not bind to Intent { act=android.service.contentcapture.ContentCaptureService cmp=com.google.android.as/com.google.android.apps.miphone.aiai.app.AiAiContentCaptureService } using flags 67108865
09-28 19:53:55.410   821  3381 W libperfmgr: Failed to write to node: /dev/stune/top-app/schedtune.prefer_high_cap with value: 1, fd: -1
09-28 19:53:55.410   821  3381 W libperfmgr: Failed to write to node: /proc/sys/kernel/sched_energy_aware with value: 1, fd: -1
09-28 19:53:55.631  3368  3368 I charge_logger: type=1400 audit(0.0:7083): avc: denied { read } for scontext=u:r:init:s0 tcontext=u:r:init:s0 tclass=netlink_kobject_uevent_socket permissive=1
09-28 19:53:55.910   821  3381 W libperfmgr: Failed to write to node: /dev/stune/top-app/schedtune.prefer_high_cap with value: 1, fd: -1
09-28 19:53:55.911   821  3381 W libperfmgr: Failed to write to node: /proc/sys/kernel/sched_energy_aware with value: 1, fd: -1
09-28 19:53:56.411   821  3381 W libperfmgr: Failed to write to node: /dev/stune/top-app/schedtune.prefer_high_cap with value: 1, fd: -1
09-28 19:53:56.411   821  3381 W libperfmgr: Failed to write to node: /proc/sys/kernel/sched_energy_aware with value: 1, fd: -1
09-28 19:53:56.803  1559 10199 I ActivityTaskManager: START u0 {act=android.intent.action.MAIN cat=[android.intent.category.LAUNCHER] flg=0x10200000 cmp=org.telegram.messenger/.DefaultIcon bnds=[846,1712][1051,2095]} from uid 10164
09-28 19:53:56.825   821   821 D android.hardware.power@1.3-service.xiaomi_sm6250-libperfmgr: LAUNCH: 1
09-28 19:53:56.821   821   821 I NodeLooperThrea: type=1400 audit(0.0:7084): avc: denied { write } for name="cpu_dma_latency" dev="tmpfs" ino=25010 scontext=u:r:hal_power_default:s0 tcontext=u:object_r:latency_device:s0 tclass=chr_file permissive=1
09-28 19:53:56.828  1559 10199 D ActivityTrigger: ActivityTrigger activityPauseTrigger 
09-28 19:53:56.828   821  3381 W libperfmgr: Failed to write to node: /dev/stune/top-app/schedtune.prefer_high_cap with value: 1, fd: -1
09-28 19:53:56.828   821  3381 W libperfmgr: Failed to write to node: /proc/sys/kernel/sched_energy_aware with value: 0, fd: -1
09-28 19:53:56.821   821   821 I NodeLooperThrea: type=1400 audit(0.0:7085): avc: denied { open } for path="/dev/cpu_dma_latency" dev="tmpfs" ino=25010 scontext=u:r:hal_power_default:s0 tcontext=u:object_r:latency_device:s0 tclass=chr_file permissive=1
09-28 19:53:56.839  1559  1559 W ActivityManager: Unable to start service Intent { act=android.service.contentcapture.ContentCaptureService cmp=com.google.android.as/com.google.android.apps.miphone.aiai.app.AiAiContentCaptureService } U=0: not found
09-28 19:53:56.839  1559  1559 W RemoteContentCaptureService: could not bind to Intent { act=android.service.contentcapture.ContentCaptureService cmp=com.google.android.as/com.google.android.apps.miphone.aiai.app.AiAiContentCaptureService } using flags 67108865
09-28 19:53:56.847   714   714 D Zygote  : Forked child process 21486
09-28 19:53:56.850  1559  1766 I ActivityManager: Start proc 21486:org.telegram.messenger/u0a185 for pre-top-activity {org.telegram.messenger/org.telegram.messenger.DefaultIcon}
09-28 19:53:56.939  1404 21487 I KSUHide : proc_monitor: unmount pkg=[org.telegram.messenger] PID=[21486] UID=[10185]
09-28 19:53:56.943 21486 21486 E egram.messenge: Not starting debugger since process cannot load the jdwp agent.
09-28 19:53:56.947 21486 21486 W egram.messenge: Core platform API violation: Ljava/lang/reflect/Field;->accessFlags:I from Landroid/os/Build; using reflection
09-28 19:53:56.963  1559  1749 D GamingModeHelper: onTopAppChanged: org.telegram.messenger
09-28 19:53:56.965  1559  1559 W ActivityManager: Unable to start service Intent { act=android.service.contentcapture.ContentCaptureService cmp=com.google.android.as/com.google.android.apps.miphone.aiai.app.AiAiContentCaptureService } U=0: not found
09-28 19:53:56.965  1559  1559 W RemoteContentCaptureService: could not bind to Intent { act=android.service.contentcapture.ContentCaptureService cmp=com.google.android.as/com.google.android.apps.miphone.aiai.app.AiAiContentCaptureService } using flags 67108865
09-28 19:53:56.966 21486 21486 D libnativeloader: classloader namespace configured for unbundled product apk. library_path=/data/app/org.telegram.messenger-eoiC7g45a4n_Bbk7cWStoQ==/lib/arm64:/data/app/org.telegram.messenger-eoiC7g45a4n_Bbk7cWStoQ==/base.apk!/lib/arm64-v8a:/data/app/org.telegram.messenger-eoiC7g45a4n_Bbk7cWStoQ==/split_config.arm64_v8a.apk!/lib/arm64-v8a:/data/app/org.telegram.messenger-eoiC7g45a4n_Bbk7cWStoQ==/split_config.in.apk!/lib/arm64-v8a:/data/app/org.telegram.messenger-eoiC7g45a4n_Bbk7cWStoQ==/split_config.xxhdpi.apk!/lib/arm64-v8a:/product/lib64:/system/product/lib64
09-28 19:53:56.967  2334  2334 D ImageWallpaper: wallpaper visibility changes to: false
09-28 19:53:56.968 21486 21486 I egram.messenge: The ClassLoaderContext is a special shared library.
09-28 19:53:56.978   935   935 E Layer   : [Surface(name=AppWindowToken{b74cf0f token=Token{f771c6e ActivityRecord{d0cd7e9 u0 org.telegram.messenger/.DefaultIcon t69}}})/@0x31073cc - animation-leash#0] No local sync point found
09-28 19:53:56.978   935   935 E Layer   : [Surface(name=AppWindowToken{f12a10f token=Token{e80f66e ActivityRecord{10dd9e9 u0 com.android.launcher3/.shady.ShadyLauncher t2}}})/@0x5ad9146 - animation-leash#0] No local sync point found
09-28 19:53:56.979 21486 21486 I MultiDex: VM with version 2.1.0 has multidex support
09-28 19:53:56.979 21486 21486 I MultiDex: Installing application
09-28 19:53:56.979 21486 21486 I MultiDex: VM has multidex support, MultiDex support library is disabled.
09-28 19:53:56.985 21486 21486 I FirebaseApp: Device unlocked: initializing all Firebase APIs for app [DEFAULT]
09-28 19:53:56.989   935   935 E Layer   : [Surface(name=AppWindowToken{b74cf0f token=Token{f771c6e ActivityRecord{d0cd7e9 u0 org.telegram.messenger/.DefaultIcon t69}}})/@0x31073cc - animation-leash#0] No local sync point found
09-28 19:53:56.989   935   935 E Layer   : [Surface(name=AppWindowToken{f12a10f token=Token{e80f66e ActivityRecord{10dd9e9 u0 com.android.launcher3/.shady.ShadyLauncher t2}}})/@0x5ad9146 - animation-leash#0] No local sync point found
09-28 19:53:56.990 21486 21486 I FirebaseInitProvider: FirebaseApp initialization successful
09-28 19:53:56.992 21486 21510 W egram.messenge: Accessing hidden field Ljava/util/Collections$SynchronizedCollection;->mutex:Ljava/lang/Object; (greylist-max-o, reflection, denied)
09-28 19:53:56.992 21486 21510 W egram.messenge: Accessing hidden method Ljava/util/Collections$SynchronizedSet;-><init>(Ljava/util/Set;Ljava/lang/Object;)V (greylist-max-o, reflection, denied)
09-28 19:53:56.993 21486 21510 W egram.messenge: Accessing hidden method Ljava/util/Collections$SynchronizedCollection;-><init>(Ljava/util/Collection;Ljava/lang/Object;)V (greylist-max-o, reflection, denied)
09-28 19:53:57.124  1559  2293 D Ethernet: got request NetworkRequest [ TRACK_DEFAULT id=115, [ Capabilities: INTERNET&NOT_RESTRICTED&TRUSTED Uid: 10185] ] with score 60 and serial -1
09-28 19:53:57.124  1559  2238 D UntrustedWifiNetworkFactory: got request NetworkRequest [ TRACK_DEFAULT id=115, [ Capabilities: INTERNET&NOT_RESTRICTED&TRUSTED Uid: 10185] ] with score 60 and serial -1
09-28 19:53:57.124  1559  2238 D WifiNetworkFactory: got request NetworkRequest [ TRACK_DEFAULT id=115, [ Capabilities: INTERNET&NOT_RESTRICTED&TRUSTED Uid: 10185] ] with score 60 and serial -1
09-28 19:53:57.124  2713  2713 D PhoneSwitcherNetworkRequstListener: got request NetworkRequest [ TRACK_DEFAULT id=115, [ Capabilities: INTERNET&NOT_RESTRICTED&TRUSTED Uid: 10185] ] with score 60 and serial -1
09-28 19:53:57.328   821  3381 W libperfmgr: Failed to write to node: /dev/stune/top-app/schedtune.prefer_high_cap with value: 1, fd: -1
09-28 19:53:57.329   821  3381 W libperfmgr: Failed to write to node: /proc/sys/kernel/sched_energy_aware with value: 0, fd: -1
09-28 19:53:57.445   714   714 D Zygote  : Forked child process 21584
09-28 19:53:57.447  1559  1766 I ActivityManager: Start proc 21584:com.android.chrome/u0a187 for service {com.android.chrome/org.chromium.chrome.browser.customtabs.CustomTabsConnectionService}
09-28 19:53:57.472  1559 10473 V AppLockService: setForegroundApp(org.telegram.messenger)
09-28 19:53:57.512 17765 17783 I Finsky  : [606] qby.jL(92): org.telegram.messenger: Account determined from library ownership - [9xLYbUfPQsOtPIqBCLN9VlbVoJul6IEi_D44w2LFmeA]
09-28 19:53:57.513 17765 17783 I Finsky  : [606] odt.c(920): Billing preferred account via installer for org.telegram.messenger: [9xLYbUfPQsOtPIqBCLN9VlbVoJul6IEi_D44w2LFmeA]
09-28 19:53:57.514 17765 17783 W Finsky  : [606] sig.f(55): Got api version 23 for account: [9xLYbUfPQsOtPIqBCLN9VlbVoJul6IEi_D44w2LFmeA]
09-28 19:53:57.520 17765 17783 I Finsky  : [606] qby.jL(92): org.telegram.messenger: Account determined from library ownership - [9xLYbUfPQsOtPIqBCLN9VlbVoJul6IEi_D44w2LFmeA]
09-28 19:53:57.521 17765 17783 I Finsky  : [606] odt.c(920): Billing preferred account via installer for org.telegram.messenger: [9xLYbUfPQsOtPIqBCLN9VlbVoJul6IEi_D44w2LFmeA]
09-28 19:53:57.523 17765 17783 W Finsky  : [606] sig.f(55): Got api version 23 for account: [9xLYbUfPQsOtPIqBCLN9VlbVoJul6IEi_D44w2LFmeA]
09-28 19:53:57.545 17765 17783 I Finsky  : [606] qby.jL(92): org.telegram.messenger: Account determined from library ownership - [9xLYbUfPQsOtPIqBCLN9VlbVoJul6IEi_D44w2LFmeA]
09-28 19:53:57.546 17765 17783 I Finsky  : [606] odt.c(920): Billing preferred account via installer for org.telegram.messenger: [9xLYbUfPQsOtPIqBCLN9VlbVoJul6IEi_D44w2LFmeA]
09-28 19:53:57.548 17765 17783 W Finsky  : [606] sig.f(55): Got api version 23 for account: [9xLYbUfPQsOtPIqBCLN9VlbVoJul6IEi_D44w2LFmeA]
09-28 19:53:57.548 17765 17784 I Finsky  : [607] qby.jL(92): org.telegram.messenger: Account determined from library ownership - [9xLYbUfPQsOtPIqBCLN9VlbVoJul6IEi_D44w2LFmeA]
09-28 19:53:57.548 17765 17783 I Finsky  : [606] poo.m(338): User is not an active Play Pass subscriber
09-28 19:53:57.549 17765 17784 I Finsky  : [607] odt.c(920): Billing preferred account via installer for org.telegram.messenger: [9xLYbUfPQsOtPIqBCLN9VlbVoJul6IEi_D44w2LFmeA]
09-28 19:53:57.549 17765 17859 I Finsky  : [664] qby.jL(92): org.telegram.messenger: Account determined from library ownership - [9xLYbUfPQsOtPIqBCLN9VlbVoJul6IEi_D44w2LFmeA]
09-28 19:53:57.550 17765 17784 W Finsky  : [607] sig.f(55): Got api version 23 for account: [9xLYbUfPQsOtPIqBCLN9VlbVoJul6IEi_D44w2LFmeA]
09-28 19:53:57.550 17765 17859 I Finsky  : [664] odt.c(920): Billing preferred account via installer for org.telegram.messenger: [9xLYbUfPQsOtPIqBCLN9VlbVoJul6IEi_D44w2LFmeA]
09-28 19:53:57.551 17765 17859 W Finsky  : [664] sig.f(55): Got api version 23 for account: [9xLYbUfPQsOtPIqBCLN9VlbVoJul6IEi_D44w2LFmeA]
09-28 19:53:57.559 21486 21518 I AdrenoGLES: QUALCOMM build                   : ed77089, I0c4fc4bb0e
09-28 19:53:57.559 21486 21518 I AdrenoGLES: Build Date                       : 12/24/19
09-28 19:53:57.559 21486 21518 I AdrenoGLES: OpenGL ES Shader Compiler Version: EV031.27.05.03
09-28 19:53:57.559 21486 21518 I AdrenoGLES: Local Branch                     : 
09-28 19:53:57.559 21486 21518 I AdrenoGLES: Remote Branch                    : 
09-28 19:53:57.559 21486 21518 I AdrenoGLES: Remote Branch                    : 
09-28 19:53:57.559 21486 21518 I AdrenoGLES: Reconstruct Branch               : 
09-28 19:53:57.559 21486 21518 I AdrenoGLES: Build Config                     : S P 8.0.12 AArch64
09-28 19:53:57.561  1404 21585 I KSUHide : proc_monitor: unmount pkg=[com.android.chrome] PID=[21584] UID=[10187]
09-28 19:53:57.561 21486 21518 I AdrenoGLES: PFP: 0x016ee187, ME: 0x00000000
09-28 19:53:57.570 21584 21584 E .android.chrom: Not starting debugger since process cannot load the jdwp agent.
09-28 19:53:57.579 21584 21584 W .android.chrom: Core platform API violation: Ljava/lang/reflect/Field;->accessFlags:I from Landroid/os/Build; using reflection
09-28 19:53:57.580   535   535 I hwservicemanager: getTransport: Cannot find entry android.hardware.graphics.mapper@3.0::IMapper/default in either framework or device manifest.
09-28 19:53:57.586 21486 21518 W Gralloc3: mapper 3.x is not supported
09-28 19:53:57.608  1559  1764 I ActivityTaskManager: Displayed org.telegram.messenger/.DefaultIcon: +795ms
09-28 19:53:57.622 21584 21584 I cr_SplitCompatApp: version=129.0.6668.70 (666807033) minSdkVersion=29 isBundle=true processName=com.android.chrome isIsolatedProcess=false
09-28 19:53:57.649 21584 21584 I LoadedApk: No resource references to update in package com.google.android.trichromelibrary
09-28 19:53:57.669 21584 21616 I cr_LibraryLoader: Loading monochrome_64 from within /data/app/com.android.chrome-kFe94tIgJ4ssEQrF6gH1NQ==/base.apk
09-28 19:53:57.672 21584 21616 W linker  : Warning: "/data/app/com.android.chrome-kFe94tIgJ4ssEQrF6gH1NQ==/base.apk!/lib/arm64-v8a/libchromium_android_linker.so" unused DT entry: unknown processor-specific (type 0x70000001 arg 0x0) (ignoring)
09-28 19:53:57.673 21584 21616 I cr_Linker: loadLibraryImplLocked: monochrome_64, relroMode=1
09-28 19:53:57.675 21584 21616 W linker  : Warning: "/data/app/com.google.android.trichromelibrary_666807033-MuFtv0F7NmdxH_ldoCOW8w==/base.apk!/lib/arm64-v8a/libmonochrome_64.so" unused DT entry: unknown processor-specific (type 0x70000001 arg 0x0) (ignoring)
09-28 19:53:57.675  2968 16605 I FontLog : (REDACTED) Received query %s, URI %s
09-28 19:53:57.676  2968 16605 I FontLog : (REDACTED) Query [%s] resolved to %s
09-28 19:53:57.677  4013  4013 I GoogleInputMethodService: GoogleInputMethodService.onFinishInput():3122 
09-28 19:53:57.678  2968 16605 I FontLog : (REDACTED) Font PFD returned from cache for %s
09-28 19:53:57.678  2968 16605 I FontLog : (REDACTED) Fetch %s end status %s
09-28 19:53:57.682  4013  4013 I GoogleInputMethodService: GoogleInputMethodService.updateDeviceLockedStatus():2193 repeatCheckTimes = 0, locked = false
09-28 19:53:57.682  4013  4013 I GoogleInputMethodService: GoogleInputMethodService.onStartInput():1937 onStartInput(EditorInfo{EditorInfo{packageName=org.telegram.messenger, inputType=0, inputTypeString=NULL, enableLearning=false, autoCorrection=false, autoComplete=false, imeOptions=0, privateImeOptions=null, actionName=UNSPECIFIED, actionLabel=null, initialSelStart=-1, initialSelEnd=-1, initialCapsMode=0, label=null, fieldId=-1, fieldName=null, extras=null, hintText=null, hintLocales=[]}}, false)
09-28 19:53:57.684  4013  4013 I GoogleInputMethodService: GoogleInputMethodService.updateDeviceLockedStatus():2193 repeatCheckTimes = 1, locked = false
09-28 19:53:57.686  4013  4013 I AndroidIME: InputBundleManager.loadActiveInputBundleId():450 loadActiveInputBundleId: und-Latn-x-password, password
09-28 19:53:57.688  2968  3394 I FontLog : (REDACTED) Pulling font file for id = %d, cache size = %d
09-28 19:53:57.706 21584 21616 I cr_LibraryLoader: Successfully loaded native library
09-28 19:53:57.707  2968  3394 I FontLog : (REDACTED) Received query %s, URI %s
09-28 19:53:57.707  2968  3394 I FontLog : (REDACTED) Query [%s] resolved to %s
09-28 19:53:57.707 21584 21621 W DynamiteModule: Local module descriptor class for com.google.android.gms.googlecertificates not found.
09-28 19:53:57.709 21584 21616 I cr_CachingUmaRecorder: Flushed 20 samples from 16 histograms, 0 samples were dropped.
09-28 19:53:57.709  2968  3394 I FontLog : (REDACTED) Font PFD returned from cache for %s
09-28 19:53:57.710  2968  3394 I FontLog : (REDACTED) Fetch %s end status %s
09-28 19:53:57.712  2968 16605 I FontLog : (REDACTED) Pulling font file for id = %d, cache size = %d
09-28 19:53:57.723  2968  3394 I FontLog : (REDACTED) Received query %s, URI %s
09-28 19:53:57.723  2968  3394 I FontLog : (REDACTED) Query [%s] resolved to %s
09-28 19:53:57.725  2968  3394 I FontLog : (REDACTED) Font PFD returned from cache for %s
09-28 19:53:57.725  2968  3394 I FontLog : (REDACTED) Fetch %s end status %s
09-28 19:53:57.728  2968 16605 I FontLog : (REDACTED) Pulling font file for id = %d, cache size = %d
09-28 19:53:57.733 21584 21621 I DynamiteModule: Considering local module com.google.android.gms.googlecertificates:0 and remote module com.google.android.gms.googlecertificates:7
09-28 19:53:57.733 21584 21621 I DynamiteModule: Selected remote version of com.google.android.gms.googlecertificates, version >= 7
09-28 19:53:57.829   821  3381 W libperfmgr: Failed to write to node: /dev/stune/top-app/schedtune.prefer_high_cap with value: 1, fd: -1
09-28 19:53:57.829   821  3381 W libperfmgr: Failed to write to node: /proc/sys/kernel/sched_energy_aware with value: 0, fd: -1
09-28 19:53:57.979  2968  3394 I FontLog : (REDACTED) Received query %s, URI %s
09-28 19:53:57.979  2968  3394 I FontLog : (REDACTED) Query [%s] resolved to %s
09-28 19:53:57.981  2968  3394 I FontLog : (REDACTED) Fetch %s end status %s
09-28 19:53:57.984  2968  3394 I FontLog : (REDACTED) Pulling font file for id = %d, cache size = %d
09-28 19:53:57.987  2968  3394 I FontLog : (REDACTED) Pulling font file for id = %d, cache size = %d
09-28 19:53:58.082 17765 17802 D PaySecureElementClient: Felica app not found; returning isSecureElementAvailable = false!
09-28 19:53:58.087  1559 10473 D BiometricService: canAuthenticate: User=0, Caller=0
09-28 19:53:58.088  1559 10473 D BiometricService: checkAndGetBiometricModality: user=0 isHardwareDetected=true hasTemplatesEnrolled=false enabledForApps=false
09-28 19:53:58.089  1559 10473 D BiometricService: canAuthenticate: User=0, Caller=0
09-28 19:53:58.089  1559 10473 D BiometricService: checkAndGetBiometricModality: user=0 isHardwareDetected=true hasTemplatesEnrolled=false enabledForApps=false
09-28 19:53:58.090  1559 10473 D BiometricService: canAuthenticate: User=0, Caller=0
09-28 19:53:58.090  1559 10473 D BiometricService: checkAndGetBiometricModality: user=0 isHardwareDetected=true hasTemplatesEnrolled=false enabledForApps=false
09-28 19:53:58.093  1559 10473 D BiometricService: canAuthenticate: User=0, Caller=0
09-28 19:53:58.094  1559 10473 D BiometricService: checkAndGetBiometricModality: user=0 isHardwareDetected=true hasTemplatesEnrolled=false enabledForApps=false
09-28 19:53:58.095 17765 17865 I Finsky  : [669] mxz.run(618): Skipping a request to /bulkAcquire since cache has all the records.
09-28 19:53:58.235   821   821 D android.hardware.power@1.3-service.xiaomi_sm6250-libperfmgr: LAUNCH: 0
09-28 19:53:58.231   821   821 I NodeLooperThrea: type=1400 audit(0.0:7086): avc: denied { write } for name="scaling_min_freq" dev="sysfs" ino=34658 scontext=u:r:hal_power_default:s0 tcontext=u:object_r:sysfs_devices_system_cpu:s0 tclass=file permissive=1
09-28 19:53:58.236  1559 10473 D ActivityTrigger: ActivityTrigger activityStopTrigger 
09-28 19:53:58.238   821  3381 W libperfmgr: Failed to write to node: /dev/stune/top-app/schedtune.prefer_high_cap with value: 1, fd: -1
09-28 19:53:58.238   821  3381 W libperfmgr: Failed to write to node: /proc/sys/kernel/sched_energy_aware with value: 1, fd: -1
09-28 19:53:58.251  1559  1559 W ActivityManager: Unable to start service Intent { act=android.service.contentcapture.ContentCaptureService cmp=com.google.android.as/com.google.android.apps.miphone.aiai.app.AiAiContentCaptureService } U=0: not found
09-28 19:53:58.251  1559  1559 W RemoteContentCaptureService: could not bind to Intent { act=android.service.contentcapture.ContentCaptureService cmp=com.google.android.as/com.google.android.apps.miphone.aiai.app.AiAiContentCaptureService } using flags 67108865
09-28 19:53:58.739   821  3381 W libperfmgr: Failed to write to node: /dev/stune/top-app/schedtune.prefer_high_cap with value: 1, fd: -1
09-28 19:53:58.739   821  3381 W libperfmgr: Failed to write to node: /proc/sys/kernel/sched_energy_aware with value: 1, fd: -1
09-28 19:53:59.109   821  3381 W libperfmgr: Failed to write to node: /dev/stune/top-app/schedtune.prefer_high_cap with value: 0, fd: -1
09-28 19:53:59.109   821  3381 W libperfmgr: Failed to write to node: /proc/sys/kernel/sched_energy_aware with value: 1, fd: -1
09-28 19:53:59.227   821  3381 W libperfmgr: Failed to write to node: /dev/stune/top-app/schedtune.prefer_high_cap with value: 1, fd: -1
09-28 19:53:59.227   821  3381 W libperfmgr: Failed to write to node: /proc/sys/kernel/sched_energy_aware with value: 1, fd: -1
09-28 19:53:59.261  3368  3368 I charge_logger: type=1400 audit(0.0:7094): avc: denied { write } for name="wake_lock" dev="sysfs" ino=20491 scontext=u:r:init:s0 tcontext=u:object_r:sysfs_wake_lock:s0 tclass=file permissive=1
09-28 19:53:59.727   821  3381 W libperfmgr: Failed to write to node: /dev/stune/top-app/schedtune.prefer_high_cap with value: 1, fd: -1
09-28 19:53:59.728   821  3381 W libperfmgr: Failed to write to node: /proc/sys/kernel/sched_energy_aware with value: 1, fd: -1
09-28 19:54:00.228   821  3381 W libperfmgr: Failed to write to node: /dev/stune/top-app/schedtune.prefer_high_cap with value: 1, fd: -1
09-28 19:54:00.228   821  3381 W libperfmgr: Failed to write to node: /proc/sys/kernel/sched_energy_aware with value: 1, fd: -1
09-28 19:54:00.729   821  3381 W libperfmgr: Failed to write to node: /dev/stune/top-app/schedtune.prefer_high_cap with value: 1, fd: -1
09-28 19:54:00.729   821  3381 W libperfmgr: Failed to write to node: /proc/sys/kernel/sched_energy_aware with value: 1, fd: -1
09-28 19:54:01.012 21486 21486 W egram.messenge: Accessing hidden field Landroid/widget/PopupWindow;->mOnScrollChangedListener:Landroid/view/ViewTreeObserver$OnScrollChangedListener; (greylist-max-p, reflection, denied)
09-28 19:54:01.052 21486 21486 W egram.messenge: Accessing hidden field Landroid/view/View;->mScrollY:I (greylist-max-p, reflection, denied)
09-28 19:54:01.053 21486 21486 W egram.messenge: Accessing hidden field Landroid/widget/Editor;->mShowCursor:J (greylist-max-p, reflection, denied)
09-28 19:54:01.079   822   822 I sensors-hal: batch:180, android.sensor.gravity/28, period=30000000, max_latency=0
09-28 19:54:01.079   822   822 I sensors-hal: batch:189, android.sensor.gravity/28, period=30000000, max_latency=0 request completed
09-28 19:54:01.079   822   822 I sensors-hal: activate:147, android.sensor.gravity/28 en=1
09-28 19:54:01.079   822   822 I sensors-hal: get_qmi_debug_flag:230, support_qmi_debug : false
09-28 19:54:01.083 21486 21493 I egram.messenge: Method exceeds compiler instruction limit: 28435 in void org.telegram.ui.Cells.ChatMessageCell.setMessageContent(org.telegram.messenger.MessageObject, org.telegram.messenger.MessageObject$GroupedMessages, boolean, boolean)
09-28 19:54:01.084 21486 21493 I egram.messenge: Method exceeds compiler instruction limit: 17130 in void org.telegram.ui.ChatActivity.didReceivedNotification(int, int, java.lang.Object[])
09-28 19:54:01.086 21486 21493 I egram.messenge: Method exceeds compiler instruction limit: 28435 in void org.telegram.ui.Cells.ChatMessageCell.setMessageContent(org.telegram.messenger.MessageObject, org.telegram.messenger.MessageObject$GroupedMessages, boolean, boolean)
09-28 19:54:01.086 21486 21493 I egram.messenge: Method exceeds compiler instruction limit: 17130 in void org.telegram.ui.ChatActivity.didReceivedNotification(int, int, java.lang.Object[])
09-28 19:54:01.089   822   822 I sensors-hal: activate:158, android.sensor.gravity/28 en=1 completed
09-28 19:54:01.090   822   822 I sensors-hal: batch:180, android.sensor.linear_acceleration/26, period=30000000, max_latency=0
09-28 19:54:01.090   822   822 I sensors-hal: batch:189, android.sensor.linear_acceleration/26, period=30000000, max_latency=0 request completed
09-28 19:54:01.090   822   822 I sensors-hal: activate:147, android.sensor.linear_acceleration/26 en=1
09-28 19:54:01.091   822   822 I sensors-hal: get_qmi_debug_flag:230, support_qmi_debug : false
09-28 19:54:01.109   822   822 I sensors-hal: activate:158, android.sensor.linear_acceleration/26 en=1 completed
09-28 19:54:01.110   822   898 I sensors-hal: batch:180, android.sensor.proximity/11, period=200000000, max_latency=0
09-28 19:54:01.110   822   898 I sensors-hal: batch:189, android.sensor.proximity/11, period=200000000, max_latency=0 request completed
09-28 19:54:01.110   822   898 I sensors-hal: activate:147, android.sensor.proximity/11 en=1
09-28 19:54:01.110   822   898 I sensors-hal: get_qmi_debug_flag:230, support_qmi_debug : false
09-28 19:54:01.119   822   898 I sensors-hal: activate:158, android.sensor.proximity/11 en=1 completed
09-28 19:54:01.136   822 21666 I sensors-hal: handle_indication_realtime:439,  SCHED_FIFO(10) for qmi_cbk
09-28 19:54:01.229   821  3381 W libperfmgr: Failed to write to node: /dev/stune/top-app/schedtune.prefer_high_cap with value: 1, fd: -1
09-28 19:54:01.230   821  3381 W libperfmgr: Failed to write to node: /proc/sys/kernel/sched_energy_aware with value: 1, fd: -1
09-28 19:54:01.232   822 21659 I sensors-hal: handle_indication_realtime:439,  SCHED_FIFO(10) for qmi_cbk
09-28 19:54:01.232   822 21662 I sensors-hal: handle_indication_realtime:439,  SCHED_FIFO(10) for qmi_cbk
09-28 19:54:01.297 21486 21493 I egram.messenge: Method exceeds compiler instruction limit: 28435 in void org.telegram.ui.Cells.ChatMessageCell.setMessageContent(org.telegram.messenger.MessageObject, org.telegram.messenger.MessageObject$GroupedMessages, boolean, boolean)
09-28 19:54:01.299 21486 21493 I egram.messenge: Method exceeds compiler instruction limit: 28435 in void org.telegram.ui.Cells.ChatMessageCell.setMessageContent(org.telegram.messenger.MessageObject, org.telegram.messenger.MessageObject$GroupedMessages, boolean, boolean)
09-28 19:54:01.314 21486 21493 I egram.messenge: Method exceeds compiler instruction limit: 17130 in void org.telegram.ui.ChatActivity.didReceivedNotification(int, int, java.lang.Object[])
09-28 19:54:01.314 21486 21493 I egram.messenge: Method exceeds compiler instruction limit: 17130 in void org.telegram.ui.ChatActivity.didReceivedNotification(int, int, java.lang.Object[])
09-28 19:54:01.427 21486 21493 I egram.messenge: Method exceeds compiler instruction limit: 28435 in void org.telegram.ui.Cells.ChatMessageCell.setMessageContent(org.telegram.messenger.MessageObject, org.telegram.messenger.MessageObject$GroupedMessages, boolean, boolean)
09-28 19:54:01.700  4013  4013 I GoogleInputMethodService: GoogleInputMethodService.onFinishInput():3122 
09-28 19:54:01.702  4013  4013 I GoogleInputMethodService: GoogleInputMethodService.updateDeviceLockedStatus():2193 repeatCheckTimes = 0, locked = false
09-28 19:54:01.702  4013  4013 I GoogleInputMethodService: GoogleInputMethodService.onStartInput():1937 onStartInput(EditorInfo{EditorInfo{packageName=org.telegram.messenger, inputType=24001, inputTypeString=Normal, enableLearning=true, autoCorrection=true, autoComplete=true, imeOptions=54000006, privateImeOptions=null, actionName=DONE, actionLabel=null, initialSelStart=0, initialSelEnd=0, initialCapsMode=2000, label=null, fieldId=-1, fieldName=null, extras=null, hintText=null, hintLocales=[]}}, false)
09-28 19:54:01.703  4013  4013 I GoogleInputMethodService: GoogleInputMethodService.updateDeviceLockedStatus():2193 repeatCheckTimes = 1, locked = false
09-28 19:54:01.704  4013  4013 I AndroidIME: InputBundleManager.loadActiveInputBundleId():450 loadActiveInputBundleId: in, ime_indonesian
09-28 19:54:01.730   821  3381 W libperfmgr: Failed to write to node: /dev/stune/top-app/schedtune.prefer_high_cap with value: 1, fd: -1
09-28 19:54:01.730   821  3381 W libperfmgr: Failed to write to node: /proc/sys/kernel/sched_energy_aware with value: 1, fd: -1
09-28 19:54:01.782  4013  4013 I GoogleInputMethodService: GoogleInputMethodService.onStartInputView():2047 onStartInputView(EditorInfo{EditorInfo{packageName=org.telegram.messenger, inputType=24001, inputTypeString=Normal, enableLearning=true, autoCorrection=true, autoComplete=true, imeOptions=54000006, privateImeOptions=null, actionName=DONE, actionLabel=null, initialSelStart=0, initialSelEnd=0, initialCapsMode=2000, label=null, fieldId=-1, fieldName=null, extras=null, hintText=null, hintLocales=[]}}, false)
09-28 19:54:01.783  4013  4013 I GoogleInputMethodService: GoogleInputMethodService.updateDeviceLockedStatus():2193 repeatCheckTimes = 1, locked = false
09-28 19:54:01.784  4013  4013 W ModuleManager: ModuleManager.loadModule():563 Module lcw is not available
09-28 19:54:01.791  4013  4013 I KeyboardHeightUtil: KeyboardHeightUtil.getOemKeyboardHeightRatio():175 systemKeyboardHeightRatio:1.000000.
09-28 19:54:01.791  4013  4013 I AndroidIME: AbstractIme.onActivate():90 LatinIme.onActivate() : EditorInfo = EditorInfo{packageName=org.telegram.messenger, inputType=24001, inputTypeString=Normal, enableLearning=true, autoCorrection=true, autoComplete=true, imeOptions=54000006, privateImeOptions=null, actionName=DONE, actionLabel=null, initialSelStart=0, initialSelEnd=0, initialCapsMode=2000, label=null, fieldId=-1, fieldName=null, extras=null, hintText=null, hintLocales=[]}, IncognitoMode = false, DeviceLocked = false
09-28 19:54:01.791  4013  4013 I InputBundle: InputBundle.consumeEvent():908 Skip consuming an event as keyboard status is 0
09-28 19:54:01.792  4013  4013 I Delight5Facilitator: Delight5Facilitator.initializeForIme():726 initializeForIme() : Locale = [in], layout = qwerty
09-28 19:54:01.792  4013  4013 I LatinIme: LatinIme.updateEnableInlineSuggestionsOnDecoderSideFlags():1188 inline flag updated to:false
09-28 19:54:01.795  4013  4013 I InputBundle: InputBundle.consumeEvent():908 Skip consuming an event as keyboard status is 0
09-28 19:54:01.795  4013  4013 I InputBundle: InputBundle.consumeEvent():908 Skip consuming an event as keyboard status is 0
09-28 19:54:01.795  4013  4013 I KeyboardWrapper: KeyboardWrapper.activateKeyboard():587 activateKeyboard(): type=prime, status=0, imeDef=kgq{stringId=ime_indonesian, language=in, languageTag=in, processedConditions={enable_number_row=true, device=phone}, className=com.google.android.apps.inputmethod.libs.latin5.LatinIme, label=0, keyEventInterpreter=null, inlineComposing=true, autoCapital=true, announceAutoSelectedCandidate=true, statusIcon=0, primeKeyboardType=SOFT, indicatorIcon=0, indicatorLabel=null, displayAppCompletions=true, extraValues=kgi{}, processors=kij@21e3ceb, unacceptableMetaKeys=4098, languageSpecificSettings=0, asciiCapable=true, alwaysShowSuggestions=false, useAsciiPasswordKeyboard=false, secondaryIme=null, keyboardGroupDef=khr@f0c9bbf, phenotypeFlagId=0, localizationLanguageTag=null, supportsInlineSuggestion=false}
