--------- beginning of system
09-28 19:17:03.990   826   826 I android.hardware.wifi@1.0-service: Wifi HAL started
09-28 19:17:04.072  1559  2619 I chatty  : uid=1000(system) Binder:1559_6 expire 19 lines
09-28 19:17:04.077  1559  1747 I chatty  : uid=1000(system) android.ui expire 12 lines
09-28 19:17:04.102  1559  2062 I chatty  : uid=1000(system) Binder:1559_3 expire 12 lines
09-28 19:17:04.218  1559  2689 I chatty  : uid=1000(system) BluetoothRouteM expire 1 line
09-28 19:17:04.219   826   826 I android.hardware.wifi@1.0-service: Adding interface handle for p2p0
09-28 19:17:04.219   826   826 I android.hardware.wifi@1.0-service: Adding interface handle for wifi-aware0
09-28 19:17:04.219   826   826 I android.hardware.wifi@1.0-service: Adding interface handle for wlan0
09-28 19:17:04.219   826   826 W android.hardware.wifi@1.0-service: No active wlan interfaces in use! Using default
09-28 19:17:04.219   826   826 W android.hardware.wifi@1.0-service: No active wlan interfaces in use! Using default
09-28 19:17:04.221   826   826 I android.hardware.wifi@1.0-service: Configured chip in mode 3
09-28 19:17:04.221   826   826 W android.hardware.wifi@1.0-service: No active wlan interfaces in use! Using default
09-28 19:17:04.227   826   826 W android.hardware.wifi@1.0-service: No active wlan interfaces in use! Using default
09-28 19:17:04.239  1559  2695 I chatty  : uid=1000(system) uteStateMachine expire 2 lines
09-28 19:17:04.248  1559  2697 I chatty  : uid=1000(system) CallAudioModeSt expire 1 line
09-28 19:17:04.252  1038  1038 I wificond: create scanner for interface with index: 30
09-28 19:17:04.252  1038  1038 I wificond: subscribe scan result for interface with index: 30
09-28 19:17:04.254  1038  1038 E wificond: No Offload Service available
09-28 19:17:04.255  1038  1038 I wificond: Offload HAL not supported 
09-28 19:17:04.475  1559  2238 I chatty  : uid=1000(system) ClientModeImpl expire 1 line
09-28 19:17:04.494  1559  1772 I chatty  : uid=1000(system) batterystats-wo expire 8 lines
09-28 19:17:04.578  1559  2580 I chatty  : uid=1000(system) Binder:1559_5 expire 26 lines
09-28 19:17:04.623  1559  2393 I chatty  : uid=1000(system) Binder:1559_4 expire 19 lines
09-28 19:17:04.766  1559  2831 I chatty  : uid=1000(system) Binder:1559_8 expire 15 lines
09-28 19:17:04.854  2713  2713 I chatty  : uid=1001(radio) com.android.phone expire 61 lines
09-28 19:17:04.858  1559  2901 I chatty  : uid=1000 system_server expire 1 line
09-28 19:17:05.474  1559  2885 I chatty  : uid=1000(system) Binder:1559_9 expire 14 lines
09-28 19:17:05.825  2713  2713 I TelecomFramework: PstnIncomingCallNotifier: Unregistering: Handler (com.android.internal.telephony.GsmCdmaPhone) {e2dca11}
09-28 19:17:05.826  2713  2713 I TelecomFramework: TelecomAccountRegistry: setupAccounts: Found 2 phones.  Attempting to register.
09-28 19:17:05.826  2713  2713 I TelecomFramework: TelecomAccountRegistry: setupAccounts: Phone with subscription id -1
09-28 19:17:05.826  2713  2713 I TelecomFramework: TelecomAccountRegistry: setupAccounts: Phone with subscription id -1
09-28 19:17:05.826  2713  2713 I TelecomFramework: TelecomAccountRegistry: setupAccounts: adding default
09-28 19:17:05.838  2713  2713 I TelecomFramework: AccountEntry: Registered phoneAccount: [[ ] PhoneAccount: ComponentInfo{com.android.phone/com.android.services.telephony.TelephonyConnectionService}, ***, UserHandle{0} Capabilities: SuppVideo CallProvider MultiUser PlaceEmerg SimSub  Audio Routes: BESW Schemes: tel voicemail  Extras: Bundle[{android.telecom.extra.SUPPORTS_VIDEO_CALLING_FALLBACK=true}] GroupId: ***] with handle: ComponentInfo{com.android.phone/com.android.services.telephony.TelephonyConnectionService}, ***, UserHandle{0}
09-28 19:17:05.838  2713  2713 I TelecomFramework: PstnIncomingCallNotifier: Registering: Handler (com.android.internal.telephony.GsmCdmaPhone) {e2dca11}
09-28 19:17:05.866  2713  2713 I TelecomFramework: PstnPhoneCapabilitiesNotifier: handleVideoCapabilitesChanged. Video capability - false
09-28 19:17:06.124  2713  2713 D MccTable: updateMccMncConfiguration mccmnc='51010
09-28 19:17:06.124  2713  2713 D MccTable: updateMccMncConfiguration: mcc=510, mnc=10
09-28 19:17:06.124  2713  2713 D MccTable: updateMccMncConfiguration updateConfig config={0.0 510mcc10mnc ?localeList ?layoutDir ?swdp ?wdp ?hdp ?density ?lsize ?long ?ldr ?wideColorGamut ?orien ?uimode ?night ?touch ?keyb/?/? ?nav/? winConfig={ mBounds=Rect(0, 0 - 0, 0) mAppBounds=null mWindowingMode=undefined mDisplayWindowingMode=undefined mActivityType=undefined mAlwaysOnTop=undefined mRotation=undefined}}
09-28 19:17:06.213  2713  2713 E SystemConfig: SystemConfig is being accessed by a process other than system_server.
09-28 19:17:06.216  1559  3038 I chatty  : uid=1000 system_server expire 1 line
09-28 19:17:06.310  2713  2713 I TelecomFramework: : onSubscriptionsChanged - update accounts
09-28 19:17:06.310  2713  2713 I TelecomFramework: PstnIncomingCallNotifier: Unregistering: Handler (com.android.internal.telephony.GsmCdmaPhone) {e2dca11}
09-28 19:17:06.310  2713  2713 I TelecomFramework: TelecomAccountRegistry: setupAccounts: Found 2 phones.  Attempting to register.
09-28 19:17:06.310  2713  2713 I TelecomFramework: TelecomAccountRegistry: setupAccounts: Phone with subscription id 1
09-28 19:17:06.321  2713  2713 I TelecomFramework: AccountEntry: Registered phoneAccount: [[ ] PhoneAccount: ComponentInfo{com.android.phone/com.android.services.telephony.TelephonyConnectionService}, ***, UserHandle{0} Capabilities: SuppVideo CallProvider MultiUser PlaceEmerg SimSub  Audio Routes: BESW Schemes: tel voicemail  Extras: Bundle[{android.telecom.extra.SUPPORTS_VIDEO_CALLING_FALLBACK=true, android.telecom.extra.SORT_ORDER=0}] GroupId: ***] with handle: ComponentInfo{com.android.phone/com.android.services.telephony.TelephonyConnectionService}, ***, UserHandle{0}
09-28 19:17:06.321  2713  2713 I TelecomFramework: PstnIncomingCallNotifier: Registering: Handler (com.android.internal.telephony.GsmCdmaPhone) {e2dca11}
09-28 19:17:06.322  2713  2713 I TelecomFramework: TelecomAccountRegistry: setupAccounts: Phone with subscription id -1
09-28 19:17:06.323  2713  2713 I TelecomFramework: TelecomAccountRegistry: Unregistering phone account ComponentInfo{com.android.phone/com.android.services.telephony.TelephonyConnectionService}, ***, UserHandle{0}.
09-28 19:17:06.360  2713  2713 I TelecomFramework: : onSubscriptionsChanged - update accounts
09-28 19:17:06.360  2713  2713 I TelecomFramework: PstnIncomingCallNotifier: Unregistering: Handler (com.android.internal.telephony.GsmCdmaPhone) {e2dca11}
09-28 19:17:06.361  2713  2713 I TelecomFramework: TelecomAccountRegistry: setupAccounts: Found 2 phones.  Attempting to register.
09-28 19:17:06.361  2713  2713 I TelecomFramework: TelecomAccountRegistry: setupAccounts: Phone with subscription id 1
09-28 19:17:06.371  2713  2713 I TelecomFramework: AccountEntry: Registered phoneAccount: [[ ] PhoneAccount: ComponentInfo{com.android.phone/com.android.services.telephony.TelephonyConnectionService}, ***, UserHandle{0} Capabilities: SuppVideo CallProvider MultiUser PlaceEmerg SimSub  Audio Routes: BESW Schemes: tel voicemail  Extras: Bundle[{android.telecom.extra.SUPPORTS_VIDEO_CALLING_FALLBACK=true, android.telecom.extra.SORT_ORDER=0}] GroupId: ***] with handle: ComponentInfo{com.android.phone/com.android.services.telephony.TelephonyConnectionService}, ***, UserHandle{0}
09-28 19:17:06.371  2713  2713 I TelecomFramework: PstnIncomingCallNotifier: Registering: Handler (com.android.internal.telephony.GsmCdmaPhone) {e2dca11}
09-28 19:17:06.373  2713  2713 I TelecomFramework: TelecomAccountRegistry: setupAccounts: Phone with subscription id -1
09-28 19:17:06.380  2713  2713 I TelecomFramework: : onSubscriptionsChanged - update accounts
09-28 19:17:06.380  2713  2713 I TelecomFramework: PstnIncomingCallNotifier: Unregistering: Handler (com.android.internal.telephony.GsmCdmaPhone) {e2dca11}
09-28 19:17:06.381  2713  2713 I TelecomFramework: TelecomAccountRegistry: setupAccounts: Found 2 phones.  Attempting to register.
09-28 19:17:06.382  2713  2713 I TelecomFramework: TelecomAccountRegistry: setupAccounts: Phone with subscription id 1
09-28 19:17:06.396  2713  2713 I TelecomFramework: AccountEntry: Registered phoneAccount: [[ ] PhoneAccount: ComponentInfo{com.android.phone/com.android.services.telephony.TelephonyConnectionService}, ***, UserHandle{0} Capabilities: SuppVideo CallProvider MultiUser PlaceEmerg SimSub  Audio Routes: BESW Schemes: tel voicemail  Extras: Bundle[{android.telecom.extra.SUPPORTS_VIDEO_CALLING_FALLBACK=true, android.telecom.extra.SORT_ORDER=0}] GroupId: ***] with handle: ComponentInfo{com.android.phone/com.android.services.telephony.TelephonyConnectionService}, ***, UserHandle{0}
09-28 19:17:06.397  2713  2713 I TelecomFramework: PstnIncomingCallNotifier: Registering: Handler (com.android.internal.telephony.GsmCdmaPhone) {e2dca11}
09-28 19:17:06.398  2713  2713 I TelecomFramework: TelecomAccountRegistry: setupAccounts: Phone with subscription id -1
09-28 19:17:06.405  2713  2713 I TelecomFramework: : onSubscriptionsChanged - update accounts
09-28 19:17:06.405  2713  2713 I TelecomFramework: PstnIncomingCallNotifier: Unregistering: Handler (com.android.internal.telephony.GsmCdmaPhone) {e2dca11}
09-28 19:17:06.405  2102  2102 I imsrcsd : getAndroidPropValue : vendor.ims.modem.multisub.cap[2]
09-28 19:17:06.406  2102  2102 I imsrcsd : Uce Service HAL  detected modemVersion[2]
09-28 19:17:06.406  2102  2102 I imsrcsd : Uce Service HAL  loading lib-imsrcs-v2
09-28 19:17:06.406  2713  2713 I TelecomFramework: TelecomAccountRegistry: setupAccounts: Found 2 phones.  Attempting to register.
09-28 19:17:06.406  2713  2713 I TelecomFramework: TelecomAccountRegistry: setupAccounts: Phone with subscription id 1
09-28 19:17:06.414  2713  2713 I TelecomFramework: AccountEntry: Registered phoneAccount: [[ ] PhoneAccount: ComponentInfo{com.android.phone/com.android.services.telephony.TelephonyConnectionService}, ***, UserHandle{0} Capabilities: SuppVideo CallProvider MultiUser PlaceEmerg SimSub  Audio Routes: BESW Schemes: tel voicemail  Extras: Bundle[{android.telecom.extra.SUPPORTS_VIDEO_CALLING_FALLBACK=true, android.telecom.extra.SORT_ORDER=0}] GroupId: ***] with handle: ComponentInfo{com.android.phone/com.android.services.telephony.TelephonyConnectionService}, ***, UserHandle{0}
09-28 19:17:06.414  2713  2713 I TelecomFramework: PstnIncomingCallNotifier: Registering: Handler (com.android.internal.telephony.GsmCdmaPhone) {e2dca11}
09-28 19:17:06.416  2713  2713 I TelecomFramework: TelecomAccountRegistry: setupAccounts: Phone with subscription id -1
09-28 19:17:06.423  2713  2713 I TelecomFramework: : onSubscriptionsChanged - update accounts
09-28 19:17:06.423  2713  2713 I TelecomFramework: PstnIncomingCallNotifier: Unregistering: Handler (com.android.internal.telephony.GsmCdmaPhone) {e2dca11}
09-28 19:17:06.424  2713  2713 I TelecomFramework: TelecomAccountRegistry: setupAccounts: Found 2 phones.  Attempting to register.
09-28 19:17:06.424  2713  2713 I TelecomFramework: TelecomAccountRegistry: setupAccounts: Phone with subscription id 1
09-28 19:17:06.431  2102  2102 I Diag_Lib: StartImsService
09-28 19:17:06.431  2102  2102 I imsrcsd : ImsServiceMain startService[1]
09-28 19:17:06.432  2713  2713 I TelecomFramework: AccountEntry: Registered phoneAccount: [[ ] PhoneAccount: ComponentInfo{com.android.phone/com.android.services.telephony.TelephonyConnectionService}, ***, UserHandle{0} Capabilities: SuppVideo CallProvider MultiUser PlaceEmerg SimSub  Audio Routes: BESW Schemes: tel voicemail  Extras: Bundle[{android.telecom.extra.SUPPORTS_VIDEO_CALLING_FALLBACK=true, android.telecom.extra.SORT_ORDER=0}] GroupId: ***] with handle: ComponentInfo{com.android.phone/com.android.services.telephony.TelephonyConnectionService}, ***, UserHandle{0}
09-28 19:17:06.432  2713  2713 I TelecomFramework: PstnIncomingCallNotifier: Registering: Handler (com.android.internal.telephony.GsmCdmaPhone) {e2dca11}
09-28 19:17:06.435  2713  2713 I TelecomFramework: TelecomAccountRegistry: setupAccounts: Phone with subscription id -1
09-28 19:17:06.436  2102  3042 I ServiceManagement: Registered vendor.qti.ims.callinfo@1.0::IService/default (start delay of 5070ms)
09-28 19:17:06.436  2102  3042 I imsrcsd : ImsServiceMain Running..
09-28 19:17:06.441  2713  2713 I TelecomFramework: : onSubscriptionsChanged - update accounts
09-28 19:17:06.441  2713  2713 I TelecomFramework: PstnIncomingCallNotifier: Unregistering: Handler (com.android.internal.telephony.GsmCdmaPhone) {e2dca11}
09-28 19:17:06.442  2713  2713 I TelecomFramework: TelecomAccountRegistry: setupAccounts: Found 2 phones.  Attempting to register.
09-28 19:17:06.442  2713  2713 I TelecomFramework: TelecomAccountRegistry: setupAccounts: Phone with subscription id 1
09-28 19:17:06.450  2713  2713 I TelecomFramework: AccountEntry: Registered phoneAccount: [[ ] PhoneAccount: ComponentInfo{com.android.phone/com.android.services.telephony.TelephonyConnectionService}, ***, UserHandle{0} Capabilities: SuppVideo CallProvider MultiUser PlaceEmerg SimSub  Audio Routes: BESW Schemes: tel voicemail  Extras: Bundle[{android.telecom.extra.SUPPORTS_VIDEO_CALLING_FALLBACK=true, android.telecom.extra.SORT_ORDER=0}] GroupId: ***] with handle: ComponentInfo{com.android.phone/com.android.services.telephony.TelephonyConnectionService}, ***, UserHandle{0}
09-28 19:17:06.450  2713  2713 I TelecomFramework: PstnIncomingCallNotifier: Registering: Handler (com.android.internal.telephony.GsmCdmaPhone) {e2dca11}
09-28 19:17:06.452  2713  2713 I TelecomFramework: TelecomAccountRegistry: setupAccounts: Phone with subscription id -1
09-28 19:17:06.458  2713  2713 I TelecomFramework: : onSubscriptionsChanged - update accounts
09-28 19:17:06.458  2713  2713 I TelecomFramework: PstnIncomingCallNotifier: Unregistering: Handler (com.android.internal.telephony.GsmCdmaPhone) {e2dca11}
09-28 19:17:06.459  2713  2713 I TelecomFramework: TelecomAccountRegistry: setupAccounts: Found 2 phones.  Attempting to register.
09-28 19:17:06.459  2713  2713 I TelecomFramework: TelecomAccountRegistry: setupAccounts: Phone with subscription id 1
09-28 19:17:06.467  2713  2713 I TelecomFramework: AccountEntry: Registered phoneAccount: [[ ] PhoneAccount: ComponentInfo{com.android.phone/com.android.services.telephony.TelephonyConnectionService}, ***, UserHandle{0} Capabilities: SuppVideo CallProvider MultiUser PlaceEmerg SimSub  Audio Routes: BESW Schemes: tel voicemail  Extras: Bundle[{android.telecom.extra.SUPPORTS_VIDEO_CALLING_FALLBACK=true, android.telecom.extra.SORT_ORDER=0}] GroupId: ***] with handle: ComponentInfo{com.android.phone/com.android.services.telephony.TelephonyConnectionService}, ***, UserHandle{0}
09-28 19:17:06.467  2713  2713 I TelecomFramework: PstnIncomingCallNotifier: Registering: Handler (com.android.internal.telephony.GsmCdmaPhone) {e2dca11}
09-28 19:17:06.469  2713  2713 I TelecomFramework: TelecomAccountRegistry: setupAccounts: Phone with subscription id -1
09-28 19:17:06.502  2713  2713 I TelecomFramework: PstnPhoneCapabilitiesNotifier: handleVideoCapabilitesChanged. Video capability - false
09-28 19:17:06.532  2713  2713 I TelecomFramework: : onSubscriptionsChanged - update accounts
09-28 19:17:06.532  2713  2713 I TelecomFramework: PstnIncomingCallNotifier: Unregistering: Handler (com.android.internal.telephony.GsmCdmaPhone) {e2dca11}
09-28 19:17:06.533  2713  2713 I TelecomFramework: TelecomAccountRegistry: setupAccounts: Found 2 phones.  Attempting to register.
09-28 19:17:06.533  2713  2713 I TelecomFramework: TelecomAccountRegistry: setupAccounts: Phone with subscription id 1
09-28 19:17:06.547  2713  2713 I TelecomFramework: AccountEntry: Registered phoneAccount: [[ ] PhoneAccount: ComponentInfo{com.android.phone/com.android.services.telephony.TelephonyConnectionService}, ***, UserHandle{0} Capabilities: SuppVideo CallProvider MultiUser PlaceEmerg SimSub  Audio Routes: BESW Schemes: tel voicemail  Extras: Bundle[{android.telecom.extra.SUPPORTS_VIDEO_CALLING_FALLBACK=true, android.telecom.extra.SORT_ORDER=0}] GroupId: ***] with handle: ComponentInfo{com.android.phone/com.android.services.telephony.TelephonyConnectionService}, ***, UserHandle{0}
09-28 19:17:06.547  2713  2713 I TelecomFramework: PstnIncomingCallNotifier: Registering: Handler (com.android.internal.telephony.GsmCdmaPhone) {e2dca11}
09-28 19:17:06.548  2713  2713 I TelecomFramework: TelecomAccountRegistry: setupAccounts: Phone with subscription id -1
09-28 19:17:06.553  2102  3041 I Diag_Lib: OnServiceStatusReceived iStatus[0]
09-28 19:17:06.554  2102  3041 I Diag_Lib: Starting Service for First Time
09-28 19:17:06.555  2102  3041 I ServiceManagement: Registered com.qualcomm.qti.uceservice@2.1::IUceService/com.qualcomm.qti.uceservice (start delay of 5189ms)
09-28 19:17:06.556  2102  3041 I Diag_Lib: CM_IMSCONNECTIONMANAGER_CREATE_CONNECTION Before Registering Service
09-28 19:17:06.557  2102  3041 I ServiceManagement: Registered com.qualcomm.qti.imscmservice@2.2::IImsCmService/qti.ims.connectionmanagerservice (start delay of 5191ms)
09-28 19:17:06.557  2102  3041 I Diag_Lib: CM_IMSCONNECTIONMANAGER_CREATE_CONNECTION After Registering Service
09-28 19:17:06.563  2713  2713 I TelecomFramework: : onSubscriptionsChanged - update accounts
09-28 19:17:06.563  2713  2713 I TelecomFramework: PstnIncomingCallNotifier: Unregistering: Handler (com.android.internal.telephony.GsmCdmaPhone) {e2dca11}
09-28 19:17:06.564  2713  2713 I TelecomFramework: TelecomAccountRegistry: setupAccounts: Found 2 phones.  Attempting to register.
09-28 19:17:06.564  2713  2713 I TelecomFramework: TelecomAccountRegistry: setupAccounts: Phone with subscription id 1
09-28 19:17:06.574  2713  2713 I TelecomFramework: AccountEntry: Registered phoneAccount: [[ ] PhoneAccount: ComponentInfo{com.android.phone/com.android.services.telephony.TelephonyConnectionService}, ***, UserHandle{0} Capabilities: SuppVideo CallProvider MultiUser PlaceEmerg SimSub  Audio Routes: BESW Schemes: tel voicemail  Extras: Bundle[{android.telecom.extra.SUPPORTS_VIDEO_CALLING_FALLBACK=true, android.telecom.extra.SORT_ORDER=0}] GroupId: ***] with handle: ComponentInfo{com.android.phone/com.android.services.telephony.TelephonyConnectionService}, ***, UserHandle{0}
09-28 19:17:06.574  2713  2713 I TelecomFramework: PstnIncomingCallNotifier: Registering: Handler (com.android.internal.telephony.GsmCdmaPhone) {e2dca11}
09-28 19:17:06.576  2713  2713 I TelecomFramework: TelecomAccountRegistry: setupAccounts: Phone with subscription id -1
09-28 19:17:06.589  2713  2713 I TelecomFramework: PstnPhoneCapabilitiesNotifier: handleVideoCapabilitesChanged. Video capability - false
09-28 19:17:06.615  2713  2713 I TelecomFramework: PstnPhoneCapabilitiesNotifier: handleVideoCapabilitesChanged. Video capability - false
09-28 19:17:06.729  2713  2713 I TelecomFramework: : Carrier-config changed, checking for phone account updates.
09-28 19:17:06.737  2713  2713 I TelecomFramework: AccountEntry: reRegisterPstnPhoneAccount: subId: 1 - no change
09-28 19:17:06.820  2713  2713 I TelecomFramework: : onSubscriptionsChanged - update accounts
09-28 19:17:06.820  2713  2713 I TelecomFramework: PstnIncomingCallNotifier: Unregistering: Handler (com.android.internal.telephony.GsmCdmaPhone) {e2dca11}
09-28 19:17:06.821  2713  2713 I TelecomFramework: TelecomAccountRegistry: setupAccounts: Found 2 phones.  Attempting to register.
09-28 19:17:06.821  2713  2713 I TelecomFramework: TelecomAccountRegistry: setupAccounts: Phone with subscription id 1
09-28 19:17:06.830  2713  2713 I TelecomFramework: AccountEntry: Registered phoneAccount: [[ ] PhoneAccount: ComponentInfo{com.android.phone/com.android.services.telephony.TelephonyConnectionService}, ***, UserHandle{0} Capabilities: SuppVideo CallProvider MultiUser PlaceEmerg SimSub  Audio Routes: BESW Schemes: tel voicemail  Extras: Bundle[{android.telecom.extra.SUPPORTS_VIDEO_CALLING_FALLBACK=true, android.telecom.extra.SORT_ORDER=0}] GroupId: ***] with handle: ComponentInfo{com.android.phone/com.android.services.telephony.TelephonyConnectionService}, ***, UserHandle{0}
09-28 19:17:06.830  2713  2713 I TelecomFramework: PstnIncomingCallNotifier: Registering: Handler (com.android.internal.telephony.GsmCdmaPhone) {e2dca11}
09-28 19:17:06.831  2713  2713 I TelecomFramework: TelecomAccountRegistry: setupAccounts: Phone with subscription id -1
09-28 19:17:06.835  2713  2713 I TelecomFramework: PstnIncomingCallNotifier: Unregistering: Handler (com.android.internal.telephony.GsmCdmaPhone) {e2dca11}
09-28 19:17:06.836  2713  2713 I TelecomFramework: TelecomAccountRegistry: setupAccounts: Found 2 phones.  Attempting to register.
09-28 19:17:06.836  2713  2713 I TelecomFramework: TelecomAccountRegistry: setupAccounts: Phone with subscription id 1
09-28 19:17:06.844  2713  2713 I TelecomFramework: AccountEntry: Registered phoneAccount: [[ ] PhoneAccount: ComponentInfo{com.android.phone/com.android.services.telephony.TelephonyConnectionService}, ***, UserHandle{0} Capabilities: SuppVideo CallProvider MultiUser PlaceEmerg SimSub  Audio Routes: BESW Schemes: tel voicemail  Extras: Bundle[{android.telecom.extra.SUPPORTS_VIDEO_CALLING_FALLBACK=true, android.telecom.extra.SORT_ORDER=0}] GroupId: ***] with handle: ComponentInfo{com.android.phone/com.android.services.telephony.TelephonyConnectionService}, ***, UserHandle{0}
09-28 19:17:06.844  2713  2713 I TelecomFramework: PstnIncomingCallNotifier: Registering: Handler (com.android.internal.telephony.GsmCdmaPhone) {e2dca11}
09-28 19:17:06.845  2713  2713 I TelecomFramework: TelecomAccountRegistry: setupAccounts: Phone with subscription id -1
09-28 19:17:06.887  2713  2713 I TelecomFramework: PstnPhoneCapabilitiesNotifier: handleVideoCapabilitesChanged. Video capability - false
09-28 19:17:06.888  2713  2713 I TelecomFramework: PstnPhoneCapabilitiesNotifier: handleVideoCapabilitesChanged. Video capability - false
09-28 19:17:06.896  1559  3030 I chatty  : uid=1000(system) Binder:1559_A expire 13 lines
09-28 19:17:07.115  1559  2245 I chatty  : uid=1000(system) ConnectivitySer expire 14 lines
09-28 19:17:07.151   713  1258 I chatty  : uid=0(root) netd expire 10 lines
09-28 19:17:07.330  1559  3134 I chatty  : uid=1000(system) Binder:1559_B expire 10 lines
09-28 19:17:12.622  3283  3283 I chatty  : uid=0(root) /system/bin/sdcard expire 1 line
09-28 19:17:12.728   549   570 I chatty  : uid=0(root) Binder:549_2 expire 1 line
09-28 19:17:13.100  1559  1748 I chatty  : uid=1000(system) android.io expire 1 line
09-28 19:17:13.147  1559  2272 I chatty  : uid=1000(system) backup expire 18 lines
09-28 19:17:13.289  1559  3285 I chatty  : uid=1000(system) AdbDebuggingMan expire 2 lines
09-28 19:17:13.379  1559  3395 I chatty  : uid=1000(system) backup-0 expire 239 lines
09-28 19:17:13.920  1559  2328 I chatty  : uid=1000(system) SyncManager expire 3 lines
09-28 19:17:14.721  1559  3301 I chatty  : uid=1000(system) Binder:1559_C expire 9 lines
09-28 19:17:14.922  1559  2631 I chatty  : uid=1000(system) Binder:1559_7 expire 11 lines
09-28 19:17:15.041  3624  3873 W PackageParser: Unknown element under <manifest>: queries at /data/user_de/0/com.google.android.gms/app_chimera/m/0000000d/AdsDynamite.uncompressed.apk Binary XML file line #15
09-28 19:17:15.105  3624  3873 W PackageParser: Unknown element under <manifest>: queries at /data/user_de/0/com.google.android.gms/app_chimera/m/00000011/DynamiteModulesC.uncompressed.apk Binary XML file line #15
09-28 19:17:15.179  1559  3869 I chatty  : uid=1000(system) Binder:1559_F expire 13 lines
09-28 19:17:15.194  1559  3871 I chatty  : uid=1000(system) Binder:1559_11 expire 13 lines
09-28 19:17:15.239   549   549 I chatty  : uid=0(root) Binder:549_2 expire 7 lines
09-28 19:17:15.249  3624  3873 W PackageParser: Unknown element under <manifest>: queries at /data/user_de/0/com.google.android.gms/app_chimera/m/0000001d/dl-AdsFdrDynamite.integ_243220703100000.apk Binary XML file line #15
09-28 19:17:16.570  3624  3835 W PackageParser: Unknown element under <manifest>: queries at /data/user_de/0/com.google.android.gms/app_chimera/m/0000000d/AdsDynamite.uncompressed.apk Binary XML file line #15
09-28 19:17:16.586  3624  3835 W PackageParser: Unknown element under <manifest>: queries at /data/user_de/0/com.google.android.gms/app_chimera/m/0000001d/dl-AdsFdrDynamite.integ_243220703100000.apk Binary XML file line #15
09-28 19:17:16.630  4162  4162 I chatty  : uid=0(root) expire 1 line
09-28 19:17:17.032  1559  3872 I chatty  : uid=1000(system) Binder:1559_12 expire 12 lines
09-28 19:17:17.105  3624  3835 W PackageParser: Unknown element under <manifest>: queries at /data/user_de/0/com.google.android.gms/app_chimera/m/00000011/DynamiteModulesC.uncompressed.apk Binary XML file line #15
09-28 19:17:17.149  3624  3835 W PackageParser: Unknown element under <manifest>: queries at /data/user_de/0/com.google.android.gms/app_chimera/m/0000000d/AdsDynamite.uncompressed.apk Binary XML file line #15
09-28 19:17:17.160  3624  3835 W PackageParser: Unknown element under <manifest>: queries at /data/user_de/0/com.google.android.gms/app_chimera/m/00000011/DynamiteModulesC.uncompressed.apk Binary XML file line #15
09-28 19:17:17.170  3624  3835 W PackageParser: Unknown element under <manifest>: queries at /data/user_de/0/com.google.android.gms/app_chimera/m/0000001d/dl-AdsFdrDynamite.integ_243220703100000.apk Binary XML file line #15
09-28 19:17:17.859  1559  3870 I chatty  : uid=1000(system) Binder:1559_10 expire 13 lines
09-28 19:17:20.870  1559  1721 I chatty  : uid=1000(system) Binder:1559_1 expire 5 lines
09-28 19:17:20.873  1559  2393 I chatty  : uid=1000(system) Binder:1559_4 expire 10 lines
09-28 19:17:21.495  1559  1749 I chatty  : uid=1000(system) android.display expire 10 lines
09-28 19:17:21.827  1559  1766 I chatty  : uid=1000(system) ActivityManager expire 24 lines
09-28 19:17:21.938  1559  4669 I chatty  : uid=1000 system_server expire 11 lines
09-28 19:17:23.982  1559  1559 I chatty  : uid=1000 system_server expire 10 lines
09-28 19:17:24.248  2713  2713 I TelecomFramework: : Carrier-config changed, checking for phone account updates.
09-28 19:17:24.269  2713  2713 I TelecomFramework: AccountEntry: reRegisterPstnPhoneAccount: subId: 1 - no change
09-28 19:17:24.543  2713  2713 I TelecomFramework: : Carrier-config changed, checking for phone account updates.
09-28 19:17:27.488  2748  4003 D TextClassifierService: No configured system TextClassifierService
09-28 19:17:27.621  2748  4003 D TextClassifierService: No configured system TextClassifierService
09-28 19:17:28.465  1559  5137 I chatty  : uid=1000(system) Binder:1559_13 expire 7 lines
09-28 19:17:28.840  1559  3414 I chatty  : uid=1000(system) Binder:1559_E expire 9 lines
09-28 19:17:29.311  1559  3134 I chatty  : uid=1000(system) Binder:1559_B expire 11 lines
09-28 19:17:30.389  1559  2580 I chatty  : uid=1000(system) Binder:1559_5 expire 5 lines
09-28 19:17:30.398  1559  1722 I chatty  : uid=1000(system) Binder:1559_2 expire 8 lines
09-28 19:17:30.595  5541  5541 D ActivityThread: Loading provider app.revanced.android.gms.microg.settings: org.microg.gms.settings.SettingsProvider
09-28 19:17:38.668  1559  1765 I chatty  : uid=1000(system) ActivityManager expire 12 lines
09-28 19:17:39.252  1559  3869 I chatty  : uid=1000(system) Binder:1559_F expire 4 lines
09-28 19:17:39.339  3624  5290 W PackageParser: Unknown element under <manifest>: queries at /data/user_de/0/com.google.android.gms/app_chimera/m/0000000d/AdsDynamite.uncompressed.apk Binary XML file line #15
09-28 19:17:39.351  3624  5290 W PackageParser: Unknown element under <manifest>: queries at /data/user_de/0/com.google.android.gms/app_chimera/m/00000011/DynamiteModulesC.uncompressed.apk Binary XML file line #15
09-28 19:17:39.363  3624  5290 W PackageParser: Unknown element under <manifest>: queries at /data/user_de/0/com.google.android.gms/app_chimera/m/0000001d/dl-AdsFdrDynamite.integ_243220703100000.apk Binary XML file line #15
09-28 19:17:39.482  3624  3825 W PackageParser: Unknown element under <manifest>: queries at /data/user_de/0/com.google.android.gms/app_chimera/m/0000000d/AdsDynamite.uncompressed.apk Binary XML file line #15
09-28 19:17:39.495  3624  3825 W PackageParser: Unknown element under <manifest>: queries at /data/user_de/0/com.google.android.gms/app_chimera/m/00000011/DynamiteModulesC.uncompressed.apk Binary XML file line #15
09-28 19:17:39.512  3624  3825 W PackageParser: Unknown element under <manifest>: queries at /data/user_de/0/com.google.android.gms/app_chimera/m/0000001d/dl-AdsFdrDynamite.integ_243220703100000.apk Binary XML file line #15
09-28 19:17:39.529  1559  3030 I chatty  : uid=1000(system) Binder:1559_A expire 13 lines
09-28 19:17:39.570  1559  2062 I chatty  : uid=1000(system) Binder:1559_3 expire 13 lines
09-28 19:17:39.580  1559  1749 I chatty  : uid=1000(system) android.display expire 13 lines
09-28 19:17:40.919  1559  1764 I chatty  : uid=1000(system) android.bg expire 3 lines
09-28 19:17:40.937  1559  1559 I chatty  : uid=1000 system_server expire 10 lines
09-28 19:17:40.953  1559  6264 I chatty  : uid=1000(system) Binder:1559_14 expire 10 lines
09-28 19:17:48.822  1559  3871 I chatty  : uid=1000(system) Binder:1559_11 expire 10 lines
09-28 19:17:48.946  1559  3412 I chatty  : uid=1000(system) Binder:1559_D expire 6 lines
09-28 19:17:49.992  1559  1766 I chatty  : uid=1000(system) ActivityManager expire 16 lines
09-28 19:18:14.141  1038  1038 W wificond: Scan is not started. Ignore abort request
09-28 19:18:15.864  1038  1038 I wificond: Received external scan result notification from kernel.
09-28 19:18:16.019  1559  6264 I chatty  : uid=1000(system) Binder:1559_14 expire 6 lines
09-28 19:18:20.896  1559  2237 I chatty  : uid=1000(system) WifiService expire 3 lines
09-28 19:18:20.926  1038  1038 W wificond: Scan is not started. Ignore abort request
09-28 19:18:22.367  1038  1038 E wificond: NL80211_CMD_TRIGGER_SCAN failed: Device or resource busy
09-28 19:18:27.451  1559  2245 I chatty  : uid=1000(system) ConnectivitySer expire 4 lines
09-28 19:18:29.211  1559  2885 I chatty  : uid=1000(system) Binder:1559_9 expire 5 lines
09-28 19:18:29.771   713  1258 I chatty  : uid=0(root) netd expire 6 lines
09-28 19:19:11.798  1559  7508 I chatty  : uid=1000(system) Binder:1559_16 expire 5 lines
09-28 19:19:42.935  1559  1766 I chatty  : uid=1000(system) ActivityManager expire 30 lines
09-28 19:19:43.349  1559  7755 I chatty  : uid=1000(system) Binder:1559_17 expire 17 lines
09-28 19:19:44.753  1559  3871 I chatty  : uid=1000(system) Binder:1559_11 expire 12 lines
09-28 19:19:48.763  1559  1749 I chatty  : uid=1000(system) android.display expire 18 lines
09-28 19:20:04.476  1559  1765 I chatty  : uid=1000(system) ActivityManager expire 9 lines
09-28 19:21:48.687  1559  3870 I chatty  : uid=1000(system) Binder:1559_10 expire 10 lines
09-28 19:21:52.162  1559  1795 I chatty  : uid=1000(system) PackageManager expire 101 lines
09-28 19:21:52.234   549  2327 I chatty  : uid=0(root) Binder:549_A expire 1 line
09-28 19:21:52.240   549  2322 D vold    : Remounting 10194 as mode default
09-28 19:21:52.258   549  2325 D vold    : Remounting 10194 as mode default
09-28 19:21:52.366  1559  3030 I chatty  : uid=1000(system) Binder:1559_A expire 3 lines
09-28 19:21:55.778  1559  3872 I chatty  : uid=1000(system) Binder:1559_12 expire 9 lines
09-28 19:21:56.841  1559  1766 I chatty  : uid=1000(system) ActivityManager expire 6 lines
09-28 19:22:07.748  1559  9211 I chatty  : uid=1000(system) Binder:1559_19 expire 3 lines
09-28 19:22:16.223  2748  4003 D TextClassifierService: No configured system TextClassifierService
09-28 19:22:16.307  2748  4003 D TextClassifierService: No configured system TextClassifierService
09-28 19:22:19.836  1559  9206 I chatty  : uid=1000(system) Binder:1559_18 expire 6 lines
09-28 19:22:22.807  1559  9622 I chatty  : uid=1000(system) Binder:1559_1A expire 9 lines
09-28 19:22:30.190  1559  2831 I chatty  : uid=1000(system) Binder:1559_8 expire 5 lines
09-28 19:22:36.579  2748  4003 D TextClassifierService: No configured system TextClassifierService
09-28 19:22:39.711  2748  4003 I chatty  : uid=10150(com.google.android.ext.services) pool-2-thread-1 identical 1 line
09-28 19:22:39.718  2748  4003 D TextClassifierService: No configured system TextClassifierService
09-28 19:23:00.460  1559  3870 I chatty  : uid=1000(system) Binder:1559_10 expire 6 lines
09-28 19:23:01.351  1559  1747 I chatty  : uid=1000(system) android.ui expire 2 lines
09-28 19:23:19.600  1559  1749 I chatty  : uid=1000(system) android.display expire 3 lines
09-28 19:23:54.720  1559  2631 I chatty  : uid=1000(system) Binder:1559_7 expire 2 lines
09-28 19:24:20.404  1559  6397 I chatty  : uid=1000(system) Binder:1559_15 expire 1 line
09-28 19:24:20.735  1559  3871 I chatty  : uid=1000(system) Binder:1559_11 expire 1 line
09-28 19:24:22.157  1559 10199 I chatty  : uid=1000(system) Binder:1559_1B expire 5 lines
09-28 19:24:34.412  1559  1772 I chatty  : uid=1000(system) batterystats-wo expire 9 lines
09-28 19:24:34.648  1559  5137 I chatty  : uid=1000(system) Binder:1559_13 expire 1 line
09-28 19:24:35.433  1559  3412 I chatty  : uid=1000(system) Binder:1559_D expire 1 line
09-28 19:24:35.436  1559  1765 I chatty  : uid=1000(system) ActivityManager expire 2 lines
09-28 19:24:35.457  1559  1559 I chatty  : uid=1000 system_server expire 14 lines
09-28 19:24:35.474  1559  3030 I chatty  : uid=1000(system) Binder:1559_A expire 1 line
09-28 19:24:35.484  1559  2631 I chatty  : uid=1000(system) Binder:1559_7 expire 5 lines
09-28 19:24:35.536  1559  1764 I chatty  : uid=1000(system) android.bg expire 2 lines
09-28 19:24:36.786  1559  2619 I chatty  : uid=1000(system) Binder:1559_6 expire 5 lines
09-28 19:24:37.151  1559  2580 I chatty  : uid=1000(system) Binder:1559_5 expire 1 line
09-28 19:24:38.168  1559  6397 I chatty  : uid=1000(system) Binder:1559_15 expire 8 lines
09-28 19:24:40.766  1559  2062 I chatty  : uid=1000(system) Binder:1559_3 expire 6 lines
09-28 19:24:42.350   549  2325 D vold    : Remounting 10121 as mode read
09-28 19:24:42.378   549  2325 D vold    : Remounting 10121 as mode write
09-28 19:24:43.631  1559  1749 I chatty  : uid=1000(system) android.display expire 4 lines
09-28 19:24:45.650  1559  1766 I chatty  : uid=1000(system) ActivityManager expire 12 lines
09-28 19:24:58.184  1559  3414 I chatty  : uid=1000(system) Binder:1559_E expire 1 line
09-28 19:24:58.768  1559  3134 I chatty  : uid=1000(system) Binder:1559_B expire 8 lines
09-28 19:25:00.071  1559  3871 I chatty  : uid=1000(system) Binder:1559_11 expire 1 line
09-28 19:25:06.904 10477 10477 E ADBRootService: Unable to acquire ADBRootService
09-28 19:25:06.968  1559 10473 I chatty  : uid=1000(system) Binder:1559_1D expire 1 line
09-28 19:25:07.066  1559  1559 I chatty  : uid=1000 system_server expire 54 lines
09-28 19:25:10.247  1559  2631 I chatty  : uid=1000(system) Binder:1559_7 expire 6 lines
09-28 19:25:25.192  1559 10473 I chatty  : uid=1000(system) Binder:1559_1D expire 4 lines
09-28 19:25:27.709  1559  1749 I chatty  : uid=1000(system) android.display expire 6 lines
09-28 19:25:27.831  1559 10394 I chatty  : uid=1000(system) Binder:1559_1C expire 1 line
09-28 19:25:30.687  1559  1766 I chatty  : uid=1000(system) ActivityManager expire 1 line
09-28 19:25:30.868  1559  2580 I chatty  : uid=1000(system) Binder:1559_5 expire 2 lines
09-28 19:25:33.803  1559  7755 I chatty  : uid=1000(system) Binder:1559_17 expire 1 line
09-28 19:25:34.335  1559  2062 I chatty  : uid=1000(system) Binder:1559_3 expire 2 lines
09-28 19:25:34.830  1559  3871 I chatty  : uid=1000(system) Binder:1559_11 expire 3 lines
09-28 19:26:04.406  1559  3869 I chatty  : uid=1000(system) Binder:1559_F expire 4 lines
09-28 19:26:05.908  1559  1749 I chatty  : uid=1000(system) android.display expire 3 lines
09-28 19:26:14.381  1559  2631 I chatty  : uid=1000(system) Binder:1559_7 expire 4 lines
09-28 19:26:15.398  1559  1559 I chatty  : uid=1000 system_server expire 47 lines
09-28 19:26:26.664  1559  1772 I chatty  : uid=1000(system) batterystats-wo expire 12 lines
09-28 19:26:27.614  1559  2580 I chatty  : uid=1000(system) Binder:1559_5 expire 3 lines
09-28 19:26:27.796  1559  7755 I chatty  : uid=1000(system) Binder:1559_17 expire 2 lines
09-28 19:26:30.258  1559  7508 I chatty  : uid=1000(system) Binder:1559_16 expire 1 line
09-28 19:26:32.694  1559  1747 I chatty  : uid=1000(system) android.ui expire 1 line
09-28 19:26:35.836  1559  1721 I chatty  : uid=1000(system) Binder:1559_1 expire 1 line
09-28 19:26:37.589  1559  1766 I chatty  : uid=1000(system) ActivityManager expire 1 line
09-28 19:26:37.758  1559  3870 I chatty  : uid=1000(system) Binder:1559_10 expire 2 lines
09-28 19:26:46.000  1559  3871 I chatty  : uid=1000(system) Binder:1559_11 expire 2 lines
09-28 19:27:14.681  1559  1772 I chatty  : uid=1000(system) batterystats-wo expire 4 lines
09-28 19:27:40.680  1559  1747 I chatty  : uid=1000(system) android.ui expire 11 lines
09-28 19:29:53.940   713  1258 E NetlinkEvent: NetlinkEvent::FindParam(): Parameter 'INTERFACE' not found
09-28 19:29:53.940   713  1258 E NetlinkEvent: NetlinkEvent::FindParam(): Parameter 'STATE' not found
09-28 19:29:53.940   713  1258 E NetlinkEvent: NetlinkEvent::FindParam(): Parameter 'TIME_NS' not found
09-28 19:29:53.940   713  1258 E NetlinkEvent: NetlinkEvent::FindParam(): Parameter 'UID' not found
09-28 19:30:11.734  1559  1765 I chatty  : uid=1000(system) ActivityManager expire 4 lines
09-28 19:30:14.460  1559  3869 I chatty  : uid=1000(system) Binder:1559_F expire 4 lines
09-28 19:30:42.969  1559  1559 I chatty  : uid=1000 system_server expire 28 lines
09-28 19:30:43.254  1559 10804 I chatty  : uid=1000(system) Binder:1559_1E expire 1 line
09-28 19:30:43.811  1559  1749 I chatty  : uid=1000(system) android.display expire 6 lines
09-28 19:30:44.004  1559  2885 I chatty  : uid=1000(system) Binder:1559_9 expire 2 lines
09-28 19:30:44.004  1559  2831 I chatty  : uid=1000(system) Binder:1559_8 expire 1 line
09-28 19:30:45.573  1559  6264 I chatty  : uid=1000(system) Binder:1559_14 expire 8 lines
09-28 19:30:47.718  1559  3412 I chatty  : uid=1000(system) Binder:1559_D expire 2 lines
09-28 19:31:19.017  1559  2198 I chatty  : uid=1000(system) HwBinder:1559_4 expire 3 lines
09-28 19:31:19.019  1559  1745 I chatty  : uid=1000(system) android.fg expire 9 lines
09-28 19:31:19.267  1559  1748 I chatty  : uid=1000(system) android.io expire 1 line
09-28 19:32:02.230  1559  1784 I chatty  : uid=1000(system) PowerManagerSer expire 4 lines
09-28 19:32:02.737  1559  3285 I chatty  : uid=1000(system) AdbDebuggingMan expire 2 lines
09-28 19:32:23.381  1559  2190 I chatty  : uid=1000(system) InputReader expire 1 line
09-28 19:32:25.697  1559  1559 I chatty  : uid=1000 system_server expire 35 lines
09-28 19:32:25.701  1559  3412 I chatty  : uid=1000(system) Binder:1559_D expire 4 lines
09-28 19:32:25.723  1559  1749 I chatty  : uid=1000(system) android.display expire 4 lines
09-28 19:32:25.724  1559  1745 I chatty  : uid=1000(system) android.fg expire 2 lines
09-28 19:32:25.752  1559  1765 I chatty  : uid=1000(system) ActivityManager expire 3 lines
09-28 19:32:25.789  1559  3285 I chatty  : uid=1000(system) AdbDebuggingMan expire 2 lines
09-28 19:32:25.811  1559 10804 I chatty  : uid=1000(system) Binder:1559_1E expire 6 lines
09-28 19:32:26.631  1559  2885 I chatty  : uid=1000(system) Binder:1559_9 expire 3 lines
09-28 19:32:33.516  1559  1747 I chatty  : uid=1000(system) android.ui expire 7 lines
09-28 19:32:46.606  1559 10199 I chatty  : uid=1000(system) Binder:1559_1B expire 6 lines
09-28 19:34:43.596  1559  1764 I chatty  : uid=1000(system) android.bg expire 6 lines
09-28 19:35:38.693  1559  6264 I chatty  : uid=1000(system) Binder:1559_14 expire 2 lines
09-28 19:35:39.967  1559 12184 I chatty  : uid=1000(system) Binder:1559_1F expire 1 line
09-28 19:36:01.649  1559  9211 I chatty  : uid=1000(system) Binder:1559_19 expire 5 lines
09-28 19:36:01.835  1559  1559 I chatty  : uid=1000 system_server expire 59 lines
09-28 19:36:02.455  1559 13361 I chatty  : uid=1000(system) Binder:1559_20 expire 5 lines
09-28 19:36:03.193  1559 10199 I chatty  : uid=1000(system) Binder:1559_1B expire 6 lines
09-28 19:36:10.763  1559  1747 I chatty  : uid=1000(system) android.ui expire 5 lines
09-28 19:36:10.826  1559  2831 I chatty  : uid=1000(system) Binder:1559_8 expire 14 lines
09-28 19:36:41.429  1559 10199 I chatty  : uid=1000(system) Binder:1559_1B expire 1 line
09-28 19:36:41.467  1559  1559 I chatty  : uid=1000 system_server expire 28 lines
09-28 19:36:42.036  1559 13361 I chatty  : uid=1000(system) Binder:1559_20 expire 1 line
09-28 19:36:42.188  1559 12184 I chatty  : uid=1000(system) Binder:1559_1F expire 4 lines
09-28 19:36:42.196  1559  1749 I chatty  : uid=1000(system) android.display expire 1 line
09-28 19:36:43.225  1559  1766 I chatty  : uid=1000(system) ActivityManager expire 5 lines
09-28 19:36:43.495  1559  2631 I chatty  : uid=1000(system) Binder:1559_7 expire 5 lines
09-28 19:36:43.915 13561 13561 I ActivityThread: handleStopService: token=android.os.BinderProxy@b13d54c not found.
09-28 19:36:43.923  1559  9211 I chatty  : uid=1000(system) Binder:1559_19 expire 2 lines
09-28 19:36:44.234  1559  3412 I chatty  : uid=1000(system) Binder:1559_D expire 3 lines
09-28 19:36:54.585  2748  4003 D TextClassifierService: No configured system TextClassifierService
09-28 19:36:54.594  2748  4003 D TextClassifierService: No configured system TextClassifierService
09-28 19:37:01.879  1559  1764 I chatty  : uid=1000(system) android.bg expire 2 lines
09-28 19:37:22.523  1559  1747 I chatty  : uid=1000(system) android.ui expire 2 lines
09-28 19:37:27.827  1559  1559 I chatty  : uid=1000 system_server expire 10 lines
09-28 19:37:28.871  1559 10473 I chatty  : uid=1000(system) Binder:1559_1D expire 2 lines
09-28 19:37:30.388 14108 14108 I ActivityThread: handleStopService: token=android.os.BinderProxy@2524ceb not found.
09-28 19:37:30.792  1559  2885 I chatty  : uid=1000(system) Binder:1559_9 expire 5 lines
09-28 19:37:31.780  1559 10473 I chatty  : uid=1000(system) Binder:1559_1D expire 9 lines
09-28 19:37:32.323  1559  1559 I chatty  : uid=1000 system_server expire 28 lines
09-28 19:37:32.531  1559  9211 I chatty  : uid=1000(system) Binder:1559_19 expire 4 lines
09-28 19:37:40.310  1559  1747 I chatty  : uid=1000(system) android.ui expire 3 lines
09-28 19:37:40.881  1559  3412 I chatty  : uid=1000(system) Binder:1559_D expire 2 lines
09-28 19:37:41.766  1559  3870 I chatty  : uid=1000(system) Binder:1559_10 expire 2 lines
09-28 19:37:42.692  1559  1749 I chatty  : uid=1000(system) android.display expire 1 line
09-28 19:37:43.724  1559  1766 I chatty  : uid=1000(system) ActivityManager expire 2 lines
09-28 19:37:45.008  1559  1722 I chatty  : uid=1000(system) Binder:1559_2 expire 1 line
09-28 19:37:51.679  3480  3480 W ContextImpl: Calling a method in the system process without a qualified user: android.app.ContextImpl.bindService:1649 android.content.ContextWrapper.bindService:705 com.asus.stitchimage.h.c.a:20 com.asus.stitchimage.h.c.a:2 com.asus.stitchimage.OverlayService.z:22 
09-28 19:37:53.175  1559  1559 I chatty  : uid=1000 system_server expire 20 lines
09-28 19:37:53.209  3480  3480 W ContextImpl: Calling a method in the system process without a qualified user: android.app.ContextImpl.startService:1570 android.content.ContextWrapper.startService:669 com.asus.stitchimage.b.b.onReceive:72 android.app.LoadedApk$ReceiverDispatcher$Args.lambda$getRunnable$0$LoadedApk$ReceiverDispatcher$Args:1555 android.app.-$$Lambda$LoadedApk$ReceiverDispatcher$Args$_BumDX2UKsnxLVrE6UJsJZkotuA.run:2 
09-28 19:37:53.325  3480  3480 W ContextImpl: Calling a method in the system process without a qualified user: android.app.ContextImpl.stopService:1582 android.content.ContextWrapper.stopService:679 com.asus.stitchimage.f.t.f:15 com.asus.stitchimage.f.t.a:0 com.asus.stitchimage.f.r.a:105 
09-28 19:37:53.443  1559  6397 I chatty  : uid=1000(system) Binder:1559_15 expire 1 line
09-28 19:37:55.275  1559  5137 I chatty  : uid=1000(system) Binder:1559_13 expire 4 lines
09-28 19:37:58.231   549  2325 D vold    : Remounting 10185 as mode write
09-28 19:37:58.238   549  2325 D vold    : Found matching PID 14108
09-28 19:37:58.248   549  2325 D vold    : Remounting 10185 as mode write
09-28 19:37:58.253   549  2325 D vold    : Found matching PID 14108
09-28 19:37:59.090  1559  1559 I chatty  : uid=1000 system_server expire 52 lines
09-28 19:37:59.103  1559  2885 I chatty  : uid=1000(system) Binder:1559_9 expire 1 line
09-28 19:38:05.844  1559  1722 I chatty  : uid=1000(system) Binder:1559_2 expire 2 lines
09-28 19:38:07.463  1559  3869 I chatty  : uid=1000(system) Binder:1559_F expire 1 line
09-28 19:38:08.104  1559  1749 I chatty  : uid=1000(system) android.display expire 2 lines
09-28 19:38:08.300  1559  3134 I chatty  : uid=1000(system) Binder:1559_B expire 1 line
09-28 19:38:08.302  1559  3301 I chatty  : uid=1000(system) Binder:1559_C expire 3 lines
09-28 19:38:09.422  1559  1766 I chatty  : uid=1000(system) ActivityManager expire 1 line
09-28 19:38:09.658  1559  7508 I chatty  : uid=1000(system) Binder:1559_16 expire 1 line
09-28 19:38:10.442  1559 10199 I chatty  : uid=1000(system) Binder:1559_1B expire 1 line
09-28 19:38:11.121  1559  9622 I chatty  : uid=1000(system) Binder:1559_1A expire 2 lines
09-28 19:38:16.992  1559  1772 I chatty  : uid=1000(system) batterystats-wo expire 1 line
09-28 19:38:18.119  1559  3414 I chatty  : uid=1000(system) Binder:1559_E expire 2 lines
09-28 19:38:18.720  1559 10473 I chatty  : uid=1000(system) Binder:1559_1D expire 3 lines
09-28 19:38:19.346   549  2325 D vold    : Remounting 10194 as mode read
09-28 19:38:19.373   549  2325 D vold    : Found matching PID 9355
09-28 19:38:19.380   549  2325 D vold    : Found matching PID 12201
09-28 19:38:19.393   549  2325 D vold    : Remounting 10194 as mode write
09-28 19:38:19.401   549  2325 D vold    : Found matching PID 9355
09-28 19:38:19.405   549  2325 D vold    : Found matching PID 12201
09-28 19:38:20.299  1559  1559 I chatty  : uid=1000 system_server expire 68 lines
09-28 19:38:21.438  1559 10473 I chatty  : uid=1000(system) Binder:1559_1D expire 3 lines
09-28 19:38:22.151  1559  2062 I chatty  : uid=1000(system) Binder:1559_3 expire 2 lines
09-28 19:38:23.331  1559  1772 I chatty  : uid=1000(system) batterystats-wo expire 3 lines
09-28 19:38:23.521  1559  2393 I chatty  : uid=1000(system) Binder:1559_4 expire 1 line
09-28 19:38:26.357  1559  5137 I chatty  : uid=1000(system) Binder:1559_13 expire 2 lines
09-28 19:38:27.737  1559  1747 I chatty  : uid=1000(system) android.ui expire 2 lines
09-28 19:38:27.995  1559  2580 I chatty  : uid=1000(system) Binder:1559_5 expire 2 lines
09-28 19:38:28.729  1559  3301 I chatty  : uid=1000(system) Binder:1559_C expire 3 lines
09-28 19:38:29.993  1559  1722 I chatty  : uid=1000(system) Binder:1559_2 expire 1 line
09-28 19:38:31.293  1559  1749 I chatty  : uid=1000(system) android.display expire 4 lines
09-28 19:38:35.400  1559  2062 I chatty  : uid=1000(system) Binder:1559_3 expire 9 lines
09-28 19:38:36.083  1559  3030 I chatty  : uid=1000(system) Binder:1559_A expire 1 line
09-28 19:38:36.103  1559  1559 I chatty  : uid=1000 system_server expire 45 lines
09-28 19:38:38.402  1559  5137 I chatty  : uid=1000(system) Binder:1559_13 expire 1 line
09-28 19:38:39.111  1559  3134 I chatty  : uid=1000(system) Binder:1559_B expire 2 lines
09-28 19:38:39.271  1559 10473 I chatty  : uid=1000(system) Binder:1559_1D expire 3 lines
09-28 19:38:45.795  1559  3871 I chatty  : uid=1000(system) Binder:1559_11 expire 1 line
09-28 19:39:02.329  1559  1765 I chatty  : uid=1000(system) ActivityManager expire 1 line
09-28 19:39:02.725  1559  1747 I chatty  : uid=1000(system) android.ui expire 2 lines
09-28 19:39:08.766  1559  6264 I chatty  : uid=1000(system) Binder:1559_14 expire 10 lines
09-28 19:39:10.455  1559  6397 I chatty  : uid=1000(system) Binder:1559_15 expire 2 lines
09-28 19:39:10.500  1559  1766 I chatty  : uid=1000(system) ActivityManager expire 1 line
09-28 19:39:20.243  1559  3414 I chatty  : uid=1000(system) Binder:1559_E expire 1 line
09-28 19:39:21.281  1559  7755 I chatty  : uid=1000(system) Binder:1559_17 expire 1 line
09-28 19:39:21.807  1559  7508 I chatty  : uid=1000(system) Binder:1559_16 expire 3 lines
09-28 19:39:22.443  1559  1766 I chatty  : uid=1000(system) ActivityManager expire 18 lines
09-28 19:39:22.710  1559 10473 I chatty  : uid=1000(system) Binder:1559_1D expire 1 line
09-28 19:39:22.794  1559  1559 I chatty  : uid=1000 system_server expire 26 lines
09-28 19:39:22.992 15164 15164 I ActivityThread: handleStopService: token=android.os.BinderProxy@2524ceb not found.
09-28 19:39:23.200  1559  6264 I chatty  : uid=1000(system) Binder:1559_14 expire 5 lines
09-28 19:39:23.447  1559  9622 I chatty  : uid=1000(system) Binder:1559_1A expire 2 lines
09-28 19:39:23.448  1559  3414 I chatty  : uid=1000(system) Binder:1559_E expire 10 lines
09-28 19:39:26.590  1559  1747 I chatty  : uid=1000(system) android.ui expire 9 lines
09-28 19:40:06.924  1559  6397 I chatty  : uid=1000(system) Binder:1559_15 expire 3 lines
09-28 19:40:16.733  1559  2062 I chatty  : uid=1000(system) Binder:1559_3 expire 1 line
09-28 19:40:24.943  2748  4003 D TextClassifierService: No configured system TextClassifierService
09-28 19:40:27.684  2748  4003 I chatty  : uid=10150(com.google.android.ext.services) pool-2-thread-1 identical 2 lines
09-28 19:40:27.694  2748  4003 D TextClassifierService: No configured system TextClassifierService
09-28 19:41:16.870  1559  1766 I chatty  : uid=1000(system) ActivityManager expire 3 lines
09-28 19:41:38.513  1559  1559 I chatty  : uid=1000 system_server expire 56 lines
