09-28 19:53:25.248 21235 21235 V SoLoader: libjnigraphics.so not found on /data/data/com.whatsapp/lib-main
09-28 19:53:25.249 21235 21235 V SoLoader: libjnigraphics.so not found on /data/app/com.whatsapp-lSNXpbIegxS8zk14au8aTA==/lib/arm64
09-28 19:53:25.249 21235 21235 D SoLoader: libjnigraphics.so found on /system/lib64
09-28 19:53:25.249 21235 21235 D SoLoader: libjnigraphics.so loaded implicitly
09-28 19:53:25.249 21235 21235 D SoLoader: libaom.so found on /data/data/com.whatsapp/files/decompressed/libs.spo
09-28 19:53:25.250 21235 21235 D SoLoader: Loading libaom.so's dependencies: [libc++_shared.so, libm.so, libdl.so, libc.so]
09-28 19:53:25.253 21235 21235 V SoLoader: libz.so not found on /data/data/com.whatsapp/files/decompressed/libs.spo
09-28 19:53:25.253 21235 21235 V SoLoader: libz.so not found on /data/data/com.whatsapp/lib-main
09-28 19:53:25.253 21235 21235 V SoLoader: libz.so not found on /data/app/com.whatsapp-lSNXpbIegxS8zk14au8aTA==/lib/arm64
09-28 19:53:25.253 21235 21235 D SoLoader: libz.so found on /system/lib64
09-28 19:53:25.253 21235 21235 D SoLoader: libz.so loaded implicitly
09-28 19:53:25.253 21235 21235 V SoLoader: libOpenSLES.so not found on /data/data/com.whatsapp/files/decompressed/libs.spo
09-28 19:53:25.253 21235 21235 V SoLoader: libOpenSLES.so not found on /data/data/com.whatsapp/lib-main
09-28 19:53:25.254 21235 21235 V SoLoader: libOpenSLES.so not found on /data/app/com.whatsapp-lSNXpbIegxS8zk14au8aTA==/lib/arm64
09-28 19:53:25.254 21235 21235 D SoLoader: libOpenSLES.so found on /system/lib64
09-28 19:53:25.241 21235 21235 W com.whatsapp: type=1400 audit(0.0:7016): avc: granted { execute } for path="/data/data/com.whatsapp/files/decompressed/libs.spo/libwhatsapp.so" dev="sda18" ino=10394 scontext=u:r:untrusted_app:s0:c189,c256,c512,c768 tcontext=u:object_r:app_data_file:s0:c189,c256,c512,c768 tclass=file app=com.whatsapp
09-28 19:53:25.254 21235 21235 D SoLoader: libOpenSLES.so loaded implicitly
09-28 19:53:25.264 21235 21268 I WhatsAppJni: EnsureThreadAttached: attached current thread to JVM
09-28 19:53:25.278 21235 21270 I WhatsAppJni: EnsureThreadAttached: attached current thread to JVM
09-28 19:53:25.279 21235 21269 I WhatsAppJni: EnsureThreadAttached: attached current thread to JVM
09-28 19:53:25.282 21235 21235 D SoLoader: libcurve25519.so found on /data/data/com.whatsapp/files/decompressed/libs.spo
09-28 19:53:25.283 21235 21235 D SoLoader: Loading libcurve25519.so's dependencies: [libc++_shared.so, libm.so, libdl.so, libc.so]
09-28 19:53:25.271 21235 21235 W com.whatsapp: type=1400 audit(0.0:7017): avc: granted { execute } for path="/data/data/com.whatsapp/files/decompressed/libs.spo/libcurve25519.so" dev="sda18" ino=12094 scontext=u:r:untrusted_app:s0:c189,c256,c512,c768 tcontext=u:object_r:app_data_file:s0:c189,c256,c512,c768 tclass=file app=com.whatsapp
09-28 19:53:25.366   874   874 I chatty  : uid=1000(system) vendor.qti.hard expire 8 lines
09-28 19:53:25.389  2334  2334 V RenderScript: User-backed allocation failed stride requirement, falling back to separate allocation
09-28 19:53:25.390  2334  2334 V RenderScript: User-backed allocation failed stride requirement, falling back to separate allocation
09-28 19:53:25.603  1559  2238 D UntrustedWifiNetworkFactory: got request NetworkRequest [ TRACK_DEFAULT id=114, [ Capabilities: INTERNET&NOT_RESTRICTED&TRUSTED Uid: 10189] ] with score 60 and serial -1
09-28 19:53:25.603  1559  2293 D Ethernet: got request NetworkRequest [ TRACK_DEFAULT id=114, [ Capabilities: INTERNET&NOT_RESTRICTED&TRUSTED Uid: 10189] ] with score 60 and serial -1
09-28 19:53:25.603  1559  2238 D WifiNetworkFactory: got request NetworkRequest [ TRACK_DEFAULT id=114, [ Capabilities: INTERNET&NOT_RESTRICTED&TRUSTED Uid: 10189] ] with score 60 and serial -1
09-28 19:53:25.605  2713  2713 D PhoneSwitcherNetworkRequstListener: got request NetworkRequest [ TRACK_DEFAULT id=114, [ Capabilities: INTERNET&NOT_RESTRICTED&TRUSTED Uid: 10189] ] with score 60 and serial -1
09-28 19:53:25.668 21235 21292 D WM-PackageManagerHelper: Skipping component enablement for androidx.work.impl.background.systemjob.SystemJobService
09-28 19:53:25.668 21235 21292 D WM-Schedulers: Created SystemJobScheduler and enabled SystemJobService
09-28 19:53:25.676   821  3381 W libperfmgr: Failed to write to node: /dev/stune/top-app/schedtune.prefer_high_cap with value: 1, fd: -1
09-28 19:53:25.676   821  3381 W libperfmgr: Failed to write to node: /proc/sys/kernel/sched_energy_aware with value: 1, fd: -1
09-28 19:53:25.678 21235 21300 D WM-ForceStopRunnable: Is default app process = true
09-28 19:53:25.678 21235 21300 D WM-ForceStopRunnable: Performing cleanup operations.
09-28 19:53:25.703 21235 21300 D WM-SystemJobScheduler: Reconciling jobs
09-28 19:53:25.714 21235 21300 D WM-ForceStopRunnable: Found unfinished work, scheduling it.
09-28 19:53:25.731 21235 21300 D WM-SystemJobScheduler: Scheduling work ID 1ae860fd-767d-4193-990e-fac07ddc6d9bJob ID 1036
09-28 19:53:25.801   713 21295 E ResolverController: No valid NAT64 prefix (101, <unspecified>/0)
09-28 19:53:25.802   713 21301 E ResolverController: No valid NAT64 prefix (101, <unspecified>/0)
09-28 19:53:25.835  1559  2631 D BluetoothManagerService: Trying to bind to profile: 1, while Bluetooth was disabled
09-28 19:53:26.177   821  3381 W libperfmgr: Failed to write to node: /dev/stune/top-app/schedtune.prefer_high_cap with value: 1, fd: -1
09-28 19:53:26.177   821  3381 W libperfmgr: Failed to write to node: /proc/sys/kernel/sched_energy_aware with value: 1, fd: -1
09-28 19:53:26.278  1559 10199 W ActivityManager: Background start not allowed: service Intent { act=com.whatsapp.messaging.MessageService.START cmp=com.whatsapp/.messaging.MessageService } to com.whatsapp/.messaging.MessageService from pid=21235 uid=10189 pkg=com.whatsapp startFg?=false
09-28 19:53:26.678   821  3381 W libperfmgr: Failed to write to node: /dev/stune/top-app/schedtune.prefer_high_cap with value: 1, fd: -1
09-28 19:53:26.678   821  3381 W libperfmgr: Failed to write to node: /proc/sys/kernel/sched_energy_aware with value: 1, fd: -1
09-28 19:53:27.179   821  3381 W libperfmgr: Failed to write to node: /dev/stune/top-app/schedtune.prefer_high_cap with value: 1, fd: -1
09-28 19:53:27.179   821  3381 W libperfmgr: Failed to write to node: /proc/sys/kernel/sched_energy_aware with value: 1, fd: -1
09-28 19:53:27.230  1559  2631 I ActivityTaskManager: START u0 {act=android.intent.action.MAIN cat=[android.intent.category.LAUNCHER] flg=0x10200000 cmp=com.termux/.app.TermuxActivity bnds=[30,115][234,498]} from uid 10164
09-28 19:53:27.238   821   821 D android.hardware.power@1.3-service.xiaomi_sm6250-libperfmgr: LAUNCH: 1
09-28 19:53:27.231   821   821 I NodeLooperThrea: type=1400 audit(0.0:7018): avc: denied { write } for name="scaling_min_freq" dev="sysfs" ino=34658 scontext=u:r:hal_power_default:s0 tcontext=u:object_r:sysfs_devices_system_cpu:s0 tclass=file permissive=1
09-28 19:53:27.231   821   821 I NodeLooperThrea: type=1400 audit(0.0:7019): avc: denied { write } for name="force_rail_on" dev="sysfs" ino=45804 scontext=u:r:hal_power_default:s0 tcontext=u:object_r:sysfs_kgsl:s0 tclass=file permissive=1
09-28 19:53:27.239  1559  2631 D ActivityTrigger: ActivityTrigger activityPauseTrigger 
09-28 19:53:27.231   821   821 I NodeLooperThrea: type=1400 audit(0.0:7020): avc: denied { open } for path="/sys/devices/platform/soc/5000000.qcom,kgsl-3d0/kgsl/kgsl-3d0/force_rail_on" dev="sysfs" ino=45804 scontext=u:r:hal_power_default:s0 tcontext=u:object_r:sysfs_kgsl:s0 tclass=file permissive=1
09-28 19:53:27.231   821   821 I NodeLooperThrea: type=1400 audit(0.0:7021): avc: denied { search } for name="devfreq" dev="sysfs" ino=40027 scontext=u:r:hal_power_default:s0 tcontext=u:object_r:sysfs_devfreq:s0 tclass=dir permissive=1
09-28 19:53:27.231   821   821 I NodeLooperThrea: type=1400 audit(0.0:7022): avc: denied { write } for name="min_freq" dev="sysfs" ino=53583 scontext=u:r:hal_power_default:s0 tcontext=u:object_r:sysfs_devfreq:s0 tclass=file permissive=1
09-28 19:53:27.231   821   821 I NodeLooperThrea: type=1400 audit(0.0:7023): avc: denied { open } for path="/sys/devices/platform/soc/soc:qcom,cpu-cpu-llcc-bw/devfreq/soc:qcom,cpu-cpu-llcc-bw/min_freq" dev="sysfs" ino=53583 scontext=u:r:hal_power_default:s0 tcontext=u:object_r:sysfs_devfreq:s0 tclass=file permissive=1
09-28 19:53:27.242   821  3381 W libperfmgr: Failed to write to node: /dev/stune/top-app/schedtune.prefer_high_cap with value: 1, fd: -1
09-28 19:53:27.242   821  3381 W libperfmgr: Failed to write to node: /proc/sys/kernel/sched_energy_aware with value: 0, fd: -1
09-28 19:53:27.247  1559  1559 W ActivityManager: Unable to start service Intent { act=android.service.contentcapture.ContentCaptureService cmp=com.google.android.as/com.google.android.apps.miphone.aiai.app.AiAiContentCaptureService } U=0: not found
09-28 19:53:27.247  1559  1559 W RemoteContentCaptureService: could not bind to Intent { act=android.service.contentcapture.ContentCaptureService cmp=com.google.android.as/com.google.android.apps.miphone.aiai.app.AiAiContentCaptureService } using flags 67108865
09-28 19:53:27.266   714   714 D Zygote  : Forked child process 21330
09-28 19:53:27.268  1559  1766 I ActivityManager: Start proc 21330:com.termux/u0a223 for pre-top-activity {com.termux/com.termux.app.TermuxActivity}
09-28 19:53:27.353  1404 21331 I KSUHide : proc_monitor: granted pkg=[com.termux] PID=[21330] UID=[10223]
09-28 19:53:27.379 21330 21330 E com.termux: Unknown bits set in runtime_flags: 0x8000
09-28 19:53:27.380 21330 21330 E com.termux: Not starting debugger since process cannot load the jdwp agent.
09-28 19:53:27.384 21330 21330 W com.termux: Core platform API violation: Ljava/lang/reflect/Field;->accessFlags:I from Landroid/os/Build; using reflection
09-28 19:53:27.395  1559  1749 D GamingModeHelper: onTopAppChanged: com.termux
09-28 19:53:27.397  1559  1559 W ActivityManager: Unable to start service Intent { act=android.service.contentcapture.ContentCaptureService cmp=com.google.android.as/com.google.android.apps.miphone.aiai.app.AiAiContentCaptureService } U=0: not found
09-28 19:53:27.397  1559  1559 W RemoteContentCaptureService: could not bind to Intent { act=android.service.contentcapture.ContentCaptureService cmp=com.google.android.as/com.google.android.apps.miphone.aiai.app.AiAiContentCaptureService } using flags 67108865
09-28 19:53:27.399  2334  2334 D ImageWallpaper: wallpaper visibility changes to: false
09-28 19:53:27.405   935   935 E Layer   : [Surface(name=AppWindowToken{ec41c66 token=Token{f9e7cc1 ActivityRecord{7fd09a8 u0 com.termux/.app.TermuxActivity t68}}})/@0x42c7c97 - animation-leash#0] No local sync point found
09-28 19:53:27.405   935   935 E Layer   : [Surface(name=AppWindowToken{f12a10f token=Token{e80f66e ActivityRecord{10dd9e9 u0 com.android.launcher3/.shady.ShadyLauncher t2}}})/@0x5ad9146 - animation-leash#0] No local sync point found
09-28 19:53:27.616 21330 21330 I Termux.TermuxApplication: Termux files directory is accessible
09-28 19:53:27.651 21330 21330 W com.termux: Accessing hidden field Ljava/util/Collections$SynchronizedCollection;->mutex:Ljava/lang/Object; (greylist-max-o, reflection, denied)
09-28 19:53:27.651 21330 21330 W com.termux: Accessing hidden method Ljava/util/Collections$SynchronizedSet;-><init>(Ljava/util/Set;Ljava/lang/Object;)V (greylist-max-o, reflection, denied)
09-28 19:53:27.651 21330 21330 W com.termux: Accessing hidden method Ljava/util/Collections$SynchronizedCollection;-><init>(Ljava/util/Collection;Ljava/lang/Object;)V (greylist-max-o, reflection, denied)
09-28 19:53:27.742   821  3381 W libperfmgr: Failed to write to node: /dev/stune/top-app/schedtune.prefer_high_cap with value: 1, fd: -1
09-28 19:53:27.742   821  3381 W libperfmgr: Failed to write to node: /proc/sys/kernel/sched_energy_aware with value: 0, fd: -1
09-28 19:53:27.772 21330 21369 I OMXClient: IOmx service obtained
09-28 19:53:27.772  1050  1050 I OMXMaster: makeComponentInstance(OMX.google.vorbis.decoder) in android.hardwar process
09-28 19:53:27.775  1559  7755 V AppLockService: setForegroundApp(com.termux)
09-28 19:53:27.829 21330 21361 I AdrenoGLES: QUALCOMM build                   : ed77089, I0c4fc4bb0e
09-28 19:53:27.829 21330 21361 I AdrenoGLES: Build Date                       : 12/24/19
09-28 19:53:27.829 21330 21361 I AdrenoGLES: OpenGL ES Shader Compiler Version: EV031.27.05.03
09-28 19:53:27.829 21330 21361 I AdrenoGLES: Local Branch                     : 
09-28 19:53:27.829 21330 21361 I AdrenoGLES: Remote Branch                    : 
09-28 19:53:27.829 21330 21361 I AdrenoGLES: Remote Branch                    : 
09-28 19:53:27.829 21330 21361 I AdrenoGLES: Reconstruct Branch               : 
09-28 19:53:27.829 21330 21361 I AdrenoGLES: Build Config                     : S P 8.0.12 AArch64
09-28 19:53:27.831 21330 21361 I AdrenoGLES: PFP: 0x016ee187, ME: 0x00000000
09-28 19:53:27.859   535   535 I hwservicemanager: getTransport: Cannot find entry android.hardware.graphics.mapper@3.0::IMapper/default in either framework or device manifest.
09-28 19:53:27.859 21330 21361 W Gralloc3: mapper 3.x is not supported
09-28 19:53:27.868  1559  1764 I ActivityTaskManager: Displayed com.termux/.app.TermuxActivity: +636ms
09-28 19:53:27.990  4013  4013 I GoogleInputMethodService: GoogleInputMethodService.onStartInputView():2047 onStartInputView(EditorInfo{EditorInfo{packageName=com.termux, inputType=0, inputTypeString=NULL, enableLearning=false, autoCorrection=false, autoComplete=false, imeOptions=2000000, privateImeOptions=null, actionName=UNSPECIFIED, actionLabel=null, initialSelStart=-1, initialSelEnd=-1, initialCapsMode=0, label=null, fieldId=2131231121, fieldName=null, extras=null, hintText=null, hintLocales=[]}}, false)
09-28 19:53:27.991  4013  4013 I GoogleInputMethodService: GoogleInputMethodService.updateDeviceLockedStatus():2193 repeatCheckTimes = 1, locked = false
09-28 19:53:27.991  4013  4013 W ModuleManager: ModuleManager.loadModule():563 Module lcw is not available
09-28 19:53:28.042  4013  4013 I InputContextChangeTracker: InputContextChangeTracker.fixLyingSelectionRangeFromSurroundingText():1587 fixLyingSelectionRangeFromSurroundingText(): [-1, -1]([-1, -1]) -> [0, 0]([0, 0])
09-28 19:53:28.043   821   821 D android.hardware.power@1.3-service.xiaomi_sm6250-libperfmgr: LAUNCH: 0
09-28 19:53:28.043  4013  4013 I KeyboardHeightUtil: KeyboardHeightUtil.getOemKeyboardHeightRatio():175 systemKeyboardHeightRatio:1.000000.
09-28 19:53:28.043  4013  4013 I AndroidIME: AbstractIme.onActivate():90 PasswordIme.onActivate() : EditorInfo = EditorInfo{packageName=com.termux, inputType=0, inputTypeString=NULL, enableLearning=false, autoCorrection=false, autoComplete=false, imeOptions=2000000, privateImeOptions=null, actionName=UNSPECIFIED, actionLabel=null, initialSelStart=-1, initialSelEnd=-1, initialCapsMode=0, label=null, fieldId=2131231121, fieldName=null, extras=null, hintText=null, hintLocales=[]}, IncognitoMode = false, DeviceLocked = false
09-28 19:53:28.044  4013  4013 I KeyboardWrapper: KeyboardWrapper.activateKeyboard():587 activateKeyboard(): type=prime, status=0, imeDef=kgq{stringId=password, language=und-Latn-x-password, languageTag=und-Latn-x-password, processedConditions={variant=qwerty, enable_number_row=true, device=phone}, className=com.google.android.libraries.inputmethod.ime.password.PasswordIme, label=2132018818, keyEventInterpreter=null, inlineComposing=true, autoCapital=true, announceAutoSelectedCandidate=true, statusIcon=0, primeKeyboardType=SOFT, indicatorIcon=0, indicatorLabel=null, displayAppCompletions=false, extraValues=kgi{}, processors=kij@21e3ceb, unacceptableMetaKeys=4098, languageSpecificSettings=0, asciiCapable=false, alwaysShowSuggestions=false, useAsciiPasswordKeyboard=false, secondaryIme=null, keyboardGroupDef=khr@631ba48, phenotypeFlagId=0, localizationLanguageTag=null, supportsInlineSuggestion=false}
09-28 19:53:28.044  4013  4013 I KeyboardManager: KeyboardManager.requestKeyboard():234 Creating keyboard prime, imeId=password, cacheKey=theme_keyboard_mode_screen_size_5_5_keyboard_mode_screen_width_middle_stylesheet_pillkey_dark_phone_bottom4dp
09-28 19:53:28.044  1559  7755 D ActivityTrigger: ActivityTrigger activityStopTrigger 
09-28 19:53:28.044  4013  4013 I KeyboardWrapper: KeyboardWrapper.onKeyboardReady():250 onKeyboardReady(): type=prime(prime), kb=com.google.android.apps.inputmethod.latin.keyboard.LatinPasswordKeyboard@286941
09-28 19:53:28.044  4013  4013 I KeyboardWrapper: KeyboardWrapper.doActivateKeyboard():618 doActivateKeyboard(): prime
09-28 19:53:28.045  4013  4013 W Keyboard: Keyboard.getKeyboardViewHelper():584 null helper is returned: keyboardDef=khl{processedConditions={show_suggestions=false, enable_more_candidates_view_for_multilingual=false, enable_secondary_symbols=true, variant=qwerty, language=in-ID, deprecate_long_press_space_for_ime_picker=false, expressions=normal, device=phone, keyboard_mode=normal, show_secondary_digits=false, enable_preemptive_decode=true, rtl_layout=false}, globalConditions={global_theme_key=theme_keyboard_mode_screen_size_5_5_keyboard_mode_screen_width_middle_stylesheet_pillkey_dark_phone_bottom4dp, global_locale=in_ID, global_density_dpi=400, global_orientation=1}, className=.latin.keyboard.LatinPasswordKeyboard, resourceIds=[#0x7f17069d, #0x7f1708db, #0x7f17084f, #0x7f17071b], initialStates=0, keyboardViewDefs=[khz{direction=null, id=#0x7f0b015a, isScalable=true, layoutId=#0x7f0e0299, type=BODY, touchable=true, defaultShow=true}, khz{direction=null, id=#0x7f0b015a, isScalable=false, layoutId=#0x7f0e01c1, type=FLOATING_CANDIDATES, touchable=false, defaultShow=false}], persistentStates=0, persistentStatesPrefKey=null, popupBubbleLayoutId=#0x7f0e0697, recentKeyLayoutId=0, recentKeyPopupLayoutId=0, recentKeyType=null, rememberRecentKey=NONE, sessionStates=17592186044419}, type=HEADER, helpersCreated=[null, jut@21fff79, jut@80cd4be, null], context.getResources().getConfiguration(): {1.0 510mcc10mnc [in_ID] ldltr sw432dp w432dp h904dp 400dpi nrml long port night finger -keyb/v/h -nav/h winConfig={ mBounds=Rect(0, 0 - 1080, 2400) mAppBounds=Rect(0, 100 - 1080, 2360) mWindowingMode=fullscreen mDisplayWindowingMode=fullscreen mActivityType=undefined mAlwaysOnTop=undefined mRotation=ROTATION_0} s.52}
09-28 19:53:28.045  4013  4013 I KeyboardHeightUtil: KeyboardHeightUtil.calculateMaxKeyboardBodyHeight():45 leave 268 height for app when ime window height:2180, header height:110 and isFullscreenMode:false, so the max keyboard body height is:1802
09-28 19:53:28.045   821  3381 W libperfmgr: Failed to write to node: /dev/stune/top-app/schedtune.prefer_high_cap with value: 1, fd: -1
09-28 19:53:28.045   821  3381 W libperfmgr: Failed to write to node: /proc/sys/kernel/sched_energy_aware with value: 1, fd: -1
09-28 19:53:28.045  4013  4013 W Keyboard: Keyboard.getKeyboardViewHelper():584 null helper is returned: keyboardDef=khl{processedConditions={show_suggestions=false, enable_more_candidates_view_for_multilingual=false, enable_secondary_symbols=true, variant=qwerty, language=in-ID, deprecate_long_press_space_for_ime_picker=false, expressions=normal, device=phone, keyboard_mode=normal, show_secondary_digits=false, enable_preemptive_decode=true, rtl_layout=false}, globalConditions={global_theme_key=theme_keyboard_mode_screen_size_5_5_keyboard_mode_screen_width_middle_stylesheet_pillkey_dark_phone_bottom4dp, global_locale=in_ID, global_density_dpi=400, global_orientation=1}, className=.latin.keyboard.LatinPasswordKeyboard, resourceIds=[#0x7f17069d, #0x7f1708db, #0x7f17084f, #0x7f17071b], initialStates=0, keyboardViewDefs=[khz{direction=null, id=#0x7f0b015a, isScalable=true, layoutId=#0x7f0e0299, type=BODY, touchable=true, defaultShow=true}, khz{direction=null, id=#0x7f0b015a, isScalable=false, layoutId=#0x7f0e01c1, type=FLOATING_CANDIDATES, touchable=false, defaultShow=false}], persistentStates=0, persistentStatesPrefKey=null, popupBubbleLayoutId=#0x7f0e0697, recentKeyLayoutId=0, recentKeyPopupLayoutId=0, recentKeyType=null, rememberRecentKey=NONE, sessionStates=17592186044419}, type=HEADER, helpersCreated=[null, jut@21fff79, jut@80cd4be, null], context.getResources().getConfiguration(): {1.0 510mcc10mnc [in_ID] ldltr sw432dp w432dp h904dp 400dpi nrml long port night finger -keyb/v/h -nav/h winConfig={ mBounds=Rect(0, 0 - 1080, 2400) mAppBounds=Rect(0, 100 - 1080, 2360) mWindowingMode=fullscreen mDisplayWindowingMode=fullscreen mActivityType=undefined mAlwaysOnTop=undefined mRotation=ROTATION_0} s.52}
09-28 19:53:28.046  4013  4013 W Keyboard: Keyboard.getKeyboardViewHelper():584 null helper is returned: keyboardDef=khl{processedConditions={show_suggestions=false, enable_more_candidates_view_for_multilingual=false, enable_secondary_symbols=true, variant=qwerty, language=in-ID, deprecate_long_press_space_for_ime_picker=false, expressions=normal, device=phone, keyboard_mode=normal, show_secondary_digits=false, enable_preemptive_decode=true, rtl_layout=false}, globalConditions={global_theme_key=theme_keyboard_mode_screen_size_5_5_keyboard_mode_screen_width_middle_stylesheet_pillkey_dark_phone_bottom4dp, global_locale=in_ID, global_density_dpi=400, global_orientation=1}, className=.latin.keyboard.LatinPasswordKeyboard, resourceIds=[#0x7f17069d, #0x7f1708db, #0x7f17084f, #0x7f17071b], initialStates=0, keyboardViewDefs=[khz{direction=null, id=#0x7f0b015a, isScalable=true, layoutId=#0x7f0e0299, type=BODY, touchable=true, defaultShow=true}, khz{direction=null, id=#0x7f0b015a, isScalable=false, layoutId=#0x7f0e01c1, type=FLOATING_CANDIDATES, touchable=false, defaultShow=false}], persistentStates=0, persistentStatesPrefKey=null, popupBubbleLayoutId=#0x7f0e0697, recentKeyLayoutId=0, recentKeyPopupLayoutId=0, recentKeyType=null, rememberRecentKey=NONE, sessionStates=17592186044419}, type=WIDGET, helpersCreated=[null, jut@21fff79, jut@80cd4be, null], context.getResources().getConfiguration(): {1.0 510mcc10mnc [in_ID] ldltr sw432dp w432dp h904dp 400dpi nrml long port night finger -keyb/v/h -nav/h winConfig={ mBounds=Rect(0, 0 - 1080, 2400) mAppBounds=Rect(0, 100 - 1080, 2360) mWindowingMode=fullscreen mDisplayWindowingMode=fullscreen mActivityType=undefined mAlwaysOnTop=undefined mRotation=ROTATION_0} s.52}
09-28 19:53:28.046  4013  4013 I KeyboardHeightUtil: KeyboardHeightUtil.calculateMaxKeyboardBodyHeight():45 leave 268 height for app when ime window height:2180, header height:110 and isFullscreenMode:false, so the max keyboard body height is:1802
09-28 19:53:28.046  4013  4013 I GoogleInputMethodService: GoogleInputMethodService.startInputIfInputViewStarted():3644 startInputIfInputViewStarted(): default prime
09-28 19:53:28.047  4013  4013 I KeyboardModeManager: KeyboardModeManager.setInputViewKeyboardViewHolderProvider():623 setInputView() : supportsOneHandedMode=true supportsSplitMode=true
09-28 19:53:28.047  4013  4013 I ResizableKeyboardModeController: ResizableKeyboardModeController.getKeyboardBottomOffset():229 currentPrimeKeyboardType:SOFT systemPaddingBottom:0
09-28 19:53:28.047  4013  4013 I KeyboardHeightUtil: KeyboardHeightUtil.calculateMaxKeyboardBodyHeight():45 leave 268 height for app when ime window height:2180, header height:110 and isFullscreenMode:false, so the max keyboard body height is:1802
09-28 19:53:28.047  4013  4013 I ResizableKeyboardModeController: ResizableKeyboardModeController.getKeyboardBottomOffset():229 currentPrimeKeyboardType:SOFT systemPaddingBottom:0
09-28 19:53:28.048  4013  4013 I KeyboardModeManager: KeyboardModeManager.setInputViewKeyboardViewHolderProvider():611 setInputView() : supportsOneHandedMode=true, supportSplitMode=true
09-28 19:53:28.054  4013  4013 I NewLanguagePromptExtension: NewLanguagePromptExtension.onActivate():184 Not activated NewLanguagePromptExtension: not a normal text input box.
09-28 19:53:28.055  4013  4013 I AccessoryInputModeManager: AccessoryInputModeManager.onModeStarted():300 Accessory input mode started: null
09-28 19:53:28.055  4013  4013 W SupplementaryKeyboardsWrapper: SupplementaryKeyboardsWrapper.deactivateKeyboard():159 keyboard accessory_candidates_consumer is not activated before!
09-28 19:53:28.055  4013  4013 I CurrentMicStatusHolder: CurrentMicStatusHolder.onStartInputView():81 Current Mic status = {MicIconHidden-SettingOff,}
09-28 19:53:28.058  4013  4013 I GoogleInputMethodService: GoogleInputMethodService$1.onKeyboardViewShown():468 onKeyboardViewShown: keyboardType=prime, keyboardViewType=HEADER keyboardView=null
09-28 19:53:28.058  4013  4013 I GoogleInputMethodService: GoogleInputMethodService$1.onKeyboardViewShown():468 onKeyboardViewShown: keyboardType=prime, keyboardViewType=BODY keyboardView=com.google.android.libraries.inputmethod.widgets.SoftKeyboardView{ee5fd20 V.E...... ........ 0,0-1080,728}
09-28 19:53:28.058  1559  1559 W ActivityManager: Unable to start service Intent { act=android.service.contentcapture.ContentCaptureService cmp=com.google.android.as/com.google.android.apps.miphone.aiai.app.AiAiContentCaptureService } U=0: not found
09-28 19:53:28.058  4013  4013 I NewLanguagePromptExtension: NewLanguagePromptExtension$1.onKeyboardViewShown():86 Not show new language banner: not prime keyboard, or the extension not activated.
09-28 19:53:28.058  1559  1559 W RemoteContentCaptureService: could not bind to Intent { act=android.service.contentcapture.ContentCaptureService cmp=com.google.android.as/com.google.android.apps.miphone.aiai.app.AiAiContentCaptureService } using flags 67108865
09-28 19:53:28.059  4013  4013 W Keyboard: Keyboard.getKeyboardViewHelper():584 null helper is returned: keyboardDef=khl{processedConditions={show_suggestions=false, enable_more_candidates_view_for_multilingual=false, enable_secondary_symbols=true, variant=qwerty, language=in-ID, deprecate_long_press_space_for_ime_picker=false, expressions=normal, device=phone, keyboard_mode=normal, show_secondary_digits=false, enable_preemptive_decode=true, rtl_layout=false}, globalConditions={global_theme_key=theme_keyboard_mode_screen_size_5_5_keyboard_mode_screen_width_middle_stylesheet_pillkey_dark_phone_bottom4dp, global_locale=in_ID, global_density_dpi=400, global_orientation=1}, className=.latin.keyboard.LatinPasswordKeyboard, resourceIds=[#0x7f17069d, #0x7f1708db, #0x7f17084f, #0x7f17071b], initialStates=0, keyboardViewDefs=[khz{direction=null, id=#0x7f0b015a, isScalable=true, layoutId=#0x7f0e0299, type=BODY, touchable=true, defaultShow=true}, khz{direction=null, id=#0x7f0b015a, isScalable=false, layoutId=#0x7f0e01c1, type=FLOATING_CANDIDATES, touchable=false, defaultShow=false}], persistentStates=0, persistentStatesPrefKey=null, popupBubbleLayoutId=#0x7f0e0697, recentKeyLayoutId=0, recentKeyPopupLayoutId=0, recentKeyType=null, rememberRecentKey=NONE, sessionStates=17592186044419}, type=HEADER, helpersCreated=[null, jut@21fff79, jut@80cd4be, null], context.getResources().getConfiguration(): {1.0 510mcc10mnc [in_ID] ldltr sw432dp w432dp h904dp 400dpi nrml long port night finger -keyb/v/h -nav/h winConfig={ mBounds=Rect(0, 0 - 1080, 2400) mAppBounds=Rect(0, 100 - 1080, 2360) mWindowingMode=fullscreen mDisplayWindowingMode=fullscreen mActivityType=undefined mAlwaysOnTop=undefined mRotation=ROTATION_0} s.52}
09-28 19:53:28.059  4013  4013 I KeyboardHeightUtil: KeyboardHeightUtil.calculateMaxKeyboardBodyHeight():45 leave 268 height for app when ime window height:2180, header height:110 and isFullscreenMode:false, so the max keyboard body height is:1802
09-28 19:53:28.547   821  3381 W libperfmgr: Failed to write to node: /dev/stune/top-app/schedtune.prefer_high_cap with value: 1, fd: -1
09-28 19:53:28.547   821  3381 W libperfmgr: Failed to write to node: /proc/sys/kernel/sched_energy_aware with value: 1, fd: -1
09-28 19:53:28.551  3368  3368 I charge_logger: type=1400 audit(0.0:7072): avc: denied { write } for name="wake_lock" dev="sysfs" ino=20491 scontext=u:r:init:s0 tcontext=u:object_r:sysfs_wake_lock:s0 tclass=file permissive=1
09-28 19:53:28.551  3368  3368 I charge_logger: type=1400 audit(0.0:7073): avc: denied { open } for path="/sys/power/wake_lock" dev="sysfs" ino=20491 scontext=u:r:init:s0 tcontext=u:object_r:sysfs_wake_lock:s0 tclass=file permissive=1
09-28 19:53:28.551  3368  3368 I charge_logger: type=1400 audit(0.0:7074): avc: denied { read } for scontext=u:r:init:s0 tcontext=u:r:init:s0 tclass=netlink_kobject_uevent_socket permissive=1
09-28 19:53:29.049   821  3381 W libperfmgr: Failed to write to node: /dev/stune/top-app/schedtune.prefer_high_cap with value: 1, fd: -1
09-28 19:53:29.049   821  3381 W libperfmgr: Failed to write to node: /proc/sys/kernel/sched_energy_aware with value: 1, fd: -1
09-28 19:53:29.283   874   874 D VibratorService.qti: play mCurrEffectId -1, mCurrMagnitude 0x5fff, mVibraFd 7, timeoutMs 0, mPlayLengthMs 0
09-28 19:53:29.283   874   874 D VibratorService.qti: play Status::OK
09-28 19:53:29.284   874   874 D VibratorService.qti: perform effect 0, es 1
09-28 19:53:29.284   874   874 D VibratorService.qti: play mCurrEffectId 0, mCurrMagnitude 0x5fff, mVibraFd 7, timeoutMs -1, mPlayLengthMs 0
09-28 19:53:29.284   874   874 D VibratorService.qti: play mCurrAppId 0, mPlayLengthMs 40, data: 0 0 40
09-28 19:53:29.284   874   874 D VibratorService.qti: play Status::OK
09-28 19:53:29.325   874   874 D VibratorService.qti: play mCurrEffectId -1, mCurrMagnitude 0x5fff, mVibraFd 7, timeoutMs 0, mPlayLengthMs 40
09-28 19:53:29.326   874   874 D VibratorService.qti: play Status::OK
09-28 19:53:29.492   874   874 D VibratorService.qti: play mCurrEffectId -1, mCurrMagnitude 0x5fff, mVibraFd 7, timeoutMs 0, mPlayLengthMs 0
09-28 19:53:29.492   874   874 D VibratorService.qti: play Status::OK
09-28 19:53:29.492   874   874 D VibratorService.qti: perform effect 0, es 1
09-28 19:53:29.492   874   874 D VibratorService.qti: play mCurrEffectId 0, mCurrMagnitude 0x5fff, mVibraFd 7, timeoutMs -1, mPlayLengthMs 0
09-28 19:53:29.492   874   874 D VibratorService.qti: play mCurrAppId 0, mPlayLengthMs 40, data: 0 0 40
09-28 19:53:29.493   874   874 D VibratorService.qti: play Status::OK
09-28 19:53:29.534   874   874 D VibratorService.qti: play mCurrEffectId -1, mCurrMagnitude 0x5fff, mVibraFd 7, timeoutMs 0, mPlayLengthMs 40
09-28 19:53:29.534   874   874 D VibratorService.qti: play Status::OK
09-28 19:53:29.550   821  3381 W libperfmgr: Failed to write to node: /dev/stune/top-app/schedtune.prefer_high_cap with value: 1, fd: -1
09-28 19:53:29.550   821  3381 W libperfmgr: Failed to write to node: /proc/sys/kernel/sched_energy_aware with value: 1, fd: -1
09-28 19:53:29.921  1559  2885 W NotificationService: Toast already killed. pkg=com.termux callback=android.app.ITransientNotification$Stub$Proxy@c8b0f44
09-28 19:53:30.012 17765 19521 I PlayCommon: [707] atmu.l(242): Preparing logs for uploading
09-28 19:53:30.014 17765 19521 W PlayCommon: [707] atmu.n(11): No account for auth token provided
09-28 19:53:30.015 17765 19521 I PlayCommon: [707] atmu.l(1915): Connecting to server: https://play.googleapis.com/play/log?format=raw&proto_v2=true
09-28 19:53:30.050   821  3381 W libperfmgr: Failed to write to node: /dev/stune/top-app/schedtune.prefer_high_cap with value: 1, fd: -1
09-28 19:53:30.050   821  3381 W libperfmgr: Failed to write to node: /proc/sys/kernel/sched_energy_aware with value: 1, fd: -1
09-28 19:53:30.083   713 21305 E ResolverController: No valid NAT64 prefix (101, <unspecified>/0)
09-28 19:53:30.083   713 21391 E ResolverController: No valid NAT64 prefix (101, <unspecified>/0)
09-28 19:53:30.366 17765 19521 I PlayCommon: [707] atmu.l(2167): Successfully uploaded logs.
09-28 19:53:30.553   821  3381 W libperfmgr: Failed to write to node: /dev/stune/top-app/schedtune.prefer_high_cap with value: 1, fd: -1
09-28 19:53:30.554   821  3381 W libperfmgr: Failed to write to node: /proc/sys/kernel/sched_energy_aware with value: 1, fd: -1
09-28 19:53:30.658   874   874 D VibratorService.qti: play mCurrEffectId -1, mCurrMagnitude 0x5fff, mVibraFd 7, timeoutMs 0, mPlayLengthMs 0
09-28 19:53:30.658   874   874 D VibratorService.qti: play Status::OK
09-28 19:53:30.659   874   874 D VibratorService.qti: perform effect 0, es 1
09-28 19:53:30.659   874   874 D VibratorService.qti: play mCurrEffectId 0, mCurrMagnitude 0x5fff, mVibraFd 7, timeoutMs -1, mPlayLengthMs 0
09-28 19:53:30.659   874   874 D VibratorService.qti: play mCurrAppId 0, mPlayLengthMs 40, data: 0 0 40
09-28 19:53:30.659   874   874 D VibratorService.qti: play Status::OK
09-28 19:53:30.699   874   874 D VibratorService.qti: play mCurrEffectId -1, mCurrMagnitude 0x5fff, mVibraFd 7, timeoutMs 0, mPlayLengthMs 40
09-28 19:53:30.699   874   874 D VibratorService.qti: play Status::OK
09-28 19:53:30.711 21394 21394 W bash    : type=1400 audit(0.0:7075): avc: granted { execute } for name="su" dev="sda18" ino=76666 scontext=u:r:untrusted_app_27:s0:c223,c256,c512,c768 tcontext=u:object_r:app_data_file:s0:c223,c256,c512,c768 tclass=file app=com.termux
09-28 19:53:30.711 21394 21394 W bash    : type=1400 audit(0.0:7076): avc: granted { execute } for name="su" dev="sda18" ino=76666 scontext=u:r:untrusted_app_27:s0:c223,c256,c512,c768 tcontext=u:object_r:app_data_file:s0:c223,c256,c512,c768 tclass=file app=com.termux
09-28 19:53:30.711 21394 21394 W bash    : type=1400 audit(0.0:7077): avc: granted { execute_no_trans } for path="/data/data/com.termux/files/usr/bin/su" dev="sda18" ino=76666 scontext=u:r:untrusted_app_27:s0:c223,c256,c512,c768 tcontext=u:object_r:app_data_file:s0:c223,c256,c512,c768 tclass=file app=com.termux
09-28 19:53:30.711 21394 21394 W bash    : type=1400 audit(0.0:7078): avc: granted { execute } for name="dash" dev="sda18" ino=76914 scontext=u:r:untrusted_app_27:s0:c223,c256,c512,c768 tcontext=u:object_r:app_data_file:s0:c223,c256,c512,c768 tclass=file app=com.termux
09-28 19:53:30.711 21394 21394 W su      : type=1400 audit(0.0:7079): avc: granted { execute } for path="/data/data/com.termux/files/usr/bin/dash" dev="sda18" ino=76914 scontext=u:r:untrusted_app_27:s0:c223,c256,c512,c768 tcontext=u:object_r:app_data_file:s0:c223,c256,c512,c768 tclass=file app=com.termux
09-28 19:53:30.721 21394 21394 W su      : type=1400 audit(0.0:7080): avc: granted { execute } for path="/data/data/com.termux/files/usr/lib/libtermux-exec.so" dev="sda18" ino=49731 scontext=u:r:untrusted_app_27:s0:c223,c256,c512,c768 tcontext=u:object_r:app_data_file:s0:c223,c256,c512,c768 tclass=file app=com.termux
09-28 19:53:31.054   821  3381 W libperfmgr: Failed to write to node: /dev/stune/top-app/schedtune.prefer_high_cap with value: 1, fd: -1
09-28 19:53:31.055   821  3381 W libperfmgr: Failed to write to node: /proc/sys/kernel/sched_energy_aware with value: 1, fd: -1
09-28 19:53:31.458  1559  1749 W WindowManager: Unable to start animation, surface is null or no children.
09-28 19:53:31.555   821  3381 W libperfmgr: Failed to write to node: /dev/stune/top-app/schedtune.prefer_high_cap with value: 1, fd: -1
09-28 19:53:31.555   821  3381 W libperfmgr: Failed to write to node: /proc/sys/kernel/sched_energy_aware with value: 1, fd: -1
09-28 19:53:32.010   874   874 D VibratorService.qti: play mCurrEffectId -1, mCurrMagnitude 0x5fff, mVibraFd 7, timeoutMs 0, mPlayLengthMs 0
09-28 19:53:32.010   874   874 D VibratorService.qti: play Status::OK
09-28 19:53:32.010   874   874 D VibratorService.qti: perform effect 0, es 1
09-28 19:53:32.011   874   874 D VibratorService.qti: play mCurrEffectId 0, mCurrMagnitude 0x5fff, mVibraFd 7, timeoutMs -1, mPlayLengthMs 0
09-28 19:53:32.011   874   874 D VibratorService.qti: play mCurrAppId 0, mPlayLengthMs 40, data: 0 0 40
09-28 19:53:32.011   874   874 D VibratorService.qti: play Status::OK
09-28 19:53:32.052   874   874 D VibratorService.qti: play mCurrEffectId -1, mCurrMagnitude 0x5fff, mVibraFd 7, timeoutMs 0, mPlayLengthMs 40
09-28 19:53:32.052   874   874 D VibratorService.qti: play Status::OK
09-28 19:53:32.056   821  3381 W libperfmgr: Failed to write to node: /dev/stune/top-app/schedtune.prefer_high_cap with value: 1, fd: -1
09-28 19:53:32.056   821  3381 W libperfmgr: Failed to write to node: /proc/sys/kernel/sched_energy_aware with value: 1, fd: -1
09-28 19:53:32.224   874   874 D VibratorService.qti: play mCurrEffectId -1, mCurrMagnitude 0x5fff, mVibraFd 7, timeoutMs 0, mPlayLengthMs 0
09-28 19:53:32.224   874   874 D VibratorService.qti: play Status::OK
09-28 19:53:32.225   874   874 D VibratorService.qti: perform effect 0, es 1
09-28 19:53:32.225   874   874 D VibratorService.qti: play mCurrEffectId 0, mCurrMagnitude 0x5fff, mVibraFd 7, timeoutMs -1, mPlayLengthMs 0
09-28 19:53:32.225   874   874 D VibratorService.qti: play mCurrAppId 0, mPlayLengthMs 40, data: 0 0 40
09-28 19:53:32.225   874   874 D VibratorService.qti: play Status::OK
09-28 19:53:32.267   874   874 D VibratorService.qti: play mCurrEffectId -1, mCurrMagnitude 0x5fff, mVibraFd 7, timeoutMs 0, mPlayLengthMs 40
09-28 19:53:32.267   874   874 D VibratorService.qti: play Status::OK
09-28 19:53:32.469   874   874 D VibratorService.qti: play mCurrEffectId -1, mCurrMagnitude 0x5fff, mVibraFd 7, timeoutMs 0, mPlayLengthMs 0
09-28 19:53:32.469   874   874 D VibratorService.qti: play Status::OK
09-28 19:53:32.469   874   874 D VibratorService.qti: perform effect 0, es 1
09-28 19:53:32.469   874   874 D VibratorService.qti: play mCurrEffectId 0, mCurrMagnitude 0x5fff, mVibraFd 7, timeoutMs -1, mPlayLengthMs 0
09-28 19:53:32.469   874   874 D VibratorService.qti: play mCurrAppId 0, mPlayLengthMs 40, data: 0 0 40
09-28 19:53:32.469   874   874 D VibratorService.qti: play Status::OK
09-28 19:53:32.510   874   874 D VibratorService.qti: play mCurrEffectId -1, mCurrMagnitude 0x5fff, mVibraFd 7, timeoutMs 0, mPlayLengthMs 40
09-28 19:53:32.510   874   874 D VibratorService.qti: play Status::OK
09-28 19:53:32.557   821  3381 W libperfmgr: Failed to write to node: /dev/stune/top-app/schedtune.prefer_high_cap with value: 1, fd: -1
09-28 19:53:32.557   821  3381 W libperfmgr: Failed to write to node: /proc/sys/kernel/sched_energy_aware with value: 1, fd: -1
09-28 19:53:32.759   874   874 D VibratorService.qti: play mCurrEffectId -1, mCurrMagnitude 0x5fff, mVibraFd 7, timeoutMs 0, mPlayLengthMs 0
09-28 19:53:32.759   874   874 D VibratorService.qti: play Status::OK
09-28 19:53:32.759   874   874 D VibratorService.qti: perform effect 0, es 1
09-28 19:53:32.759   874   874 D VibratorService.qti: play mCurrEffectId 0, mCurrMagnitude 0x5fff, mVibraFd 7, timeoutMs -1, mPlayLengthMs 0
09-28 19:53:32.759   874   874 D VibratorService.qti: play mCurrAppId 0, mPlayLengthMs 40, data: 0 0 40
09-28 19:53:32.759   874   874 D VibratorService.qti: play Status::OK
09-28 19:53:32.800   874   874 D VibratorService.qti: play mCurrEffectId -1, mCurrMagnitude 0x5fff, mVibraFd 7, timeoutMs 0, mPlayLengthMs 40
09-28 19:53:32.801   874   874 D VibratorService.qti: play Status::OK
09-28 19:53:32.899   874   874 D VibratorService.qti: play mCurrEffectId -1, mCurrMagnitude 0x5fff, mVibraFd 7, timeoutMs 0, mPlayLengthMs 0
09-28 19:53:32.899   874   874 D VibratorService.qti: play Status::OK
09-28 19:53:32.900   874   874 D VibratorService.qti: perform effect 0, es 1
09-28 19:53:32.900   874   874 D VibratorService.qti: play mCurrEffectId 0, mCurrMagnitude 0x5fff, mVibraFd 7, timeoutMs -1, mPlayLengthMs 0
09-28 19:53:32.900   874   874 D VibratorService.qti: play mCurrAppId 0, mPlayLengthMs 40, data: 0 0 40
09-28 19:53:32.900   874   874 D VibratorService.qti: play Status::OK
09-28 19:53:32.942   874   874 D VibratorService.qti: play mCurrEffectId -1, mCurrMagnitude 0x5fff, mVibraFd 7, timeoutMs 0, mPlayLengthMs 40
09-28 19:53:32.942   874   874 D VibratorService.qti: play Status::OK
09-28 19:53:33.041   874   874 D VibratorService.qti: play mCurrEffectId -1, mCurrMagnitude 0x5fff, mVibraFd 7, timeoutMs 0, mPlayLengthMs 0
09-28 19:53:33.041   874   874 D VibratorService.qti: play Status::OK
09-28 19:53:33.044   874   874 D VibratorService.qti: perform effect 0, es 1
09-28 19:53:33.044   874   874 D VibratorService.qti: play mCurrEffectId 0, mCurrMagnitude 0x5fff, mVibraFd 7, timeoutMs -1, mPlayLengthMs 0
09-28 19:53:33.044   874   874 D VibratorService.qti: play mCurrAppId 0, mPlayLengthMs 40, data: 0 0 40
09-28 19:53:33.044   874   874 D VibratorService.qti: play Status::OK
09-28 19:53:33.058   821  3381 W libperfmgr: Failed to write to node: /dev/stune/top-app/schedtune.prefer_high_cap with value: 1, fd: -1
09-28 19:53:33.058   821  3381 W libperfmgr: Failed to write to node: /proc/sys/kernel/sched_energy_aware with value: 1, fd: -1
09-28 19:53:33.085   874   874 D VibratorService.qti: play mCurrEffectId -1, mCurrMagnitude 0x5fff, mVibraFd 7, timeoutMs 0, mPlayLengthMs 40
09-28 19:53:33.085   874   874 D VibratorService.qti: play Status::OK
09-28 19:53:33.559   821  3381 W libperfmgr: Failed to write to node: /dev/stune/top-app/schedtune.prefer_high_cap with value: 1, fd: -1
09-28 19:53:33.559   821  3381 W libperfmgr: Failed to write to node: /proc/sys/kernel/sched_energy_aware with value: 1, fd: -1
09-28 19:53:34.060   821  3381 W libperfmgr: Failed to write to node: /dev/stune/top-app/schedtune.prefer_high_cap with value: 1, fd: -1
09-28 19:53:34.060   821  3381 W libperfmgr: Failed to write to node: /proc/sys/kernel/sched_energy_aware with value: 1, fd: -1
09-28 19:53:34.061  3368  3368 I charge_logger: type=1400 audit(0.0:7081): avc: denied { write } for name="wake_lock" dev="sysfs" ino=20491 scontext=u:r:init:s0 tcontext=u:object_r:sysfs_wake_lock:s0 tclass=file permissive=1
09-28 19:53:34.061  3368  3368 I charge_logger: type=1400 audit(0.0:7082): avc: denied { open } for path="/sys/power/wake_lock" dev="sysfs" ino=20491 scontext=u:r:init:s0 tcontext=u:object_r:sysfs_wake_lock:s0 tclass=file permissive=1
09-28 19:53:34.309   874   874 D VibratorService.qti: play mCurrEffectId -1, mCurrMagnitude 0x5fff, mVibraFd 7, timeoutMs 0, mPlayLengthMs 0
09-28 19:53:34.309   874   874 D VibratorService.qti: play Status::OK
09-28 19:53:34.309   874   874 D VibratorService.qti: perform effect 0, es 1
09-28 19:53:34.309   874   874 D VibratorService.qti: play mCurrEffectId 0, mCurrMagnitude 0x5fff, mVibraFd 7, timeoutMs -1, mPlayLengthMs 0
09-28 19:53:34.309   874   874 D VibratorService.qti: play mCurrAppId 0, mPlayLengthMs 40, data: 0 0 40
09-28 19:53:34.309   874   874 D VibratorService.qti: play Status::OK
09-28 19:53:34.351   874   874 D VibratorService.qti: play mCurrEffectId -1, mCurrMagnitude 0x5fff, mVibraFd 7, timeoutMs 0, mPlayLengthMs 40
09-28 19:53:34.351   874   874 D VibratorService.qti: play Status::OK
09-28 19:53:34.561   821  3381 W libperfmgr: Failed to write to node: /dev/stune/top-app/schedtune.prefer_high_cap with value: 1, fd: -1
09-28 19:53:34.561   821  3381 W libperfmgr: Failed to write to node: /proc/sys/kernel/sched_energy_aware with value: 1, fd: -1
09-28 19:53:34.679   874   874 D VibratorService.qti: play mCurrEffectId -1, mCurrMagnitude 0x5fff, mVibraFd 7, timeoutMs 0, mPlayLengthMs 0
09-28 19:53:34.679   874   874 D VibratorService.qti: play Status::OK
09-28 19:53:34.680   874   874 D VibratorService.qti: perform effect 0, es 1
09-28 19:53:34.680   874   874 D VibratorService.qti: play mCurrEffectId 0, mCurrMagnitude 0x5fff, mVibraFd 7, timeoutMs -1, mPlayLengthMs 0
09-28 19:53:34.680   874   874 D VibratorService.qti: play mCurrAppId 0, mPlayLengthMs 40, data: 0 0 40
09-28 19:53:34.680   874   874 D VibratorService.qti: play Status::OK
09-28 19:53:34.721   874   874 D VibratorService.qti: play mCurrEffectId -1, mCurrMagnitude 0x5fff, mVibraFd 7, timeoutMs 0, mPlayLengthMs 40
09-28 19:53:34.721   874   874 D VibratorService.qti: play Status::OK
09-28 19:53:35.062   821  3381 W libperfmgr: Failed to write to node: /dev/stune/top-app/schedtune.prefer_high_cap with value: 1, fd: -1
09-28 19:53:35.062   821  3381 W libperfmgr: Failed to write to node: /proc/sys/kernel/sched_energy_aware with value: 1, fd: -1
09-28 19:53:35.341   874   874 D VibratorService.qti: play mCurrEffectId -1, mCurrMagnitude 0x5fff, mVibraFd 7, timeoutMs 0, mPlayLengthMs 0
09-28 19:53:35.341   874   874 D VibratorService.qti: play Status::OK
09-28 19:53:35.342   874   874 D VibratorService.qti: perform effect 0, es 1
09-28 19:53:35.342   874   874 D VibratorService.qti: play mCurrEffectId 0, mCurrMagnitude 0x5fff, mVibraFd 7, timeoutMs -1, mPlayLengthMs 0
09-28 19:53:35.342   874   874 D VibratorService.qti: play mCurrAppId 0, mPlayLengthMs 40, data: 0 0 40
09-28 19:53:35.342   874   874 D VibratorService.qti: play Status::OK
09-28 19:53:35.383   874   874 D VibratorService.qti: play mCurrEffectId -1, mCurrMagnitude 0x5fff, mVibraFd 7, timeoutMs 0, mPlayLengthMs 40
09-28 19:53:35.384   874   874 D VibratorService.qti: play Status::OK
09-28 19:53:35.563   821  3381 W libperfmgr: Failed to write to node: /dev/stune/top-app/schedtune.prefer_high_cap with value: 1, fd: -1
09-28 19:53:35.563   821  3381 W libperfmgr: Failed to write to node: /proc/sys/kernel/sched_energy_aware with value: 1, fd: -1
09-28 19:53:35.796   874   874 D VibratorService.qti: play mCurrEffectId -1, mCurrMagnitude 0x5fff, mVibraFd 7, timeoutMs 0, mPlayLengthMs 0
09-28 19:53:35.796   874   874 D VibratorService.qti: play Status::OK
09-28 19:53:35.796   874   874 D VibratorService.qti: perform effect 0, es 1
09-28 19:53:35.796   874   874 D VibratorService.qti: play mCurrEffectId 0, mCurrMagnitude 0x5fff, mVibraFd 7, timeoutMs -1, mPlayLengthMs 0
09-28 19:53:35.796   874   874 D VibratorService.qti: play mCurrAppId 0, mPlayLengthMs 40, data: 0 0 40
09-28 19:53:35.796   874   874 D VibratorService.qti: play Status::OK
09-28 19:53:35.837   874   874 D VibratorService.qti: play mCurrEffectId -1, mCurrMagnitude 0x5fff, mVibraFd 7, timeoutMs 0, mPlayLengthMs 40
09-28 19:53:35.837   874   874 D VibratorService.qti: play Status::OK
09-28 19:53:35.992   874   874 D VibratorService.qti: play mCurrEffectId -1, mCurrMagnitude 0x5fff, mVibraFd 7, timeoutMs 0, mPlayLengthMs 0
09-28 19:53:35.993   874   874 D VibratorService.qti: play Status::OK
09-28 19:53:35.993   874   874 D VibratorService.qti: perform effect 0, es 1
09-28 19:53:35.993   874   874 D VibratorService.qti: play mCurrEffectId 0, mCurrMagnitude 0x5fff, mVibraFd 7, timeoutMs -1, mPlayLengthMs 0
09-28 19:53:35.994   874   874 D VibratorService.qti: play mCurrAppId 0, mPlayLengthMs 40, data: 0 0 40
09-28 19:53:35.994   874   874 D VibratorService.qti: play Status::OK
09-28 19:53:36.035   874   874 D VibratorService.qti: play mCurrEffectId -1, mCurrMagnitude 0x5fff, mVibraFd 7, timeoutMs 0, mPlayLengthMs 40
09-28 19:53:36.035   874   874 D VibratorService.qti: play Status::OK
09-28 19:53:36.063   821  3381 W libperfmgr: Failed to write to node: /dev/stune/top-app/schedtune.prefer_high_cap with value: 1, fd: -1
09-28 19:53:36.064   821  3381 W libperfmgr: Failed to write to node: /proc/sys/kernel/sched_energy_aware with value: 1, fd: -1
09-28 19:53:36.277   874   874 D VibratorService.qti: play mCurrEffectId -1, mCurrMagnitude 0x5fff, mVibraFd 7, timeoutMs 0, mPlayLengthMs 0
09-28 19:53:36.278   874   874 D VibratorService.qti: play Status::OK
09-28 19:53:36.278   874   874 D VibratorService.qti: perform effect 0, es 1
09-28 19:53:36.278   874   874 D VibratorService.qti: play mCurrEffectId 0, mCurrMagnitude 0x5fff, mVibraFd 7, timeoutMs -1, mPlayLengthMs 0
09-28 19:53:36.278   874   874 D VibratorService.qti: play mCurrAppId 0, mPlayLengthMs 40, data: 0 0 40
09-28 19:53:36.278   874   874 D VibratorService.qti: play Status::OK
09-28 19:53:36.320   874   874 D VibratorService.qti: play mCurrEffectId -1, mCurrMagnitude 0x5fff, mVibraFd 7, timeoutMs 0, mPlayLengthMs 40
09-28 19:53:36.320   874   874 D VibratorService.qti: play Status::OK
09-28 19:53:36.564   821  3381 W libperfmgr: Failed to write to node: /dev/stune/top-app/schedtune.prefer_high_cap with value: 1, fd: -1
09-28 19:53:36.565   821  3381 W libperfmgr: Failed to write to node: /proc/sys/kernel/sched_energy_aware with value: 1, fd: -1
09-28 19:53:36.703   874   874 D VibratorService.qti: play mCurrEffectId -1, mCurrMagnitude 0x5fff, mVibraFd 7, timeoutMs 0, mPlayLengthMs 0
09-28 19:53:36.703   874   874 D VibratorService.qti: play Status::OK
09-28 19:53:36.703   874   874 D VibratorService.qti: perform effect 0, es 1
09-28 19:53:36.703   874   874 D VibratorService.qti: play mCurrEffectId 0, mCurrMagnitude 0x5fff, mVibraFd 7, timeoutMs -1, mPlayLengthMs 0
09-28 19:53:36.703   874   874 D VibratorService.qti: play mCurrAppId 0, mPlayLengthMs 40, data: 0 0 40
09-28 19:53:36.703   874   874 D VibratorService.qti: play Status::OK
09-28 19:53:36.744   874   874 D VibratorService.qti: play mCurrEffectId -1, mCurrMagnitude 0x5fff, mVibraFd 7, timeoutMs 0, mPlayLengthMs 40
09-28 19:53:36.744   874   874 D VibratorService.qti: play Status::OK
09-28 19:53:36.970   874   874 D VibratorService.qti: play mCurrEffectId -1, mCurrMagnitude 0x5fff, mVibraFd 7, timeoutMs 0, mPlayLengthMs 0
09-28 19:53:36.971   874   874 D VibratorService.qti: play Status::OK
09-28 19:53:36.971   874   874 D VibratorService.qti: perform effect 0, es 1
09-28 19:53:36.971   874   874 D VibratorService.qti: play mCurrEffectId 0, mCurrMagnitude 0x5fff, mVibraFd 7, timeoutMs -1, mPlayLengthMs 0
09-28 19:53:36.971   874   874 D VibratorService.qti: play mCurrAppId 0, mPlayLengthMs 40, data: 0 0 40
09-28 19:53:36.971   874   874 D VibratorService.qti: play Status::OK
09-28 19:53:37.011   874   874 D VibratorService.qti: play mCurrEffectId -1, mCurrMagnitude 0x5fff, mVibraFd 7, timeoutMs 0, mPlayLengthMs 40
09-28 19:53:37.011   874   874 D VibratorService.qti: play Status::OK
09-28 19:53:37.065   821  3381 W libperfmgr: Failed to write to node: /dev/stune/top-app/schedtune.prefer_high_cap with value: 1, fd: -1
09-28 19:53:37.066   821  3381 W libperfmgr: Failed to write to node: /proc/sys/kernel/sched_energy_aware with value: 1, fd: -1
