09-28 19:53:08.086 20944 20944 E ActivityThread: 	at androidx.fragment.app.FragmentManagerImpl.moveToState(FragmentManagerImpl.java:1293)
09-28 19:53:08.086 20944 20944 E ActivityThread: 	at androidx.fragment.app.FragmentManagerImpl.dispatchStateChange(FragmentManagerImpl.java:2646)
09-28 19:53:08.086 20944 20944 E ActivityThread: 	at androidx.fragment.app.FragmentManagerImpl.dispatchActivityCreated(FragmentManagerImpl.java:2600)
09-28 19:53:08.086 20944 20944 E ActivityThread: 	at androidx.fragment.app.FragmentController.dispatchActivityCreated(FragmentController.java:246)
09-28 19:53:08.086 20944 20944 E ActivityThread: 	at androidx.fragment.app.FragmentActivity.onStart(FragmentActivity.java:542)
09-28 19:53:08.086 20944 20944 E ActivityThread: 	at android.app.Instrumentation.callActivityOnStart(Instrumentation.java:1449)
09-28 19:53:08.086 20944 20944 E ActivityThread: 	at android.app.Activity.performStart(Activity.java:7847)
09-28 19:53:08.086 20944 20944 E ActivityThread: 	at android.app.ActivityThread.handleStartActivity(ActivityThread.java:3295)
09-28 19:53:08.086 20944 20944 E ActivityThread: 	at android.app.servertransaction.TransactionExecutor.performLifecycleSequence(TransactionExecutor.java:221)
09-28 19:53:08.086 20944 20944 E ActivityThread: 	at android.app.servertransaction.TransactionExecutor.cycleToPath(TransactionExecutor.java:201)
09-28 19:53:08.086 20944 20944 E ActivityThread: 	at android.app.servertransaction.TransactionExecutor.executeLifecycleState(TransactionExecutor.java:173)
09-28 19:53:08.086 20944 20944 E ActivityThread: 	at android.app.servertransaction.TransactionExecutor.execute(TransactionExecutor.java:97)
09-28 19:53:08.086 20944 20944 E ActivityThread: 	at android.app.ActivityThread$H.handleMessage(ActivityThread.java:2017)
09-28 19:53:08.086 20944 20944 E ActivityThread: 	at android.os.Handler.dispatchMessage(Handler.java:107)
09-28 19:53:08.086 20944 20944 E ActivityThread: 	at android.os.Looper.loop(Looper.java:214)
09-28 19:53:08.086 20944 20944 E ActivityThread: 	at android.app.ActivityThread.main(ActivityThread.java:7397)
09-28 19:53:08.086 20944 20944 E ActivityThread: 	at java.lang.reflect.Method.invoke(Native Method)
09-28 19:53:08.086 20944 20944 E ActivityThread: 	at com.android.internal.os.RuntimeInit$MethodAndArgsCaller.run(RuntimeInit.java:493)
09-28 19:53:08.086 20944 20944 E ActivityThread: 	at com.android.internal.os.ZygoteInit.main(ZygoteInit.java:930)
09-28 19:53:08.087  1559 10394 W ActivityManager: Unbind failed: could not find connection for android.os.BinderProxy@5325511
09-28 19:53:09.968  1559  1559 W ActivityManager: Unable to start service Intent { act=android.service.contentcapture.ContentCaptureService cmp=com.google.android.as/com.google.android.apps.miphone.aiai.app.AiAiContentCaptureService } U=0: not found
09-28 19:53:09.968  1559  1559 W RemoteContentCaptureService: could not bind to Intent { act=android.service.contentcapture.ContentCaptureService cmp=com.google.android.as/com.google.android.apps.miphone.aiai.app.AiAiContentCaptureService } using flags 67108865
09-28 19:53:09.989  1559  1722 W ActivityManager: Unable to start service Intent { act=com.android.launcher3.WINDOW_OVERLAY dat=app://com.android.launcher3:10164?v=9&cv=14 pkg=com.google.android.googlequicksearchbox } U=0: not found
09-28 19:53:10.002  1559  1747 D AutofillManagerService: onBackKeyPressed()
09-28 19:53:10.002  1559  1747 E RemoteAugmentedAutofillService: Bad service name for flags 1048704: com.google.android.as/com.google.android.apps.miphone.aiai.app.AiAiAugmentedAutofillService
09-28 19:53:10.153  1559  1559 W ActivityManager: Unable to start service Intent { act=android.service.contentcapture.ContentCaptureService cmp=com.google.android.as/com.google.android.apps.miphone.aiai.app.AiAiContentCaptureService } U=0: not found
09-28 19:53:10.153  1559  1559 W RemoteContentCaptureService: could not bind to Intent { act=android.service.contentcapture.ContentCaptureService cmp=com.google.android.as/com.google.android.apps.miphone.aiai.app.AiAiContentCaptureService } using flags 67108865
09-28 19:53:12.818  1559  1559 W ActivityManager: Unable to start service Intent { act=android.service.contentcapture.ContentCaptureService cmp=com.google.android.as/com.google.android.apps.miphone.aiai.app.AiAiContentCaptureService } U=0: not found
09-28 19:53:12.818  1559  1559 W RemoteContentCaptureService: could not bind to Intent { act=android.service.contentcapture.ContentCaptureService cmp=com.google.android.as/com.google.android.apps.miphone.aiai.app.AiAiContentCaptureService } using flags 67108865
09-28 19:53:12.823  1559 10394 W ActivityManager: Unable to start service Intent { act=com.android.launcher3.WINDOW_OVERLAY dat=app://com.android.launcher3:10164?v=9&cv=14 pkg=com.google.android.googlequicksearchbox } U=0: not found
09-28 19:53:12.859  1559  1745 D AutofillManagerService: Close system dialogs
09-28 19:53:13.262  1559 10199 V AppLockService: setForegroundApp(com.android.launcher3)
09-28 19:53:13.287  1559  1559 W ActivityManager: Unable to start service Intent { act=android.service.contentcapture.ContentCaptureService cmp=com.google.android.as/com.google.android.apps.miphone.aiai.app.AiAiContentCaptureService } U=0: not found
09-28 19:53:13.287  1559  1559 W RemoteContentCaptureService: could not bind to Intent { act=android.service.contentcapture.ContentCaptureService cmp=com.google.android.as/com.google.android.apps.miphone.aiai.app.AiAiContentCaptureService } using flags 67108865
09-28 19:53:13.288  1559  1559 W ActivityManager: Unable to start service Intent { act=android.service.contentcapture.ContentCaptureService cmp=com.google.android.as/com.google.android.apps.miphone.aiai.app.AiAiContentCaptureService } U=0: not found
09-28 19:53:13.288  1559  1559 W RemoteContentCaptureService: could not bind to Intent { act=android.service.contentcapture.ContentCaptureService cmp=com.google.android.as/com.google.android.apps.miphone.aiai.app.AiAiContentCaptureService } using flags 67108865
09-28 19:53:13.324  1559  1559 W ActivityManager: Unable to start service Intent { act=android.service.contentcapture.ContentCaptureService cmp=com.google.android.as/com.google.android.apps.miphone.aiai.app.AiAiContentCaptureService } U=0: not found
09-28 19:53:13.324  1559  1559 W RemoteContentCaptureService: could not bind to Intent { act=android.service.contentcapture.ContentCaptureService cmp=com.google.android.as/com.google.android.apps.miphone.aiai.app.AiAiContentCaptureService } using flags 67108865
09-28 19:53:13.818  1559  1749 I ActivityManager: Killing 20944:com.android.settings/1000 (adj 905): remove task
09-28 19:53:13.832  1559  1559 W ActivityManager: Unable to start service Intent { act=android.service.contentcapture.ContentCaptureService cmp=com.google.android.as/com.google.android.apps.miphone.aiai.app.AiAiContentCaptureService } U=0: not found
09-28 19:53:13.832  1559  1559 W RemoteContentCaptureService: could not bind to Intent { act=android.service.contentcapture.ContentCaptureService cmp=com.google.android.as/com.google.android.apps.miphone.aiai.app.AiAiContentCaptureService } using flags 67108865
09-28 19:53:13.892  1559 10804 I WindowManager: WIN DEATH: Window{d8845f3 u0 com.android.settings/com.android.settings.Settings}
09-28 19:53:13.905  1559  1749 W ActivityManager: setHasOverlayUi called on unknown pid: 20944
09-28 19:53:13.906  1559  1559 W ActivityManager: Unable to start service Intent { act=android.service.contentcapture.ContentCaptureService cmp=com.google.android.as/com.google.android.apps.miphone.aiai.app.AiAiContentCaptureService } U=0: not found
09-28 19:53:13.906  1559  1559 W RemoteContentCaptureService: could not bind to Intent { act=android.service.contentcapture.ContentCaptureService cmp=com.google.android.as/com.google.android.apps.miphone.aiai.app.AiAiContentCaptureService } using flags 67108865
09-28 19:53:14.833  1559  1559 W ActivityManager: Unable to start service Intent { act=android.service.contentcapture.ContentCaptureService cmp=com.google.android.as/com.google.android.apps.miphone.aiai.app.AiAiContentCaptureService } U=0: not found
09-28 19:53:14.833  1559  1559 W RemoteContentCaptureService: could not bind to Intent { act=android.service.contentcapture.ContentCaptureService cmp=com.google.android.as/com.google.android.apps.miphone.aiai.app.AiAiContentCaptureService } using flags 67108865
09-28 19:53:14.845  1559  1559 W ActivityManager: Unable to start service Intent { act=android.service.contentcapture.ContentCaptureService cmp=com.google.android.as/com.google.android.apps.miphone.aiai.app.AiAiContentCaptureService } U=0: not found
09-28 19:53:14.845  1559  1559 W RemoteContentCaptureService: could not bind to Intent { act=android.service.contentcapture.ContentCaptureService cmp=com.google.android.as/com.google.android.apps.miphone.aiai.app.AiAiContentCaptureService } using flags 67108865
09-28 19:53:14.850  1559  1722 V AppLockService: setForegroundApp(com.termux)
09-28 19:53:14.909  1559  1559 W ActivityManager: Unable to start service Intent { act=android.service.contentcapture.ContentCaptureService cmp=com.google.android.as/com.google.android.apps.miphone.aiai.app.AiAiContentCaptureService } U=0: not found
09-28 19:53:14.909  1559  1559 W RemoteContentCaptureService: could not bind to Intent { act=android.service.contentcapture.ContentCaptureService cmp=com.google.android.as/com.google.android.apps.miphone.aiai.app.AiAiContentCaptureService } using flags 67108865
--------- beginning of main
09-28 19:53:16.817   821  3381 W libperfmgr: Failed to write to node: /proc/sys/kernel/sched_energy_aware with value: 1, fd: -1
09-28 19:53:17.318   821  3381 W libperfmgr: Failed to write to node: /dev/stune/top-app/schedtune.prefer_high_cap with value: 0, fd: -1
09-28 19:53:17.319   821  3381 W libperfmgr: Failed to write to node: /proc/sys/kernel/sched_energy_aware with value: 1, fd: -1
09-28 19:53:17.751   821  3381 W libperfmgr: Failed to write to node: /dev/stune/top-app/schedtune.prefer_high_cap with value: 1, fd: -1
09-28 19:53:17.751   821  3381 W libperfmgr: Failed to write to node: /proc/sys/kernel/sched_energy_aware with value: 1, fd: -1
09-28 19:53:17.798   874   874 D VibratorService.qti: play mCurrEffectId -1, mCurrMagnitude 0x5fff, mVibraFd 7, timeoutMs 0, mPlayLengthMs 0
09-28 19:53:17.798   874   874 D VibratorService.qti: play Status::OK
09-28 19:53:17.799   874   874 D VibratorService.qti: perform_1_1 effect 2, es 1
09-28 19:53:17.799   874   874 D VibratorService.qti: play mCurrEffectId 2, mCurrMagnitude 0x5fff, mVibraFd 7, timeoutMs -1, mPlayLengthMs 0
09-28 19:53:17.799   874   874 D VibratorService.qti: play mCurrAppId 0, mPlayLengthMs 40, data: 2 0 40
09-28 19:53:17.799   874   874 D VibratorService.qti: play Status::OK
09-28 19:53:17.839  2334  2334 V RenderScript: User-backed allocation failed stride requirement, falling back to separate allocation
09-28 19:53:17.840   874   874 D VibratorService.qti: play mCurrEffectId -1, mCurrMagnitude 0x5fff, mVibraFd 7, timeoutMs 0, mPlayLengthMs 40
09-28 19:53:17.840   874   874 D VibratorService.qti: play Status::OK
09-28 19:53:17.841  2334  2334 V RenderScript: User-backed allocation failed stride requirement, falling back to separate allocation
09-28 19:53:18.252   821  3381 W libperfmgr: Failed to write to node: /dev/stune/top-app/schedtune.prefer_high_cap with value: 1, fd: -1
09-28 19:53:18.252   821  3381 W libperfmgr: Failed to write to node: /proc/sys/kernel/sched_energy_aware with value: 1, fd: -1
09-28 19:53:18.755   821  3381 W libperfmgr: Failed to write to node: /dev/stune/top-app/schedtune.prefer_high_cap with value: 1, fd: -1
09-28 19:53:18.755   821  3381 W libperfmgr: Failed to write to node: /proc/sys/kernel/sched_energy_aware with value: 1, fd: -1
09-28 19:53:18.971  3368  3368 I charge_logger: type=1400 audit(0.0:6985): avc: denied { write } for name="wake_lock" dev="sysfs" ino=20491 scontext=u:r:init:s0 tcontext=u:object_r:sysfs_wake_lock:s0 tclass=file permissive=1
09-28 19:53:18.971  3368  3368 I charge_logger: type=1400 audit(0.0:6986): avc: denied { open } for path="/sys/power/wake_lock" dev="sysfs" ino=20491 scontext=u:r:init:s0 tcontext=u:object_r:sysfs_wake_lock:s0 tclass=file permissive=1
09-28 19:53:19.257   821  3381 W libperfmgr: Failed to write to node: /dev/stune/top-app/schedtune.prefer_high_cap with value: 1, fd: -1
09-28 19:53:19.258   821  3381 W libperfmgr: Failed to write to node: /proc/sys/kernel/sched_energy_aware with value: 1, fd: -1
09-28 19:53:19.251   803   803 I healthd : type=1400 audit(0.0:6987): avc: denied { read } for name="type" dev="sysfs" ino=52566 scontext=u:r:healthd:s0 tcontext=u:object_r:sysfs:s0 tclass=file permissive=1
09-28 19:53:19.251   803   803 I healthd : type=1400 audit(0.0:6988): avc: denied { open } for path="/sys/devices/platform/soc/soc:maxim_ds28e16/power_supply/batt_verify/type" dev="sysfs" ino=52566 scontext=u:r:healthd:s0 tcontext=u:object_r:sysfs:s0 tclass=file permissive=1
09-28 19:53:19.251   803   803 I healthd : type=1400 audit(0.0:6989): avc: denied { getattr } for path="/sys/devices/platform/soc/soc:maxim_ds28e16/power_supply/batt_verify/type" dev="sysfs" ino=52566 scontext=u:r:healthd:s0 tcontext=u:object_r:sysfs:s0 tclass=file permissive=1
09-28 19:53:19.261   813   813 I health@2.0-serv: type=1400 audit(0.0:6990): avc: denied { read } for name="type" dev="sysfs" ino=52566 scontext=u:r:hal_health_default:s0 tcontext=u:object_r:sysfs:s0 tclass=file permissive=1
09-28 19:53:19.261   813   813 I health@2.0-serv: type=1400 audit(0.0:6991): avc: denied { open } for path="/sys/devices/platform/soc/soc:maxim_ds28e16/power_supply/batt_verify/type" dev="sysfs" ino=52566 scontext=u:r:hal_health_default:s0 tcontext=u:object_r:sysfs:s0 tclass=file permissive=1
09-28 19:53:19.443  1559 10804 D ActivityTrigger: ActivityTrigger activityPauseTrigger 
09-28 19:53:19.452  1559  1559 W ActivityManager: Unable to start service Intent { act=android.service.contentcapture.ContentCaptureService cmp=com.google.android.as/com.google.android.apps.miphone.aiai.app.AiAiContentCaptureService } U=0: not found
09-28 19:53:19.452  1559  1559 W RemoteContentCaptureService: could not bind to Intent { act=android.service.contentcapture.ContentCaptureService cmp=com.google.android.as/com.google.android.apps.miphone.aiai.app.AiAiContentCaptureService } using flags 67108865
09-28 19:53:19.465  1559  1749 D GamingModeHelper: onTopAppChanged: com.android.launcher3
09-28 19:53:19.467  1559  1559 W ActivityManager: Unable to start service Intent { act=android.service.contentcapture.ContentCaptureService cmp=com.google.android.as/com.google.android.apps.miphone.aiai.app.AiAiContentCaptureService } U=0: not found
09-28 19:53:19.468  1559  1559 W RemoteContentCaptureService: could not bind to Intent { act=android.service.contentcapture.ContentCaptureService cmp=com.google.android.as/com.google.android.apps.miphone.aiai.app.AiAiContentCaptureService } using flags 67108865
09-28 19:53:19.476  1559  3870 W ActivityManager: Unable to start service Intent { act=com.android.launcher3.WINDOW_OVERLAY dat=app://com.android.launcher3:10164?v=9&cv=14 pkg=com.google.android.googlequicksearchbox } U=0: not found
09-28 19:53:19.478  1559 10394 V AppLockService: setForegroundApp(com.android.launcher3)
09-28 19:53:19.501  2334  2334 D ImageWallpaper: wallpaper visibility changes to: true
09-28 19:53:19.524   935   935 E Layer   : [Surface(name=AppWindowToken{f12a10f token=Token{e80f66e ActivityRecord{10dd9e9 u0 com.android.launcher3/.shady.ShadyLauncher t2}}})/@0x5ad9146 - animation-leash#0] No local sync point found
09-28 19:53:19.524   935   935 E Layer   : [Surface(name=AppWindowToken{45636a2 token=Token{db3ea6d ActivityRecord{b6a3284 u0 com.termux/.app.TermuxActivity t64}}})/@0xc47f820 - animation-leash#0] No local sync point found
09-28 19:53:19.546   935   935 E Layer   : [Surface(name=AppWindowToken{f12a10f token=Token{e80f66e ActivityRecord{10dd9e9 u0 com.android.launcher3/.shady.ShadyLauncher t2}}})/@0x5ad9146 - animation-leash#0] No local sync point found
09-28 19:53:19.546   935   935 E Layer   : [Surface(name=AppWindowToken{45636a2 token=Token{db3ea6d ActivityRecord{b6a3284 u0 com.termux/.app.TermuxActivity t64}}})/@0xc47f820 - animation-leash#0] No local sync point found
09-28 19:53:19.568  1559  1559 W ActivityManager: Unable to start service Intent { act=android.service.contentcapture.ContentCaptureService cmp=com.google.android.as/com.google.android.apps.miphone.aiai.app.AiAiContentCaptureService } U=0: not found
09-28 19:53:19.568  1559  1559 W RemoteContentCaptureService: could not bind to Intent { act=android.service.contentcapture.ContentCaptureService cmp=com.google.android.as/com.google.android.apps.miphone.aiai.app.AiAiContentCaptureService } using flags 67108865
09-28 19:53:19.606  2334  2386 W System  : A resource failed to call destroy. 
09-28 19:53:19.607  2334  2386 I chatty  : uid=10156(com.android.systemui) FinalizerDaemon identical 1 line
09-28 19:53:19.607  2334  2386 W System  : A resource failed to call destroy. 
09-28 19:53:19.758   821  3381 W libperfmgr: Failed to write to node: /dev/stune/top-app/schedtune.prefer_high_cap with value: 1, fd: -1
09-28 19:53:19.759   821  3381 W libperfmgr: Failed to write to node: /proc/sys/kernel/sched_energy_aware with value: 1, fd: -1
09-28 19:53:20.189  1559  3870 W NotificationService: No notification with key: 0|com.termux|1337|null|10223
09-28 19:53:20.259   821  3381 W libperfmgr: Failed to write to node: /dev/stune/top-app/schedtune.prefer_high_cap with value: 1, fd: -1
09-28 19:53:20.259   821  3381 W libperfmgr: Failed to write to node: /proc/sys/kernel/sched_energy_aware with value: 1, fd: -1
09-28 19:53:20.657  1559 10804 W NotificationService: No notification with key: 0|com.termux|1337|null|10223
09-28 19:53:20.760   821  3381 W libperfmgr: Failed to write to node: /dev/stune/top-app/schedtune.prefer_high_cap with value: 1, fd: -1
09-28 19:53:20.760   821  3381 W libperfmgr: Failed to write to node: /proc/sys/kernel/sched_energy_aware with value: 1, fd: -1
09-28 19:53:20.824  1559 13361 W NotificationService: No notification with key: 0|com.termux|1337|null|10223
09-28 19:53:21.082  4013  4013 I chatty  : uid=10184(com.google.android.inputmethod.latin) expire 54 lines
09-28 19:53:21.260   821  3381 W libperfmgr: Failed to write to node: /dev/stune/top-app/schedtune.prefer_high_cap with value: 1, fd: -1
09-28 19:53:21.260   821  3381 W libperfmgr: Failed to write to node: /proc/sys/kernel/sched_energy_aware with value: 1, fd: -1
09-28 19:53:21.351  3368  3368 I charge_logger: type=1400 audit(0.0:6993): avc: denied { read } for name="typec_mode" dev="sysfs" ino=60503 scontext=u:r:init:s0 tcontext=u:object_r:sysfs_usb_supply:s0 tclass=file permissive=1
09-28 19:53:21.351  3368  3368 I charge_logger: type=1400 audit(0.0:6994): avc: denied { open } for path="/sys/devices/platform/soc/c440000.qcom,spmi/spmi-0/spmi0-00/c440000.qcom,spmi:qcom,pm6150@0:qcom,qpnp-smb5/power_supply/usb/typec_mode" dev="sysfs" ino=60503 scontext=u:r:init:s0 tcontext=u:object_r:sysfs_usb_supply:s0 tclass=file permissive=1
09-28 19:53:21.351  3368  3368 I charge_logger: type=1400 audit(0.0:6995): avc: denied { read } for name="charge_full" dev="sysfs" ino=60256 scontext=u:r:init:s0 tcontext=u:object_r:sysfs_battery_supply:s0 tclass=file permissive=1
09-28 19:53:21.351  3368  3368 I charge_logger: type=1400 audit(0.0:6996): avc: denied { open } for path="/sys/devices/platform/soc/c440000.qcom,spmi/spmi-0/spmi0-00/c440000.qcom,spmi:qcom,pm6150@0:qpnp,qg/power_supply/bms/charge_full" dev="sysfs" ino=60256 scontext=u:r:init:s0 tcontext=u:object_r:sysfs_battery_supply:s0 tclass=file permissive=1
09-28 19:53:21.536  1559  1722 I ActivityTaskManager: START u0 {act=android.intent.action.MAIN cat=[android.intent.category.LAUNCHER] flg=0x10200000 cmp=com.whatsapp/.Main bnds=[642,2095][846,2478]} from uid 10164
09-28 19:53:21.547   821   821 D android.hardware.power@1.3-service.xiaomi_sm6250-libperfmgr: LAUNCH: 1
09-28 19:53:21.550   821  3381 W libperfmgr: Failed to write to node: /dev/stune/top-app/schedtune.prefer_high_cap with value: 1, fd: -1
09-28 19:53:21.550   821  3381 W libperfmgr: Failed to write to node: /proc/sys/kernel/sched_energy_aware with value: 0, fd: -1
09-28 19:53:21.550  1559  1722 D ActivityTrigger: ActivityTrigger activityPauseTrigger 
09-28 19:53:21.556  1559  1559 W ActivityManager: Unable to start service Intent { act=android.service.contentcapture.ContentCaptureService cmp=com.google.android.as/com.google.android.apps.miphone.aiai.app.AiAiContentCaptureService } U=0: not found
09-28 19:53:21.556  1559  1559 W RemoteContentCaptureService: could not bind to Intent { act=android.service.contentcapture.ContentCaptureService cmp=com.google.android.as/com.google.android.apps.miphone.aiai.app.AiAiContentCaptureService } using flags 67108865
09-28 19:53:21.558 16448 16448 W ActivityThread: handleWindowVisibility: no activity for token android.os.BinderProxy@98a9c1c
09-28 19:53:21.551   820   820 I stats@1.0-servi: type=1400 audit(0.0:6997): avc: denied { read } for name="stats" dev="sysfs" ino=45208 scontext=u:r:hal_power_stats_default:s0 tcontext=u:object_r:sysfs:s0 tclass=file permissive=1
09-28 19:53:21.569  1559  1749 D GamingModeHelper: onTopAppChanged: com.whatsapp
09-28 19:53:21.581   713   713 I netd    : trafficSwapActiveStatsMap() <0.41ms>
09-28 19:53:21.584   713   713 I netd    : tetherGetStats() <1.45ms>
09-28 19:53:21.584  1559  1559 W ActivityManager: Unable to start service Intent { act=android.service.contentcapture.ContentCaptureService cmp=com.google.android.as/com.google.android.apps.miphone.aiai.app.AiAiContentCaptureService } U=0: not found
09-28 19:53:21.584  1559  1559 W RemoteContentCaptureService: could not bind to Intent { act=android.service.contentcapture.ContentCaptureService cmp=com.google.android.as/com.google.android.apps.miphone.aiai.app.AiAiContentCaptureService } using flags 67108865
09-28 19:53:21.586  1559  1772 D KernelCpuUidUserSysTimeReader: Removing uids 90001-90001
09-28 19:53:21.587  1559  1772 D KernelCpuUidUserSysTimeReader: Removing uids 90004-90004
09-28 19:53:21.591 16448 16448 D AppCompatDelegate: Checking for metadata for AppLocalesMetadataHolderService : Service not found
09-28 19:53:21.620  1559 10804 I ActivityTaskManager: START u0 {cmp=com.whatsapp/.HomeActivity (has extras)} from uid 10189
09-28 19:53:21.623   821   821 D android.hardware.power@1.3-service.xiaomi_sm6250-libperfmgr: LAUNCH: 1
09-28 19:53:21.623   821  3381 W libperfmgr: Failed to write to node: /dev/stune/top-app/schedtune.prefer_high_cap with value: 1, fd: -1
09-28 19:53:21.623   821  3381 W libperfmgr: Failed to write to node: /proc/sys/kernel/sched_energy_aware with value: 0, fd: -1
09-28 19:53:21.624  1559 10804 D ActivityTrigger: ActivityTrigger activityPauseTrigger 
09-28 19:53:21.626  2334  2334 D ImageWallpaper: wallpaper visibility changes to: false
09-28 19:53:21.638  1559  2885 V AppLockService: setForegroundApp(com.whatsapp)
09-28 19:53:21.639  1559  1559 W ActivityManager: Unable to start service Intent { act=android.service.contentcapture.ContentCaptureService cmp=com.google.android.as/com.google.android.apps.miphone.aiai.app.AiAiContentCaptureService } U=0: not found
09-28 19:53:21.639  1559  1559 W RemoteContentCaptureService: could not bind to Intent { act=android.service.contentcapture.ContentCaptureService cmp=com.google.android.as/com.google.android.apps.miphone.aiai.app.AiAiContentCaptureService } using flags 67108865
09-28 19:53:21.643 16448 16448 W ActivityThread: handleWindowVisibility: no activity for token android.os.BinderProxy@5655126
09-28 19:53:21.644  1559  1559 W ActivityManager: Unable to start service Intent { act=android.service.contentcapture.ContentCaptureService cmp=com.google.android.as/com.google.android.apps.miphone.aiai.app.AiAiContentCaptureService } U=0: not found
09-28 19:53:21.644  1559  1559 W RemoteContentCaptureService: could not bind to Intent { act=android.service.contentcapture.ContentCaptureService cmp=com.google.android.as/com.google.android.apps.miphone.aiai.app.AiAiContentCaptureService } using flags 67108865
09-28 19:53:21.656 16448 16448 I AppCompatViewInflater: app:theme is now deprecated. Please move to using android:theme instead.
09-28 19:53:21.720  1559  2885 V AppLockService: setForegroundApp(com.whatsapp)
09-28 19:53:21.776 16448 21211 I AdrenoGLES: QUALCOMM build                   : ed77089, I0c4fc4bb0e
09-28 19:53:21.776 16448 21211 I AdrenoGLES: Build Date                       : 12/24/19
09-28 19:53:21.776 16448 21211 I AdrenoGLES: OpenGL ES Shader Compiler Version: EV031.27.05.03
09-28 19:53:21.776 16448 21211 I AdrenoGLES: Local Branch                     : 
09-28 19:53:21.776 16448 21211 I AdrenoGLES: Remote Branch                    : 
09-28 19:53:21.776 16448 21211 I AdrenoGLES: Remote Branch                    : 
09-28 19:53:21.776 16448 21211 I AdrenoGLES: Reconstruct Branch               : 
09-28 19:53:21.776 16448 21211 I AdrenoGLES: Build Config                     : S P 8.0.12 AArch64
09-28 19:53:21.777 16448 16448 E RecyclerView: No adapter attached; skipping layout
09-28 19:53:21.778 16448 21211 I AdrenoGLES: PFP: 0x016ee187, ME: 0x00000000
09-28 19:53:21.813 16448 16448 W com.whatsapp: Core platform API violation: Ljava/nio/NIOAccess;->getBaseArrayOffset(Ljava/nio/Buffer;)I from Landroid/graphics/Bitmap; using JNI
09-28 19:53:21.813 16448 16448 W com.whatsapp: Core platform API violation: Ljava/nio/NIOAccess;->getBaseArray(Ljava/nio/Buffer;)Ljava/lang/Object; from Landroid/graphics/Bitmap; using JNI
09-28 19:53:21.894 16448 16448 E RecyclerView: No adapter attached; skipping layout
09-28 19:53:21.904   535   535 I hwservicemanager: getTransport: Cannot find entry android.hardware.graphics.mapper@3.0::IMapper/default in either framework or device manifest.
09-28 19:53:21.904 16448 21211 W Gralloc3: mapper 3.x is not supported
09-28 19:53:21.922  1559  1764 I ActivityTaskManager: Displayed com.whatsapp/.HomeActivity: +381ms
09-28 19:53:21.923 16448 16448 E RecyclerView: No adapter attached; skipping layout
09-28 19:53:21.924 16448 16448 W View    : requestLayout() improperly called by androidx.appcompat.widget.ActionMenuView{d2f99e4 V.E...... ......ID 740,0-1080,140} during layout: running second layout pass
09-28 19:53:21.958 16448 16448 W View    : requestLayout() improperly called by androidx.appcompat.widget.ActionMenuView{d2f99e4 V.E...... ......ID 740,0-1080,140} during layout: running second layout pass
09-28 19:53:22.082 16448 16448 W View    : requestLayout() improperly called by androidx.appcompat.widget.ActionMenuView{d2f99e4 V.E...... ......ID 740,0-1080,140} during layout: running second layout pass
09-28 19:53:22.095 16448 16448 E RecyclerView: No adapter attached; skipping layout
09-28 19:53:22.123   821  3381 W libperfmgr: Failed to write to node: /dev/stune/top-app/schedtune.prefer_high_cap with value: 1, fd: -1
09-28 19:53:22.123   821  3381 W libperfmgr: Failed to write to node: /proc/sys/kernel/sched_energy_aware with value: 0, fd: -1
09-28 19:53:22.528   821   821 D android.hardware.power@1.3-service.xiaomi_sm6250-libperfmgr: LAUNCH: 0
09-28 19:53:22.521   821   821 I NodeLooperThrea: type=1400 audit(0.0:7001): avc: denied { write } for name="scaling_min_freq" dev="sysfs" ino=34658 scontext=u:r:hal_power_default:s0 tcontext=u:object_r:sysfs_devices_system_cpu:s0 tclass=file permissive=1
09-28 19:53:22.521   821   821 I NodeLooperThrea: type=1400 audit(0.0:7002): avc: denied { write } for name="force_rail_on" dev="sysfs" ino=45804 scontext=u:r:hal_power_default:s0 tcontext=u:object_r:sysfs_kgsl:s0 tclass=file permissive=1
09-28 19:53:22.530  1559 10804 D ActivityTrigger: ActivityTrigger activityStopTrigger 
09-28 19:53:22.521   821   821 I NodeLooperThrea: type=1400 audit(0.0:7003): avc: denied { open } for path="/sys/devices/platform/soc/5000000.qcom,kgsl-3d0/kgsl/kgsl-3d0/force_rail_on" dev="sysfs" ino=45804 scontext=u:r:hal_power_default:s0 tcontext=u:object_r:sysfs_kgsl:s0 tclass=file permissive=1
09-28 19:53:22.521   821   821 I NodeLooperThrea: type=1400 audit(0.0:7004): avc: denied { search } for name="devfreq" dev="sysfs" ino=40027 scontext=u:r:hal_power_default:s0 tcontext=u:object_r:sysfs_devfreq:s0 tclass=dir permissive=1
09-28 19:53:22.521   821   821 I NodeLooperThrea: type=1400 audit(0.0:7005): avc: denied { write } for name="min_freq" dev="sysfs" ino=53583 scontext=u:r:hal_power_default:s0 tcontext=u:object_r:sysfs_devfreq:s0 tclass=file permissive=1
09-28 19:53:22.531   821  3381 W libperfmgr: Failed to write to node: /dev/stune/top-app/schedtune.prefer_high_cap with value: 1, fd: -1
09-28 19:53:22.531   821  3381 W libperfmgr: Failed to write to node: /proc/sys/kernel/sched_energy_aware with value: 1, fd: -1
09-28 19:53:22.534  1559  1559 W ActivityManager: Unable to start service Intent { act=android.service.contentcapture.ContentCaptureService cmp=com.google.android.as/com.google.android.apps.miphone.aiai.app.AiAiContentCaptureService } U=0: not found
09-28 19:53:22.534  1559  1559 W RemoteContentCaptureService: could not bind to Intent { act=android.service.contentcapture.ContentCaptureService cmp=com.google.android.as/com.google.android.apps.miphone.aiai.app.AiAiContentCaptureService } using flags 67108865
09-28 19:53:22.545  1559  1559 W ActivityManager: Unable to start service Intent { act=android.service.contentcapture.ContentCaptureService cmp=com.google.android.as/com.google.android.apps.miphone.aiai.app.AiAiContentCaptureService } U=0: not found
09-28 19:53:22.546  1559  1559 W RemoteContentCaptureService: could not bind to Intent { act=android.service.contentcapture.ContentCaptureService cmp=com.google.android.as/com.google.android.apps.miphone.aiai.app.AiAiContentCaptureService } using flags 67108865
09-28 19:53:22.665   821   821 D android.hardware.power@1.3-service.xiaomi_sm6250-libperfmgr: LAUNCH: 1
09-28 19:53:22.668   821  3381 W libperfmgr: Failed to write to node: /dev/stune/top-app/schedtune.prefer_high_cap with value: 1, fd: -1
09-28 19:53:22.668   821  3381 W libperfmgr: Failed to write to node: /proc/sys/kernel/sched_energy_aware with value: 0, fd: -1
09-28 19:53:22.670   821   821 D android.hardware.power@1.3-service.xiaomi_sm6250-libperfmgr: LAUNCH: 0
09-28 19:53:22.671   821  3381 W libperfmgr: Failed to write to node: /dev/stune/top-app/schedtune.prefer_high_cap with value: 1, fd: -1
09-28 19:53:22.671   821  3381 W libperfmgr: Failed to write to node: /proc/sys/kernel/sched_energy_aware with value: 1, fd: -1
09-28 19:53:22.673  2334  2334 D ImageWallpaper: wallpaper visibility changes to: true
09-28 19:53:22.678  1559  1559 W ActivityManager: Unable to start service Intent { act=android.service.contentcapture.ContentCaptureService cmp=com.google.android.as/com.google.android.apps.miphone.aiai.app.AiAiContentCaptureService } U=0: not found
09-28 19:53:22.678  1559  1559 W RemoteContentCaptureService: could not bind to Intent { act=android.service.contentcapture.ContentCaptureService cmp=com.google.android.as/com.google.android.apps.miphone.aiai.app.AiAiContentCaptureService } using flags 67108865
09-28 19:53:22.690  1559  1722 W ActivityManager: Unable to start service Intent { act=com.android.launcher3.WINDOW_OVERLAY dat=app://com.android.launcher3:10164?v=9&cv=14 pkg=com.google.android.googlequicksearchbox } U=0: not found
09-28 19:53:22.706   935   935 E Layer   : [Surface(name=AppWindowToken{de3a377 token=Token{1546176 ActivityRecord{a7f6c11 u0 com.whatsapp/.Main t67}}})/@0xfa3ed5f - animation-leash#0] No local sync point found
09-28 19:53:22.706   935   935 E Layer   : [Surface(name=AppWindowToken{de3a377 token=Token{1546176 ActivityRecord{a7f6c11 u0 com.whatsapp/.Main t67}}})/@0xfa3ed5f - animation-leash#0] No local sync point found
09-28 19:53:22.706   935   935 E Layer   : [Surface(name=AppWindowToken{f12a10f token=Token{e80f66e ActivityRecord{10dd9e9 u0 com.android.launcher3/.shady.ShadyLauncher t2}}})/@0x5ad9146 - animation-leash#0] No local sync point found
09-28 19:53:22.724  1559  1745 D AutofillManagerService: Close system dialogs
09-28 19:53:22.706   935   935 E Layer   : [Surface(name=AppWindowToken{f12a10f token=Token{e80f66e ActivityRecord{10dd9e9 u0 com.android.launcher3/.shady.ShadyLauncher t2}}})/@0x5ad9146 - animation-leash#0] No local sync point found
09-28 19:53:22.757   874   874 D VibratorService.qti: play mCurrEffectId -1, mCurrMagnitude 0x5fff, mVibraFd 7, timeoutMs 0, mPlayLengthMs 0
09-28 19:53:22.757   874   874 D VibratorService.qti: play Status::OK
09-28 19:53:22.758   874   874 D VibratorService.qti: perform effect 0, es 1
09-28 19:53:22.758   874   874 D VibratorService.qti: play mCurrEffectId 0, mCurrMagnitude 0x5fff, mVibraFd 7, timeoutMs -1, mPlayLengthMs 0
09-28 19:53:22.758   874   874 D VibratorService.qti: play mCurrAppId 0, mPlayLengthMs 40, data: 0 0 40
09-28 19:53:22.758   874   874 D VibratorService.qti: play Status::OK
09-28 19:53:22.798   874   874 D VibratorService.qti: play mCurrEffectId -1, mCurrMagnitude 0x5fff, mVibraFd 7, timeoutMs 0, mPlayLengthMs 40
09-28 19:53:22.798   874   874 D VibratorService.qti: play Status::OK
09-28 19:53:22.885  1559  1717 I system_server: NativeAlloc concurrent copying GC freed 1122969(46MB) AllocSpace objects, 270(10MB) LOS objects, 75% free, 22MB/88MB, paused 89us total 100.700ms
09-28 19:53:22.934  1559  1719 W System  : A resource failed to call release. 
09-28 19:53:22.962  1559  1719 I chatty  : uid=1000(system) FinalizerDaemon identical 34 lines
09-28 19:53:22.962  1559  1719 W System  : A resource failed to call release. 
09-28 19:53:23.030  1559  2885 D ActivityTrigger: ActivityTrigger activityPauseTrigger 
09-28 19:53:23.040  1559 10804 V AppLockService: setForegroundApp(com.android.launcher3)
09-28 19:53:23.052  1559  1749 D GamingModeHelper: onTopAppChanged: com.android.launcher3
09-28 19:53:23.066  1559  1559 W ActivityManager: Unable to start service Intent { act=android.service.contentcapture.ContentCaptureService cmp=com.google.android.as/com.google.android.apps.miphone.aiai.app.AiAiContentCaptureService } U=0: not found
09-28 19:53:23.066  1559  1559 W RemoteContentCaptureService: could not bind to Intent { act=android.service.contentcapture.ContentCaptureService cmp=com.google.android.as/com.google.android.apps.miphone.aiai.app.AiAiContentCaptureService } using flags 67108865
09-28 19:53:23.068  1559  1749 D ActivityTrigger: ActivityTrigger activityStopTrigger 
09-28 19:53:23.068  1559  1559 W ActivityManager: Unable to start service Intent { act=android.service.contentcapture.ContentCaptureService cmp=com.google.android.as/com.google.android.apps.miphone.aiai.app.AiAiContentCaptureService } U=0: not found
09-28 19:53:23.069  1559  1559 W RemoteContentCaptureService: could not bind to Intent { act=android.service.contentcapture.ContentCaptureService cmp=com.google.android.as/com.google.android.apps.miphone.aiai.app.AiAiContentCaptureService } using flags 67108865
09-28 19:53:23.124  1559  1559 W ActivityManager: Unable to start service Intent { act=android.service.contentcapture.ContentCaptureService cmp=com.google.android.as/com.google.android.apps.miphone.aiai.app.AiAiContentCaptureService } U=0: not found
09-28 19:53:23.124  1559  1559 W RemoteContentCaptureService: could not bind to Intent { act=android.service.contentcapture.ContentCaptureService cmp=com.google.android.as/com.google.android.apps.miphone.aiai.app.AiAiContentCaptureService } using flags 67108865
09-28 19:53:23.172   821  3381 W libperfmgr: Failed to write to node: /dev/stune/top-app/schedtune.prefer_high_cap with value: 1, fd: -1
09-28 19:53:23.172   821  3381 W libperfmgr: Failed to write to node: /proc/sys/kernel/sched_energy_aware with value: 1, fd: -1
09-28 19:53:23.656  1559  1722 I ActivityManager: Killing 16448:com.whatsapp/u0a189 (adj 1001): remove task
09-28 19:53:23.662  1559  1559 W ActivityManager: Unable to start service Intent { act=android.service.contentcapture.ContentCaptureService cmp=com.google.android.as/com.google.android.apps.miphone.aiai.app.AiAiContentCaptureService } U=0: not found
09-28 19:53:23.662  1559  1559 W RemoteContentCaptureService: could not bind to Intent { act=android.service.contentcapture.ContentCaptureService cmp=com.google.android.as/com.google.android.apps.miphone.aiai.app.AiAiContentCaptureService } using flags 67108865
09-28 19:53:23.673   821  3381 W libperfmgr: Failed to write to node: /dev/stune/top-app/schedtune.prefer_high_cap with value: 1, fd: -1
09-28 19:53:23.673   821  3381 W libperfmgr: Failed to write to node: /proc/sys/kernel/sched_energy_aware with value: 1, fd: -1
09-28 19:53:23.695  1559  1722 D ConnectivityService: ConnectivityService NetworkRequestInfo binderDied(NetworkRequest [ TRACK_DEFAULT id=98, [ Capabilities: INTERNET&NOT_RESTRICTED&TRUSTED Uid: 10189] ], android.os.BinderProxy@ae2028)
09-28 19:53:23.696  1559 13361 W ActivityManager: Scheduling restart of crashed service com.whatsapp/.messaging.MessageService in 1000ms
09-28 19:53:23.698   714   714 I Zygote  : Process 16448 exited due to signal 9 (Killed)
09-28 19:53:23.699  1559  1749 W ActivityManager: setHasOverlayUi called on unknown pid: 16448
09-28 19:53:23.726  1559  1767 I libprocessgroup: Successfully killed process cgroup uid 10189 pid 16448 in 67ms
09-28 19:53:23.981  3368  3368 I charge_logger: type=1400 audit(0.0:7009): avc: denied { write } for name="wake_lock" dev="sysfs" ino=20491 scontext=u:r:init:s0 tcontext=u:object_r:sysfs_wake_lock:s0 tclass=file permissive=1
09-28 19:53:23.981  3368  3368 I charge_logger: type=1400 audit(0.0:7010): avc: denied { open } for path="/sys/power/wake_lock" dev="sysfs" ino=20491 scontext=u:r:init:s0 tcontext=u:object_r:sysfs_wake_lock:s0 tclass=file permissive=1
09-28 19:53:24.168  1559  1749 I ActivityManager: Killing 17680:com.termux/u0a223 (adj 900): remove task
09-28 19:53:24.173   821  3381 W libperfmgr: Failed to write to node: /dev/stune/top-app/schedtune.prefer_high_cap with value: 1, fd: -1
09-28 19:53:24.174   821  3381 W libperfmgr: Failed to write to node: /proc/sys/kernel/sched_energy_aware with value: 1, fd: -1
09-28 19:53:24.232   714   714 I Zygote  : Process 17680 exited due to signal 9 (Killed)
09-28 19:53:24.235  1559  1749 W ActivityManager: setHasOverlayUi called on unknown pid: 17680
09-28 19:53:24.238  1559  1767 I libprocessgroup: Successfully killed process cgroup uid 10223 pid 17680 in 69ms
09-28 19:53:24.675   821  3381 W libperfmgr: Failed to write to node: /dev/stune/top-app/schedtune.prefer_high_cap with value: 1, fd: -1
09-28 19:53:24.675   821  3381 W libperfmgr: Failed to write to node: /proc/sys/kernel/sched_energy_aware with value: 1, fd: -1
09-28 19:53:24.730   714   714 D Zygote  : Forked child process 21235
09-28 19:53:24.734  1559  1766 I ActivityManager: Start proc 21235:com.whatsapp/u0a189 for service {com.whatsapp/com.whatsapp.messaging.MessageService}
09-28 19:53:24.802  1559  1749 I ActivityManager: Killing 19832:jackpal.androidterm/u0a224 (adj 900): remove task
09-28 19:53:24.836   716   716 I Zygote  : Process 19832 exited due to signal 9 (Killed)
09-28 19:53:24.846  1559  2631 W ActivityManager: Stopping service due to app idle: u0a189 -10m58s697ms com.whatsapp/.messaging.MessageService
09-28 19:53:24.846  1559  1749 W ActivityManager: setHasOverlayUi called on unknown pid: 19832
09-28 19:53:24.855  1404 21236 I KSUHide : proc_monitor: unmount pkg=[com.whatsapp] PID=[21235] UID=[10189]
09-28 19:53:24.866  1559  1767 I libprocessgroup: Successfully killed process cgroup uid 10224 pid 19832 in 63ms
09-28 19:53:24.868 21235 21235 E com.whatsapp: Not starting debugger since process cannot load the jdwp agent.
09-28 19:53:24.880 21235 21235 W com.whatsapp: Core platform API violation: Ljava/lang/Class;->accessFlags:I from Lcom/android/internal/os/Zygote; using JNI
09-28 19:53:24.880 21235 21235 W com.whatsapp: Core platform API violation: Ldalvik/system/DexFile;-><init>([Ljava/nio/ByteBuffer;Ljava/lang/ClassLoader;[Ldalvik/system/DexPathList$Element;)V from Lcom/android/internal/os/Zygote; using JNI
09-28 19:53:24.880 21235 21235 W com.whatsapp: Core platform API violation: Ljava/lang/reflect/Executable;->artMethod:J from Lcom/android/internal/os/Zygote; using JNI
09-28 19:53:24.881 21235 21235 W com.whatsapp: Core platform API violation: Ljava/lang/reflect/Executable;->accessFlags:I from Lcom/android/internal/os/Zygote; using JNI
09-28 19:53:24.905 21235 21235 W com.whatsapp: Core platform API violation: Ldalvik/system/VMRuntime;->isJavaDebuggable()Z from Lcom/android/internal/os/Zygote; using JNI
09-28 19:53:24.905 21235 21235 W com.whatsapp: Core platform API violation: Ldalvik/system/BaseDexClassLoader;->pathList:Ldalvik/system/DexPathList; from Lcom/android/internal/os/Zygote; using JNI
09-28 19:53:24.905 21235 21235 W com.whatsapp: Core platform API violation: Ldalvik/system/DexPathList;->dexElements:[Ldalvik/system/DexPathList$Element; from Lcom/android/internal/os/Zygote; using JNI
09-28 19:53:24.905 21235 21235 W com.whatsapp: Core platform API violation: Ldalvik/system/DexPathList$Element;->dexFile:Ldalvik/system/DexFile; from Lcom/android/internal/os/Zygote; using JNI
09-28 19:53:24.905 21235 21235 W com.whatsapp: Core platform API violation: Ldalvik/system/DexFile;->mCookie:Ljava/lang/Object; from Lcom/android/internal/os/Zygote; using JNI
09-28 19:53:24.918 21235 21235 I LSPosed : Loading xposed for com.whatsapp/10189
09-28 19:53:24.919 21235 21235 W System  : ClassLoader referenced unknown path: 
09-28 19:53:24.922 21235 21235 I chatty  : uid=10189(com.whatsapp) identical 8 lines
09-28 19:53:24.923 21235 21235 W System  : ClassLoader referenced unknown path: 
09-28 19:53:24.927 21235 21235 I LSPosed-Bridge: Loading legacy module es.chiteroman.bootloaderspoofer from /data/app/es.chiteroman.bootloaderspoofer-1iNItfnCxJnPAWXlG8Anqg==/base.apk
09-28 19:53:24.929 21235 21235 W com.whatsapp: Unsupported class loader
09-28 19:53:24.929 21235 21235 W com.whatsapp: Could not establish class loader context
09-28 19:53:24.930 21235 21235 I LSPosed-Bridge:   Loading class es.chiteroman.bootloaderspoofer.Xposed
09-28 19:53:24.965 21235 21235 W com.whatsapp: Core platform API violation: Ljava/lang/reflect/Field;->accessFlags:I from Landroid/os/Build; using reflection
09-28 19:53:24.990 21235 21235 I com.whatsapp: The ClassLoaderContext is a special shared library.
09-28 19:53:25.010 21235 21235 W System  : ClassLoader referenced unknown path: 
09-28 19:53:25.021 21235 21235 W System  : ClassLoader referenced unknown path: 
09-28 19:53:25.072 21235 21235 I FirebaseApp: Device unlocked: initializing all Firebase APIs for app [DEFAULT]
09-28 19:53:25.084 21235 21235 I FirebaseInitProvider: FirebaseApp initialization successful
09-28 19:53:25.146 21235 21235 I ProcessNameUtil: getMyProcessName
09-28 19:53:25.147 21235 21235 I ProcessNameUtil: isSecondaryProcess/process name: com.whatsapp/processing time: 0 ms
09-28 19:53:25.176   821  3381 W libperfmgr: Failed to write to node: /dev/stune/top-app/schedtune.prefer_high_cap with value: 1, fd: -1
09-28 19:53:25.176   821  3381 W libperfmgr: Failed to write to node: /proc/sys/kernel/sched_energy_aware with value: 1, fd: -1
09-28 19:53:25.191 21235 21235 V fb-UnpackingSoSource: locked dso store /data/user/0/com.whatsapp/lib-main
09-28 19:53:25.193 21235 21235 I fb-UnpackingSoSource: dso store is up-to-date: /data/user/0/com.whatsapp/lib-main
09-28 19:53:25.193 21235 21235 V fb-UnpackingSoSource: releasing dso store lock for /data/user/0/com.whatsapp/lib-main
09-28 19:53:25.193 21235 21235 V SoLoader: Init SoLoader delegate
09-28 19:53:25.195 21235 21235 D SoLoader: libwa_log.so found on /data/data/com.whatsapp/files/decompressed/libs.spo
09-28 19:53:25.199 21235 21235 D SoLoader: Loading libwa_log.so's dependencies: [liblog.so, libc++_shared.so, libm.so, libdl.so, libc.so]
09-28 19:53:25.199 21235 21235 V SoLoader: liblog.so not found on /data/data/com.whatsapp/files/decompressed/libs.spo
09-28 19:53:25.200 21235 21235 V SoLoader: liblog.so not found on /data/data/com.whatsapp/lib-main
09-28 19:53:25.200 21235 21235 V SoLoader: liblog.so not found on /data/app/com.whatsapp-lSNXpbIegxS8zk14au8aTA==/lib/arm64
09-28 19:53:25.200 21235 21235 D SoLoader: liblog.so found on /system/lib64
09-28 19:53:25.200 21235 21235 D SoLoader: liblog.so loaded implicitly
09-28 19:53:25.200 21235 21235 D SoLoader: libc++_shared.so found on /data/data/com.whatsapp/files/decompressed/libs.spo
09-28 19:53:25.202 21235 21235 D SoLoader: Loading libc++_shared.so's dependencies: [libc.so, libdl.so]
09-28 19:53:25.203 21235 21235 V SoLoader: libc.so not found on /data/data/com.whatsapp/files/decompressed/libs.spo
09-28 19:53:25.203 21235 21235 V SoLoader: libc.so not found on /data/data/com.whatsapp/lib-main
09-28 19:53:25.203 21235 21235 V SoLoader: libc.so not found on /data/app/com.whatsapp-lSNXpbIegxS8zk14au8aTA==/lib/arm64
09-28 19:53:25.203 21235 21235 D SoLoader: libc.so found on /system/lib64
09-28 19:53:25.203 21235 21235 D SoLoader: libc.so loaded implicitly
09-28 19:53:25.203 21235 21235 V SoLoader: libdl.so not found on /data/data/com.whatsapp/files/decompressed/libs.spo
09-28 19:53:25.203 21235 21235 V SoLoader: libdl.so not found on /data/data/com.whatsapp/lib-main
09-28 19:53:25.204 21235 21235 V SoLoader: libdl.so not found on /data/app/com.whatsapp-lSNXpbIegxS8zk14au8aTA==/lib/arm64
09-28 19:53:25.204 21235 21235 D SoLoader: libdl.so found on /system/lib64
09-28 19:53:25.204 21235 21235 D SoLoader: libdl.so loaded implicitly
09-28 19:53:25.206 21235 21235 W linker  : Warning: "/data/data/com.whatsapp/files/decompressed/libs.spo/libc++_shared.so" unused DT entry: unknown processor-specific (type 0x70000001 arg 0x0) (ignoring)
09-28 19:53:25.191 21235 21235 W com.whatsapp: type=1400 audit(0.0:7011): avc: granted { execute } for path="/data/data/com.whatsapp/files/decompressed/libs.spo/libc++_shared.so" dev="sda18" ino=10845 scontext=u:r:untrusted_app:s0:c189,c256,c512,c768 tcontext=u:object_r:app_data_file:s0:c189,c256,c512,c768 tclass=file app=com.whatsapp
09-28 19:53:25.209 21235 21235 V SoLoader: libm.so not found on /data/data/com.whatsapp/files/decompressed/libs.spo
09-28 19:53:25.209 21235 21235 V SoLoader: libm.so not found on /data/data/com.whatsapp/lib-main
09-28 19:53:25.209 21235 21235 V SoLoader: libm.so not found on /data/app/com.whatsapp-lSNXpbIegxS8zk14au8aTA==/lib/arm64
09-28 19:53:25.209 21235 21235 D SoLoader: libm.so found on /system/lib64
09-28 19:53:25.209 21235 21235 D SoLoader: libm.so loaded implicitly
09-28 19:53:25.211 21235 21235 D SoLoader: libessential.so found on /data/data/com.whatsapp/files/decompressed/libs.spo
09-28 19:53:25.201 21235 21235 W com.whatsapp: type=1400 audit(0.0:7012): avc: granted { execute } for path="/data/data/com.whatsapp/files/decompressed/libs.spo/libwa_log.so" dev="sda18" ino=10376 scontext=u:r:untrusted_app:s0:c189,c256,c512,c768 tcontext=u:object_r:app_data_file:s0:c189,c256,c512,c768 tclass=file app=com.whatsapp
09-28 19:53:25.214 21235 21235 D SoLoader: Loading libessential.so's dependencies: [liblog.so, libwa_log.so, libc++_shared.so, libm.so, libdl.so, libc.so]
09-28 19:53:25.216 21235 21235 D SigquitBasedANRDetector: Registered
09-28 19:53:25.201 21235 21235 W com.whatsapp: type=1400 audit(0.0:7013): avc: granted { execute } for path="/data/data/com.whatsapp/files/decompressed/libs.spo/libessential.so" dev="sda18" ino=10375 scontext=u:r:untrusted_app:s0:c189,c256,c512,c768 tcontext=u:object_r:app_data_file:s0:c189,c256,c512,c768 tclass=file app=com.whatsapp
09-28 19:53:25.233 21235 21235 D SigquitBasedANRDetector: Initialized
09-28 19:53:25.240 21235 21235 I SigquitBasedANRDetector: Function PaletteWriteCrashThreadStacks hooked with result=0
09-28 19:53:25.240 21235 21235 D SigquitBasedANRDetector: Detector started
09-28 19:53:25.231 21235 21235 W com.whatsapp: type=1400 audit(0.0:7014): avc: granted { execute } for path="/data/data/com.whatsapp/files/decompressed/libs.spo/libvlc.so" dev="sda18" ino=10392 scontext=u:r:untrusted_app:s0:c189,c256,c512,c768 tcontext=u:object_r:app_data_file:s0:c189,c256,c512,c768 tclass=file app=com.whatsapp
09-28 19:53:25.242 21235 21235 D SoLoader: libvlc.so found on /data/data/com.whatsapp/files/decompressed/libs.spo
09-28 19:53:25.244 21235 21235 D SoLoader: Loading libvlc.so's dependencies: [libwa_log.so, libc++_shared.so, libm.so, libdl.so, libc.so]
09-28 19:53:25.246 21235 21235 D SoLoader: libwhatsapp.so found on /data/data/com.whatsapp/files/decompressed/libs.spo
09-28 19:53:25.247 21235 21235 D SoLoader: Loading libwhatsapp.so's dependencies: [libGLESv2.so, libjnigraphics.so, libessential.so, libvlc.so, libaom.so, liblog.so, libz.so, libOpenSLES.so, libwa_log.so, libc++_shared.so, libm.so, libdl.so, libc.so]
09-28 19:53:25.248 21235 21235 V SoLoader: libGLESv2.so not found on /data/data/com.whatsapp/files/decompressed/libs.spo
09-28 19:53:25.241 21235 21235 W com.whatsapp: type=1400 audit(0.0:7015): avc: granted { execute } for path="/data/data/com.whatsapp/files/decompressed/libs.spo/libaom.so" dev="sda18" ino=12271 scontext=u:r:untrusted_app:s0:c189,c256,c512,c768 tcontext=u:object_r:app_data_file:s0:c189,c256,c512,c768 tclass=file app=com.whatsapp
09-28 19:53:25.248 21235 21235 V SoLoader: libGLESv2.so not found on /data/data/com.whatsapp/lib-main
09-28 19:53:25.248 21235 21235 V SoLoader: libGLESv2.so not found on /data/app/com.whatsapp-lSNXpbIegxS8zk14au8aTA==/lib/arm64
09-28 19:53:25.248 21235 21235 D SoLoader: libGLESv2.so found on /system/lib64
09-28 19:53:25.248 21235 21235 D SoLoader: libGLESv2.so loaded implicitly
09-28 19:53:25.248 21235 21235 V SoLoader: libjnigraphics.so not found on /data/data/com.whatsapp/files/decompressed/libs.spo
